Archive member included to satisfy reference by file (symbol)

/home/arashamf/soft/ARM_toolchains/gcc-arm-none-eabi-10.3-2021.10/bin/../lib/gcc/arm-none-eabi/10.3.1/../../../../arm-none-eabi/lib/thumb/v7-m/nofp/libc_nano.a(lib_a-errno.o)
                              build/sysmem.o (__errno)
/home/arashamf/soft/ARM_toolchains/gcc-arm-none-eabi-10.3-2021.10/bin/../lib/gcc/arm-none-eabi/10.3.1/../../../../arm-none-eabi/lib/thumb/v7-m/nofp/libc_nano.a(lib_a-exit.o)
                              /home/arashamf/soft/ARM_toolchains/gcc-arm-none-eabi-10.3-2021.10/bin/../lib/gcc/arm-none-eabi/10.3.1/../../../../arm-none-eabi/lib/thumb/v7-m/nofp/crt0.o (exit)
/home/arashamf/soft/ARM_toolchains/gcc-arm-none-eabi-10.3-2021.10/bin/../lib/gcc/arm-none-eabi/10.3.1/../../../../arm-none-eabi/lib/thumb/v7-m/nofp/libc_nano.a(lib_a-impure.o)
                              /home/arashamf/soft/ARM_toolchains/gcc-arm-none-eabi-10.3-2021.10/bin/../lib/gcc/arm-none-eabi/10.3.1/../../../../arm-none-eabi/lib/thumb/v7-m/nofp/libc_nano.a(lib_a-exit.o) (_global_impure_ptr)
/home/arashamf/soft/ARM_toolchains/gcc-arm-none-eabi-10.3-2021.10/bin/../lib/gcc/arm-none-eabi/10.3.1/../../../../arm-none-eabi/lib/thumb/v7-m/nofp/libc_nano.a(lib_a-init.o)
                              /home/arashamf/soft/ARM_toolchains/gcc-arm-none-eabi-10.3-2021.10/bin/../lib/gcc/arm-none-eabi/10.3.1/../../../../arm-none-eabi/lib/thumb/v7-m/nofp/crt0.o (__libc_init_array)
/home/arashamf/soft/ARM_toolchains/gcc-arm-none-eabi-10.3-2021.10/bin/../lib/gcc/arm-none-eabi/10.3.1/../../../../arm-none-eabi/lib/thumb/v7-m/nofp/libc_nano.a(lib_a-memset.o)
                              /home/arashamf/soft/ARM_toolchains/gcc-arm-none-eabi-10.3-2021.10/bin/../lib/gcc/arm-none-eabi/10.3.1/../../../../arm-none-eabi/lib/thumb/v7-m/nofp/crt0.o (memset)
/home/arashamf/soft/ARM_toolchains/gcc-arm-none-eabi-10.3-2021.10/bin/../lib/gcc/arm-none-eabi/10.3.1/../../../../arm-none-eabi/lib/thumb/v7-m/nofp/libc_nano.a(lib_a-snprintf.o)
                              build/ssd1306.o (snprintf)
/home/arashamf/soft/ARM_toolchains/gcc-arm-none-eabi-10.3-2021.10/bin/../lib/gcc/arm-none-eabi/10.3.1/../../../../arm-none-eabi/lib/thumb/v7-m/nofp/libc_nano.a(lib_a-strlen.o)
                              build/fonts.o (strlen)
/home/arashamf/soft/ARM_toolchains/gcc-arm-none-eabi-10.3-2021.10/bin/../lib/gcc/arm-none-eabi/10.3.1/../../../../arm-none-eabi/lib/thumb/v7-m/nofp/libc_nano.a(lib_a-nano-svfprintf.o)
                              /home/arashamf/soft/ARM_toolchains/gcc-arm-none-eabi-10.3-2021.10/bin/../lib/gcc/arm-none-eabi/10.3.1/../../../../arm-none-eabi/lib/thumb/v7-m/nofp/libc_nano.a(lib_a-snprintf.o) (_svfprintf_r)
/home/arashamf/soft/ARM_toolchains/gcc-arm-none-eabi-10.3-2021.10/bin/../lib/gcc/arm-none-eabi/10.3.1/../../../../arm-none-eabi/lib/thumb/v7-m/nofp/libc_nano.a(lib_a-nano-vfprintf_i.o)
                              /home/arashamf/soft/ARM_toolchains/gcc-arm-none-eabi-10.3-2021.10/bin/../lib/gcc/arm-none-eabi/10.3.1/../../../../arm-none-eabi/lib/thumb/v7-m/nofp/libc_nano.a(lib_a-nano-svfprintf.o) (_printf_i)
/home/arashamf/soft/ARM_toolchains/gcc-arm-none-eabi-10.3-2021.10/bin/../lib/gcc/arm-none-eabi/10.3.1/../../../../arm-none-eabi/lib/thumb/v7-m/nofp/libc_nano.a(lib_a-memchr-stub.o)
                              /home/arashamf/soft/ARM_toolchains/gcc-arm-none-eabi-10.3-2021.10/bin/../lib/gcc/arm-none-eabi/10.3.1/../../../../arm-none-eabi/lib/thumb/v7-m/nofp/libc_nano.a(lib_a-nano-svfprintf.o) (memchr)
/home/arashamf/soft/ARM_toolchains/gcc-arm-none-eabi-10.3-2021.10/bin/../lib/gcc/arm-none-eabi/10.3.1/../../../../arm-none-eabi/lib/thumb/v7-m/nofp/libc_nano.a(lib_a-memcpy-stub.o)
                              /home/arashamf/soft/ARM_toolchains/gcc-arm-none-eabi-10.3-2021.10/bin/../lib/gcc/arm-none-eabi/10.3.1/../../../../arm-none-eabi/lib/thumb/v7-m/nofp/libc_nano.a(lib_a-nano-svfprintf.o) (memcpy)
/home/arashamf/soft/ARM_toolchains/gcc-arm-none-eabi-10.3-2021.10/bin/../lib/gcc/arm-none-eabi/10.3.1/../../../../arm-none-eabi/lib/thumb/v7-m/nofp/libc_nano.a(lib_a-memmove.o)
                              /home/arashamf/soft/ARM_toolchains/gcc-arm-none-eabi-10.3-2021.10/bin/../lib/gcc/arm-none-eabi/10.3.1/../../../../arm-none-eabi/lib/thumb/v7-m/nofp/libc_nano.a(lib_a-nano-svfprintf.o) (memmove)
/home/arashamf/soft/ARM_toolchains/gcc-arm-none-eabi-10.3-2021.10/bin/../lib/gcc/arm-none-eabi/10.3.1/../../../../arm-none-eabi/lib/thumb/v7-m/nofp/libc_nano.a(lib_a-nano-freer.o)
                              /home/arashamf/soft/ARM_toolchains/gcc-arm-none-eabi-10.3-2021.10/bin/../lib/gcc/arm-none-eabi/10.3.1/../../../../arm-none-eabi/lib/thumb/v7-m/nofp/libc_nano.a(lib_a-nano-svfprintf.o) (_free_r)
/home/arashamf/soft/ARM_toolchains/gcc-arm-none-eabi-10.3-2021.10/bin/../lib/gcc/arm-none-eabi/10.3.1/../../../../arm-none-eabi/lib/thumb/v7-m/nofp/libc_nano.a(lib_a-nano-mallocr.o)
[...]
Memory Configuration

Name             Origin             Length             Attributes
RAM              0x0000000020000000 0x0000000000010000 xrw
FLASH            0x0000000008000000 0x0000000000020000 xr
*default*        0x0000000000000000 0xffffffffffffffff

Linker script and memory map

LOAD /home/arashamf/soft/ARM_toolchains/gcc-arm-none-eabi-10.3-2021.10/bin/../lib/gcc/arm-none-eabi/10.3.1/thumb/v7-m/nofp/crti.o
LOAD /home/arashamf/soft/ARM_toolchains/gcc-arm-none-eabi-10.3-2021.10/bin/../lib/gcc/arm-none-eabi/10.3.1/thumb/v7-m/nofp/crtbegin.o
LOAD /home/arashamf/soft/ARM_toolchains/gcc-arm-none-eabi-10.3-2021.10/bin/../lib/gcc/arm-none-eabi/10.3.1/../../../../arm-none-eabi/lib/thumb/v7-m/nofp/crt0.o
LOAD build/main.o
LOAD build/button.o
LOAD build/calc_value.o
LOAD build/drive.o
LOAD build/gpio.o
LOAD build/dma.o
LOAD build/eeprom.o
LOAD build/encoder.o
LOAD build/i2c.o
LOAD build/iwdg.o
LOAD build/spi.o
LOAD build/tim.o
LOAD build/usart.o
LOAD build/stm32f1xx_it.o
LOAD build/stm32f1xx_ll_gpio.o
LOAD build/stm32f1xx_ll_dma.o
LOAD build/stm32f1xx_ll_i2c.o
LOAD build/stm32f1xx_ll_rcc.o
LOAD build/stm32f1xx_ll_utils.o
LOAD build/stm32f1xx_ll_exti.o
LOAD build/stm32f1xx_ll_spi.o
LOAD build/stm32f1xx_ll_tim.o
LOAD build/stm32f1xx_ll_usart.o
LOAD build/system_stm32f1xx.o
LOAD build/sysmem.o
LOAD build/syscalls.o
LOAD build/fonts.o
LOAD build/menu.o
LOAD build/ssd1306.o
LOAD build/ssd1306_interface.o
LOAD build/stm32f1xx_ll_pwr.o
LOAD build/startup_stm32f105xc.o
LOAD /home/arashamf/soft/ARM_toolchains/gcc-arm-none-eabi-10.3-2021.10/bin/../lib/gcc/arm-none-eabi/10.3.1/../../../../arm-none-eabi/lib/thumb/v7-m/nofp/libc_nano.a
LOAD /home/arashamf/soft/ARM_toolchains/gcc-arm-none-eabi-10.3-2021.10/bin/../lib/gcc/arm-none-eabi/10.3.1/../../../../arm-none-eabi/lib/thumb/v7-m/nofp/libm.a
LOAD /home/arashamf/soft/ARM_toolchains/gcc-arm-none-eabi-10.3-2021.10/bin/../lib/gcc/arm-none-eabi/10.3.1/../../../../arm-none-eabi/lib/thumb/v7-m/nofp/libnosys.a
START GROUP
LOAD /home/arashamf/soft/ARM_toolchains/gcc-arm-none-eabi-10.3-2021.10/bin/../lib/gcc/arm-none-eabi/10.3.1/thumb/v7-m/nofp/libgcc.a
LOAD /home/arashamf/soft/ARM_toolchains/gcc-arm-none-eabi-10.3-2021.10/bin/../lib/gcc/arm-none-eabi/10.3.1/../../../../arm-none-eabi/lib/thumb/v7-m/nofp/libc_nano.a
END GROUP
START GROUP
LOAD /home/arashamf/soft/ARM_toolchains/gcc-arm-none-eabi-10.3-2021.10/bin/../lib/gcc/arm-none-eabi/10.3.1/thumb/v7-m/nofp/libgcc.a
LOAD /home/arashamf/soft/ARM_toolchains/gcc-arm-none-eabi-10.3-2021.10/bin/../lib/gcc/arm-none-eabi/10.3.1/../../../../arm-none-eabi/lib/thumb/v7-m/nofp/libc_nano.a
END GROUP
LOAD /home/arashamf/soft/ARM_toolchains/gcc-arm-none-eabi-10.3-2021.10/bin/../lib/gcc/arm-none-eabi/10.3.1/thumb/v7-m/nofp/crtend.o
LOAD /home/arashamf/soft/ARM_toolchains/gcc-arm-none-eabi-10.3-2021.10/bin/../lib/gcc/arm-none-eabi/10.3.1/thumb/v7-m/nofp/crtn.o
                0x0000000020010000                _estack = (ORIGIN (RAM) + LENGTH (RAM))
                0x0000000000000400                _Min_Heap_Size = 0x400
                0x0000000000001000                _Min_Stack_Size = 0x1000

.isr_vector     0x0000000008000000      0x1e4
                0x0000000008000000                . = ALIGN (0x4)
 *(.isr_vector)
 .isr_vector    0x0000000008000000      0x1e4 build/startup_stm32f105xc.o
                0x0000000008000000                g_pfnVectors
                0x00000000080001e4                . = ALIGN (0x4)

.text           0x00000000080001e4     0x3804
                0x00000000080001e4                . = ALIGN (0x4)
 *(.text)
 .text          0x00000000080001e4       0x40 /home/arashamf/soft/ARM_toolchains/gcc-arm-none-eabi-10.3-2021.10/bin/../lib/gcc/arm-none-eabi/10.3.1/thumb/v7-m/nofp/crtbegin.o
 *(.text*)
 .text.SystemClock_Config
                0x0000000008000224       0xb0 build/main.o
                0x0000000008000224                SystemClock_Config
 .text.init_preset_struct
                0x00000000080002d4       0x24 build/main.o
                0x00000000080002d4                init_preset_struct
 .text.main     0x00000000080002f8       0xe4 build/main.o
                0x00000000080002f8                main
 .text.scan_buttons_GPIO
                0x00000000080003dc       0xb0 build/button.o
 .text.start_scan_key_PEDAL
                0x000000000800048c      0x100 build/button.o
                0x000000000800048c                start_scan_key_PEDAL
 .text.scan_keys
                0x000000000800058c      0x1bc build/button.o
                0x000000000800058c                scan_keys
 .text.scan_button_PEDAL
                0x0000000008000748       0x18 build/button.o
                0x0000000008000748                scan_button_PEDAL
 .text.ButtonBounceCallback
                0x0000000008000760        0xc build/button.o
                0x0000000008000760                ButtonBounceCallback
 .text.calc_rotation_speed
                0x000000000800076c       0x1c build/calc_value.o
                0x000000000800076c                calc_rotation_speed
 .text.init_drive2_setting
                0x0000000008000788       0x20 build/drive.o
 .text.init_drive1_setting
                0x00000000080007a8       0x20 build/drive.o
 .text.init_drives_setting
                0x00000000080007c8       0x28 build/drive.o
 .text.init_drives_for_full_turn
                0x00000000080007f0       0x4c build/drive.o
 .text.drives_one_full_turn
                0x000000000800083c       0x10 build/drive.o
 .text.init_status_flags_drives
                0x000000000800084c       0x20 build/drive.o
                0x000000000800084c                init_status_flags_drives
 .text.drive1_turn
                0x000000000800086c       0x4c build/drive.o
                0x000000000800086c                drive1_turn
 .text.drive2_turn
                0x00000000080008b8       0x38 build/drive.o
                0x00000000080008b8                drive2_turn
 .text.SoftStop_Drives
                0x00000000080008f0        0xc build/drive.o
                0x00000000080008f0                SoftStop_Drives
 .text.HardStop_Drives
                0x00000000080008fc       0x18 build/drive.o
                0x00000000080008fc                HardStop_Drives
 .text.settings_preset_reset
                0x0000000008000914       0x28 build/drive.o
                0x0000000008000914                settings_preset_reset
 .text.start_drives_turn
                0x000000000800093c       0xb4 build/drive.o
                0x000000000800093c                start_drives_turn
 .text.select_direction
                0x00000000080009f0       0x60 build/drive.o
                0x00000000080009f0                select_direction
 .text.setup_null_position
                0x0000000008000a50       0x7c build/drive.o
                0x0000000008000a50                setup_null_position
 .text.manual_control_drive1
                0x0000000008000acc       0x84 build/drive.o
                0x0000000008000acc                manual_control_drive1
 .text.Counter_PWM_Drive1_Callback
                0x0000000008000b50       0x18 build/drive.o
                0x0000000008000b50                Counter_PWM_Drive1_Callback
 .text.Counter_PWM_Drive2_Callback
                0x0000000008000b68       0x28 build/drive.o
                0x0000000008000b68                Counter_PWM_Drive2_Callback
 .text.Left_Sensor_Callback
                0x0000000008000b90       0x40 build/drive.o
                0x0000000008000b90                Left_Sensor_Callback
 .text.Right_Sensor_Callback
                0x0000000008000bd0       0x40 build/drive.o
                0x0000000008000bd0                Right_Sensor_Callback
 .text.MX_GPIO_Init
                0x0000000008000c10      0x218 build/gpio.o
                0x0000000008000c10                MX_GPIO_Init
 .text.MX_DMA_Init
                0x0000000008000e28       0x64 build/dma.o
                0x0000000008000e28                MX_DMA_Init
 .text.read_gray_code_from_encoder
                0x0000000008000e8c       0x60 build/encoder.o
 .text.read_state_encoder
                0x0000000008000eec      0x1f8 build/encoder.o
 .text.read_encoder
                0x00000000080010e4        0xc build/encoder.o
                0x00000000080010e4                read_encoder
 .text.EncoderDelayCallback
                0x00000000080010f0        0xc build/encoder.o
                0x00000000080010f0                EncoderDelayCallback
 .text.MX_I2C1_Init
                0x00000000080010fc       0xc4 build/i2c.o
                0x00000000080010fc                MX_I2C1_Init
 .text.MX_SPI2_Init
                0x00000000080011c0      0x10c build/spi.o
                0x00000000080011c0                MX_SPI2_Init
 .text.spi_write_byte
                0x00000000080012cc       0x14 build/spi.o
                0x00000000080012cc                spi_write_byte
 .text.spi_write_buffer_DMA
                0x00000000080012e0       0x98 build/spi.o
                0x00000000080012e0                spi_write_buffer_DMA
 .text.DMA1_Channel5_Callback
                0x0000000008001378       0x14 build/spi.o
                0x0000000008001378                DMA1_Channel5_Callback
 .text.xTimer_Task
                0x000000000800138c       0x5c build/tim.o
                0x000000000800138c                xTimer_Task
 .text.Get_SysTick
                0x00000000080013e8        0xc build/tim.o
 .text.tim_delay_init
                0x00000000080013f4       0x50 build/tim.o
 .text.timer_bounce_init
                0x0000000008001444       0x78 build/tim.o
 .text.vTimerEncDelayCallback
                0x00000000080014bc        0x8 build/tim.o
 .text.vTimerBtnBounceCallback
                0x00000000080014c4        0x8 build/tim.o
 .text.MX_TIM1_Init
                0x00000000080014cc      0x120 build/tim.o
                0x00000000080014cc                MX_TIM1_Init
 .text.MX_TIM3_Init
                0x00000000080015ec       0xdc build/tim.o
                0x00000000080015ec                MX_TIM3_Init
 .text.MX_TIM4_Init
                0x00000000080016c8       0xa4 build/tim.o
                0x00000000080016c8                MX_TIM4_Init
 .text.MX_TIM5_Init
                0x000000000800176c       0xa4 build/tim.o
                0x000000000800176c                MX_TIM5_Init
 .text.Drives_PWM_start
                0x0000000008001810       0x94 build/tim.o
                0x0000000008001810                Drives_PWM_start
 .text.Drive1_PWM_start
                0x00000000080018a4       0x2c build/tim.o
                0x00000000080018a4                Drive1_PWM_start
 .text.Drive1_PWM_stop
                0x00000000080018d0       0x18 build/tim.o
                0x00000000080018d0                Drive1_PWM_stop
 .text.TIM5_IRQHandler
                0x00000000080018e8       0x20 build/tim.o
                0x00000000080018e8                TIM5_IRQHandler
 .text.Drive2_PWM_start
                0x0000000008001908       0x34 build/tim.o
                0x0000000008001908                Drive2_PWM_start
 .text.Drive2_PWM_stop
                0x000000000800193c       0x20 build/tim.o
                0x000000000800193c                Drive2_PWM_stop
 .text.Stop_Count_Timers
                0x000000000800195c       0x1c build/tim.o
                0x000000000800195c                Stop_Count_Timers
 .text.TIM4_IRQHandler
                0x0000000008001978       0x20 build/tim.o
                0x0000000008001978                TIM4_IRQHandler
 .text.delay_us
                0x0000000008001998       0x30 build/tim.o
                0x0000000008001998                delay_us
 .text.TIM6_IRQHandler
                0x00000000080019c8       0x34 build/tim.o
                0x00000000080019c8                TIM6_IRQHandler
 .text.xTimer_Create
                0x00000000080019fc       0x6c build/tim.o
                0x00000000080019fc                xTimer_Create
 .text.timers_ini
                0x0000000008001a68       0x58 build/tim.o
                0x0000000008001a68                timers_ini
 .text.xTimer_SetPeriod
                0x0000000008001ac0       0x14 build/tim.o
                0x0000000008001ac0                xTimer_SetPeriod
 .text.xTimer_Reload
                0x0000000008001ad4       0x2c build/tim.o
                0x0000000008001ad4                xTimer_Reload
 .text.xTimersButtonBounce_Reload
                0x0000000008001b00       0x18 build/tim.o
                0x0000000008001b00                xTimersButtonBounce_Reload
 .text.xTimerEncDelay_Reload
                0x0000000008001b18       0x18 build/tim.o
                0x0000000008001b18                xTimerEncDelay_Reload
 .text.MX_USART3_UART_Init
                0x0000000008001b30       0xd4 build/usart.o
                0x0000000008001b30                MX_USART3_UART_Init
 .text.NMI_Handler
                0x0000000008001c04        0x2 build/stm32f1xx_it.o
                0x0000000008001c04                NMI_Handler
 .text.HardFault_Handler
                0x0000000008001c06        0x2 build/stm32f1xx_it.o
                0x0000000008001c06                HardFault_Handler
 .text.MemManage_Handler
                0x0000000008001c08        0x2 build/stm32f1xx_it.o
                0x0000000008001c08                MemManage_Handler
 .text.BusFault_Handler
                0x0000000008001c0a        0x2 build/stm32f1xx_it.o
                0x0000000008001c0a                BusFault_Handler
 .text.UsageFault_Handler
                0x0000000008001c0c        0x2 build/stm32f1xx_it.o
                0x0000000008001c0c                UsageFault_Handler
 .text.SVC_Handler
                0x0000000008001c0e        0x2 build/stm32f1xx_it.o
                0x0000000008001c0e                SVC_Handler
 .text.DebugMon_Handler
                0x0000000008001c10        0x2 build/stm32f1xx_it.o
                0x0000000008001c10                DebugMon_Handler
 .text.PendSV_Handler
                0x0000000008001c12        0x2 build/stm32f1xx_it.o
                0x0000000008001c12                PendSV_Handler
 .text.SysTick_Handler
                0x0000000008001c14        0x2 build/stm32f1xx_it.o
                0x0000000008001c14                SysTick_Handler
 *fill*         0x0000000008001c16        0x2 
 .text.EXTI2_IRQHandler
                0x0000000008001c18       0x20 build/stm32f1xx_it.o
                0x0000000008001c18                EXTI2_IRQHandler
 .text.DMA1_Channel5_IRQHandler
                0x0000000008001c38       0x2c build/stm32f1xx_it.o
                0x0000000008001c38                DMA1_Channel5_IRQHandler
 .text.EXTI15_10_IRQHandler
                0x0000000008001c64       0x20 build/stm32f1xx_it.o
                0x0000000008001c64                EXTI15_10_IRQHandler
 .text.LL_GPIO_Init
                0x0000000008001c84      0x116 build/stm32f1xx_ll_gpio.o
                0x0000000008001c84                LL_GPIO_Init
 *fill*         0x0000000008001d9a        0x2 
 .text.LL_I2C_Init
                0x0000000008001d9c      0x104 build/stm32f1xx_ll_i2c.o
                0x0000000008001d9c                LL_I2C_Init
 .text.RCC_GetHCLKClockFreq
                0x0000000008001ea0       0x18 build/stm32f1xx_ll_rcc.o
                0x0000000008001ea0                RCC_GetHCLKClockFreq
 .text.RCC_GetPCLK1ClockFreq
                0x0000000008001eb8       0x18 build/stm32f1xx_ll_rcc.o
                0x0000000008001eb8                RCC_GetPCLK1ClockFreq
 .text.RCC_GetPCLK2ClockFreq
                0x0000000008001ed0       0x18 build/stm32f1xx_ll_rcc.o
                0x0000000008001ed0                RCC_GetPCLK2ClockFreq
 .text.RCC_PLL2_GetFreqClockFreq
                0x0000000008001ee8       0x2c build/stm32f1xx_ll_rcc.o
                0x0000000008001ee8                RCC_PLL2_GetFreqClockFreq
 .text.RCC_PLL_GetFreqDomain_SYS
                0x0000000008001f14       0x80 build/stm32f1xx_ll_rcc.o
                0x0000000008001f14                RCC_PLL_GetFreqDomain_SYS
 .text.RCC_GetSystemClockFreq
                0x0000000008001f94       0x20 build/stm32f1xx_ll_rcc.o
                0x0000000008001f94                RCC_GetSystemClockFreq
 .text.LL_RCC_GetSystemClocksFreq
                0x0000000008001fb4       0x20 build/stm32f1xx_ll_rcc.o
                0x0000000008001fb4                LL_RCC_GetSystemClocksFreq
 .text.LL_Init1msTick
                0x0000000008001fd4       0x20 build/stm32f1xx_ll_utils.o
                0x0000000008001fd4                LL_Init1msTick
 .text.LL_SetSystemCoreClock
                0x0000000008001ff4        0xc build/stm32f1xx_ll_utils.o
                0x0000000008001ff4                LL_SetSystemCoreClock
 .text.LL_EXTI_Init
                0x0000000008002000       0xd4 build/stm32f1xx_ll_exti.o
                0x0000000008002000                LL_EXTI_Init
 .text.LL_SPI_Init
                0x00000000080020d4       0x72 build/stm32f1xx_ll_spi.o
                0x00000000080020d4                LL_SPI_Init
 *fill*         0x0000000008002146        0x2 
 .text.OC1Config
                0x0000000008002148       0x6c build/stm32f1xx_ll_tim.o
 .text.OC2Config
                0x00000000080021b4       0x74 build/stm32f1xx_ll_tim.o
 .text.OC3Config
                0x0000000008002228       0x70 build/stm32f1xx_ll_tim.o
 .text.OC4Config
                0x0000000008002298       0x54 build/stm32f1xx_ll_tim.o
 .text.LL_TIM_Init
                0x00000000080022ec       0x80 build/stm32f1xx_ll_tim.o
                0x00000000080022ec                LL_TIM_Init
 .text.LL_TIM_OC_Init
                0x000000000800236c       0x3c build/stm32f1xx_ll_tim.o
                0x000000000800236c                LL_TIM_OC_Init
 .text.LL_TIM_BDTR_Init
                0x00000000080023a8       0x34 build/stm32f1xx_ll_tim.o
                0x00000000080023a8                LL_TIM_BDTR_Init
 .text.LL_USART_Init
                0x00000000080023dc       0xe8 build/stm32f1xx_ll_usart.o
                0x00000000080023dc                LL_USART_Init
 .text.SystemInit
                0x00000000080024c4        0x2 build/system_stm32f1xx.o
                0x00000000080024c4                SystemInit
 *fill*         0x00000000080024c6        0x2 
 .text._sbrk    0x00000000080024c8       0x48 build/sysmem.o
                0x00000000080024c8                _sbrk
 .text.init_loop
                0x0000000008002510       0x50 build/menu.o
                0x0000000008002510                init_loop
 .text.setup_menu
                0x0000000008002560      0x1e4 build/menu.o
                0x0000000008002560                setup_menu
 .text.turn_drive_menu
                0x0000000008002744       0x1c build/menu.o
                0x0000000008002744                turn_drive_menu
 .text.menu_select_preset
                0x0000000008002760       0xb0 build/menu.o
                0x0000000008002760                menu_select_preset
 .text.main_loop
                0x0000000008002810       0xc8 build/menu.o
                0x0000000008002810                main_loop
 .text.SSD1306_GotoXY
                0x00000000080028d8        0xc build/ssd1306.o
                0x00000000080028d8                SSD1306_GotoXY
 .text.SSD1306_DrawPixel
                0x00000000080028e4       0x5c build/ssd1306.o
                0x00000000080028e4                SSD1306_DrawPixel
 .text.SSD1306_Putc
                0x0000000008002940       0x94 build/ssd1306.o
                0x0000000008002940                SSD1306_Putc
 .text.SSD1306_Puts
                0x00000000080029d4       0x22 build/ssd1306.o
                0x00000000080029d4                SSD1306_Puts
 *fill*         0x00000000080029f6        0x2 
 .text.SSD1306_UpdateScreen
                0x00000000080029f8       0x14 build/ssd1306.o
                0x00000000080029f8                SSD1306_UpdateScreen
 .text.preset2_screen
                0x0000000008002a0c       0x58 build/ssd1306.o
 .text.preset3_screen
                0x0000000008002a64       0x58 build/ssd1306.o
 .text.preset4_screen
                0x0000000008002abc       0x58 build/ssd1306.o
 .text.preset1_screen
                0x0000000008002b14       0x58 build/ssd1306.o
 .text.SSD1306_PageAdress
                0x0000000008002b6c       0x24 build/ssd1306.o
                0x0000000008002b6c                SSD1306_PageAdress
 .text.SSD1306_Fill
                0x0000000008002b90       0x3c build/ssd1306.o
                0x0000000008002b90                SSD1306_Fill
 .text.SSD1306_Clear_Screen
                0x0000000008002bcc        0xa build/ssd1306.o
                0x0000000008002bcc                SSD1306_Clear_Screen
 *fill*         0x0000000008002bd6        0x2 
 .text.ssd1306_Init
                0x0000000008002bd8       0xd4 build/ssd1306.o
                0x0000000008002bd8                ssd1306_Init
 .text.clear_buffer_screen
                0x0000000008002cac       0x10 build/ssd1306.o
 .text.default_screen
                0x0000000008002cbc       0x74 build/ssd1306.o
                0x0000000008002cbc                default_screen
 .text.setup_ratio_screen
                0x0000000008002d30       0x58 build/ssd1306.o
                0x0000000008002d30                setup_ratio_screen
 .text.setup_speed_screen
                0x0000000008002d88       0x3c build/ssd1306.o
                0x0000000008002d88                setup_speed_screen
 .text.setup_coil_screen
                0x0000000008002dc4       0x44 build/ssd1306.o
                0x0000000008002dc4                setup_coil_screen
 .text.main_menu_select_preset_screen
                0x0000000008002e08       0x5c build/ssd1306.o
                0x0000000008002e08                main_menu_select_preset_screen
 .text.mode_setup_null_screen
                0x0000000008002e64       0x38 build/ssd1306.o
                0x0000000008002e64                mode_setup_null_screen
 .text.mode_setup_manual_screen
                0x0000000008002e9c       0x34 build/ssd1306.o
                0x0000000008002e9c                mode_setup_manual_screen
 .text.mode_setup_manual_dir_screen
                0x0000000008002ed0       0x58 build/ssd1306.o
                0x0000000008002ed0                mode_setup_manual_dir_screen
 .text.menu_select_preset_screen
                0x0000000008002f28       0x34 build/ssd1306.o
                0x0000000008002f28                menu_select_preset_screen
 .text.release_pedal_menu
                0x0000000008002f5c       0x58 build/ssd1306.o
                0x0000000008002f5c                release_pedal_menu
 .text.start_menu
                0x0000000008002fb4       0x34 build/ssd1306.o
                0x0000000008002fb4                start_menu
 .text.ssd1306_SendCommand
                0x0000000008002fe8       0x14 build/ssd1306_interface.o
                0x0000000008002fe8                ssd1306_SendCommand
 .text.ssd1306_SendDataBuffer
                0x0000000008002ffc        0x8 build/ssd1306_interface.o
                0x0000000008002ffc                ssd1306_SendDataBuffer
 .text.Reset_Handler
                0x0000000008003004       0x48 build/startup_stm32f105xc.o
                0x0000000008003004                Reset_Handler
 .text.Default_Handler
                0x000000000800304c        0x2 build/startup_stm32f105xc.o
                0x000000000800304c                RTC_Alarm_IRQHandler
                0x000000000800304c                TIM1_CC_IRQHandler
                0x000000000800304c                PVD_IRQHandler
                0x000000000800304c                CAN2_RX1_IRQHandler
                0x000000000800304c                EXTI3_IRQHandler
                0x000000000800304c                EXTI0_IRQHandler
                0x000000000800304c                I2C2_EV_IRQHandler
                0x000000000800304c                CAN1_RX0_IRQHandler
                0x000000000800304c                CAN2_SCE_IRQHandler
                0x000000000800304c                ADC1_2_IRQHandler
                0x000000000800304c                SPI1_IRQHandler
                0x000000000800304c                TAMPER_IRQHandler
                0x000000000800304c                CAN2_RX0_IRQHandler
                0x000000000800304c                DMA2_Channel2_IRQHandler
                0x000000000800304c                DMA1_Channel4_IRQHandler
                0x000000000800304c                USART3_IRQHandler
                0x000000000800304c                RTC_IRQHandler
                0x000000000800304c                DMA1_Channel7_IRQHandler
                0x000000000800304c                CAN1_RX1_IRQHandler
                0x000000000800304c                UART5_IRQHandler
                0x000000000800304c                DMA2_Channel1_IRQHandler
                0x000000000800304c                I2C1_EV_IRQHandler
                0x000000000800304c                DMA1_Channel6_IRQHandler
                0x000000000800304c                UART4_IRQHandler
                0x000000000800304c                DMA2_Channel4_IRQHandler
                0x000000000800304c                TIM3_IRQHandler
                0x000000000800304c                RCC_IRQHandler
                0x000000000800304c                TIM1_TRG_COM_IRQHandler
                0x000000000800304c                DMA1_Channel1_IRQHandler
                0x000000000800304c                Default_Handler
                0x000000000800304c                TIM7_IRQHandler
                0x000000000800304c                CAN2_TX_IRQHandler
                0x000000000800304c                EXTI9_5_IRQHandler
                0x000000000800304c                SPI2_IRQHandler
                0x000000000800304c                CAN1_TX_IRQHandler
                0x000000000800304c                DMA2_Channel5_IRQHandler
                0x000000000800304c                EXTI4_IRQHandler
                0x000000000800304c                DMA1_Channel3_IRQHandler
                0x000000000800304c                TIM1_UP_IRQHandler
                0x000000000800304c                WWDG_IRQHandler
                0x000000000800304c                TIM2_IRQHandler
                0x000000000800304c                OTG_FS_WKUP_IRQHandler
                0x000000000800304c                TIM1_BRK_IRQHandler
                0x000000000800304c                EXTI1_IRQHandler
                0x000000000800304c                USART2_IRQHandler
                0x000000000800304c                I2C2_ER_IRQHandler
                0x000000000800304c                DMA1_Channel2_IRQHandler
                0x000000000800304c                CAN1_SCE_IRQHandler
                0x000000000800304c                FLASH_IRQHandler
                0x000000000800304c                USART1_IRQHandler
                0x000000000800304c                OTG_FS_IRQHandler
                0x000000000800304c                SPI3_IRQHandler
                0x000000000800304c                I2C1_ER_IRQHandler
                0x000000000800304c                DMA2_Channel3_IRQHandler
 *fill*         0x000000000800304e        0x2 
 .text.__errno  0x0000000008003050        0xc /home/arashamf/soft/ARM_toolchains/gcc-arm-none-eabi-10.3-2021.10/bin/../lib/gcc/arm-none-eabi/10.3.1/../../../../arm-none-eabi/lib/thumb/v7-m/nofp/libc_nano.a(lib_a-errno.o)
                0x0000000008003050                __errno
 .text.__libc_init_array
                0x000000000800305c       0x48 /home/arashamf/soft/ARM_toolchains/gcc-arm-none-eabi-10.3-2021.10/bin/../lib/gcc/arm-none-eabi/10.3.1/../../../../arm-none-eabi/lib/thumb/v7-m/nofp/libc_nano.a(lib_a-init.o)
                0x000000000800305c                __libc_init_array
 .text.memset   0x00000000080030a4       0x10 /home/arashamf/soft/ARM_toolchains/gcc-arm-none-eabi-10.3-2021.10/bin/../lib/gcc/arm-none-eabi/10.3.1/../../../../arm-none-eabi/lib/thumb/v7-m/nofp/libc_nano.a(lib_a-memset.o)
                0x00000000080030a4                memset
 .text.snprintf
                0x00000000080030b4       0x68 /home/arashamf/soft/ARM_toolchains/gcc-arm-none-eabi-10.3-2021.10/bin/../lib/gcc/arm-none-eabi/10.3.1/../../../../arm-none-eabi/lib/thumb/v7-m/nofp/libc_nano.a(lib_a-snprintf.o)
                0x00000000080030b4                snprintf
                0x00000000080030b4                sniprintf
 .text.__ssputs_r
                0x000000000800311c       0xb6 /home/arashamf/soft/ARM_toolchains/gcc-arm-none-eabi-10.3-2021.10/bin/../lib/gcc/arm-none-eabi/10.3.1/../../../../arm-none-eabi/lib/thumb/v7-m/nofp/libc_nano.a(lib_a-nano-svfprintf.o)
                0x000000000800311c                __ssputs_r
 *fill*         0x00000000080031d2        0x2 
 .text._svfprintf_r
                0x00000000080031d4      0x200 /home/arashamf/soft/ARM_toolchains/gcc-arm-none-eabi-10.3-2021.10/bin/../lib/gcc/arm-none-eabi/10.3.1/../../../../arm-none-eabi/lib/thumb/v7-m/nofp/libc_nano.a(lib_a-nano-svfprintf.o)
                0x00000000080031d4                _svfprintf_r
                0x00000000080031d4                _svfiprintf_r
 .text._printf_common
                0x00000000080033d4       0xde /home/arashamf/soft/ARM_toolchains/gcc-arm-none-eabi-10.3-2021.10/bin/../lib/gcc/arm-none-eabi/10.3.1/../../../../arm-none-eabi/lib/thumb/v7-m/nofp/libc_nano.a(lib_a-nano-vfprintf_i.o)
                0x00000000080033d4                _printf_common
 *fill*         0x00000000080034b2        0x2 
 .text._printf_i
                0x00000000080034b4      0x24c /home/arashamf/soft/ARM_toolchains/gcc-arm-none-eabi-10.3-2021.10/bin/../lib/gcc/arm-none-eabi/10.3.1/../../../../arm-none-eabi/lib/thumb/v7-m/nofp/libc_nano.a(lib_a-nano-vfprintf_i.o)
                0x00000000080034b4                _printf_i
 .text.memchr   0x0000000008003700       0x1c /home/arashamf/soft/ARM_toolchains/gcc-arm-none-eabi-10.3-2021.10/bin/../lib/gcc/arm-none-eabi/10.3.1/../../../../arm-none-eabi/lib/thumb/v7-m/nofp/libc_nano.a(lib_a-memchr-stub.o)
                0x0000000008003700                memchr
 .text.memcpy   0x000000000800371c       0x1c /home/arashamf/soft/ARM_toolchains/gcc-arm-none-eabi-10.3-2021.10/bin/../lib/gcc/arm-none-eabi/10.3.1/../../../../arm-none-eabi/lib/thumb/v7-m/nofp/libc_nano.a(lib_a-memcpy-stub.o)
                0x000000000800371c                memcpy
 .text.memmove  0x0000000008003738       0x34 /home/arashamf/soft/ARM_toolchains/gcc-arm-none-eabi-10.3-2021.10/bin/../lib/gcc/arm-none-eabi/10.3.1/../../../../arm-none-eabi/lib/thumb/v7-m/nofp/libc_nano.a(lib_a-memmove.o)
                0x0000000008003738                memmove
 .text._free_r  0x000000000800376c       0x90 /home/arashamf/soft/ARM_toolchains/gcc-arm-none-eabi-10.3-2021.10/bin/../lib/gcc/arm-none-eabi/10.3.1/../../../../arm-none-eabi/lib/thumb/v7-m/nofp/libc_nano.a(lib_a-nano-freer.o)
                0x000000000800376c                _free_r
 .text.sbrk_aligned
                0x00000000080037fc       0x40 /home/arashamf/soft/ARM_toolchains/gcc-arm-none-eabi-10.3-2021.10/bin/../lib/gcc/arm-none-eabi/10.3.1/../../../../arm-none-eabi/lib/thumb/v7-m/nofp/libc_nano.a(lib_a-nano-mallocr.o)
 .text._malloc_r
                0x000000000800383c       0xe8 /home/arashamf/soft/ARM_toolchains/gcc-arm-none-eabi-10.3-2021.10/bin/../lib/gcc/arm-none-eabi/10.3.1/../../../../arm-none-eabi/lib/thumb/v7-m/nofp/libc_nano.a(lib_a-nano-mallocr.o)
                0x000000000800383c                _malloc_r
 .text._realloc_r
                0x0000000008003924       0x5e /home/arashamf/soft/ARM_toolchains/gcc-arm-none-eabi-10.3-2021.10/bin/../lib/gcc/arm-none-eabi/10.3.1/../../../../arm-none-eabi/lib/thumb/v7-m/nofp/libc_nano.a(lib_a-nano-reallocr.o)
                0x0000000008003924                _realloc_r
 *fill*         0x0000000008003982        0x2 
 .text._sbrk_r  0x0000000008003984       0x20 /home/arashamf/soft/ARM_toolchains/gcc-arm-none-eabi-10.3-2021.10/bin/../lib/gcc/arm-none-eabi/10.3.1/../../../../arm-none-eabi/lib/thumb/v7-m/nofp/libc_nano.a(lib_a-sbrkr.o)
                0x0000000008003984                _sbrk_r
 .text.__malloc_lock
                0x00000000080039a4        0xc /home/arashamf/soft/ARM_toolchains/gcc-arm-none-eabi-10.3-2021.10/bin/../lib/gcc/arm-none-eabi/10.3.1/../../../../arm-none-eabi/lib/thumb/v7-m/nofp/libc_nano.a(lib_a-mlock.o)
                0x00000000080039a4                __malloc_lock
 .text.__malloc_unlock
                0x00000000080039b0        0xc /home/arashamf/soft/ARM_toolchains/gcc-arm-none-eabi-10.3-2021.10/bin/../lib/gcc/arm-none-eabi/10.3.1/../../../../arm-none-eabi/lib/thumb/v7-m/nofp/libc_nano.a(lib_a-mlock.o)
                0x00000000080039b0                __malloc_unlock
 .text._malloc_usable_size_r
                0x00000000080039bc       0x10 /home/arashamf/soft/ARM_toolchains/gcc-arm-none-eabi-10.3-2021.10/bin/../lib/gcc/arm-none-eabi/10.3.1/../../../../arm-none-eabi/lib/thumb/v7-m/nofp/libc_nano.a(lib_a-nano-msizer.o)
                0x00000000080039bc                _malloc_usable_size_r
 .text.__retarget_lock_acquire_recursive
                0x00000000080039cc        0x2 /home/arashamf/soft/ARM_toolchains/gcc-arm-none-eabi-10.3-2021.10/bin/../lib/gcc/arm-none-eabi/10.3.1/../../../../arm-none-eabi/lib/thumb/v7-m/nofp/libc_nano.a(lib_a-lock.o)
                0x00000000080039cc                __retarget_lock_acquire_recursive
 .text.__retarget_lock_release_recursive
                0x00000000080039ce        0x2 /home/arashamf/soft/ARM_toolchains/gcc-arm-none-eabi-10.3-2021.10/bin/../lib/gcc/arm-none-eabi/10.3.1/../../../../arm-none-eabi/lib/thumb/v7-m/nofp/libc_nano.a(lib_a-lock.o)
                0x00000000080039ce                __retarget_lock_release_recursive
 *(.glue_7)
 .glue_7        0x00000000080039d0        0x0 linker stubs
 *(.glue_7t)
 .glue_7t       0x00000000080039d0        0x0 linker stubs
 *(.eh_frame)
 .eh_frame      0x00000000080039d0        0x0 /home/arashamf/soft/ARM_toolchains/gcc-arm-none-eabi-10.3-2021.10/bin/../lib/gcc/arm-none-eabi/10.3.1/thumb/v7-m/nofp/crtbegin.o
 *(.init)
 .init          0x00000000080039d0        0x4 /home/arashamf/soft/ARM_toolchains/gcc-arm-none-eabi-10.3-2021.10/bin/../lib/gcc/arm-none-eabi/10.3.1/thumb/v7-m/nofp/crti.o
                0x00000000080039d0                _init
 .init          0x00000000080039d4        0x8 /home/arashamf/soft/ARM_toolchains/gcc-arm-none-eabi-10.3-2021.10/bin/../lib/gcc/arm-none-eabi/10.3.1/thumb/v7-m/nofp/crtn.o
 *(.fini)
 .fini          0x00000000080039dc        0x4 /home/arashamf/soft/ARM_toolchains/gcc-arm-none-eabi-10.3-2021.10/bin/../lib/gcc/arm-none-eabi/10.3.1/thumb/v7-m/nofp/crti.o
                0x00000000080039dc                _fini
 .fini          0x00000000080039e0        0x8 /home/arashamf/soft/ARM_toolchains/gcc-arm-none-eabi-10.3-2021.10/bin/../lib/gcc/arm-none-eabi/10.3.1/thumb/v7-m/nofp/crtn.o
                0x00000000080039e8                . = ALIGN (0x4)
                0x00000000080039e8                _etext = .

.vfp11_veneer   0x00000000080039e8        0x0
 .vfp11_veneer  0x00000000080039e8        0x0 linker stubs

.v4_bx          0x00000000080039e8        0x0
 .v4_bx         0x00000000080039e8        0x0 linker stubs

.iplt           0x00000000080039e8        0x0
 .iplt          0x00000000080039e8        0x0 /home/arashamf/soft/ARM_toolchains/gcc-arm-none-eabi-10.3-2021.10/bin/../lib/gcc/arm-none-eabi/10.3.1/thumb/v7-m/nofp/crtbegin.o

.rodata         0x00000000080039e8     0x19b8
                0x00000000080039e8                . = ALIGN (0x4)
 *(.rodata)
 *(.rodata*)
 .rodata.AHBPrescTable
                0x00000000080039e8       0x10 build/system_stm32f1xx.o
                0x00000000080039e8                AHBPrescTable
 .rodata.APBPrescTable
                0x00000000080039f8        0x8 build/system_stm32f1xx.o
                0x00000000080039f8                APBPrescTable
 .rodata.Font11x17
                0x0000000008003a00      0x7d6 build/fonts.o
                0x0000000008003a00                Font11x17
 *fill*         0x00000000080041d6        0x2 
 .rodata.Font16x26
                0x00000000080041d8      0xbfc build/fonts.o
                0x00000000080041d8                Font16x26
 .rodata.Font7x10
                0x0000000008004dd4      0x4b0 build/fonts.o
                0x0000000008004dd4                Font7x10
 .rodata.preset2_screen.str1.4
                0x0000000008005284       0x15 build/ssd1306.o
 *fill*         0x0000000008005299        0x3 
 .rodata.preset3_screen.str1.4
                0x000000000800529c       0x15 build/ssd1306.o
 *fill*         0x00000000080052b1        0x3 
 .rodata.preset4_screen.str1.4
                0x00000000080052b4       0x15 build/ssd1306.o
 *fill*         0x00000000080052c9        0x3 
 .rodata.preset1_screen.str1.4
                0x00000000080052cc       0x15 build/ssd1306.o
 *fill*         0x00000000080052e1        0x3 
 .rodata.default_screen.str1.4
                0x00000000080052e4       0x1a build/ssd1306.o
 *fill*         0x00000000080052fe        0x2 
 .rodata.setup_ratio_screen.str1.4
                0x0000000008005300        0xb build/ssd1306.o
 *fill*         0x000000000800530b        0x1 
 .rodata.setup_speed_screen.str1.4
                0x000000000800530c        0x8 build/ssd1306.o
 .rodata.setup_coil_screen.str1.4
                0x0000000008005314        0xa build/ssd1306.o
 *fill*         0x000000000800531e        0x2 
 .rodata.main_menu_select_preset_screen.str1.4
                0x0000000008005320        0xd build/ssd1306.o
 *fill*         0x000000000800532d        0x3 
 .rodata.mode_setup_null_screen.str1.4
                0x0000000008005330        0x9 build/ssd1306.o
 *fill*         0x0000000008005339        0x3 
 .rodata.mode_setup_manual_screen.str1.4
                0x000000000800533c        0xc build/ssd1306.o
 .rodata.mode_setup_manual_dir_screen.str1.4
                0x0000000008005348        0xc build/ssd1306.o
 .rodata.release_pedal_menu.str1.4
                0x0000000008005354        0xe build/ssd1306.o
 *fill*         0x0000000008005362        0x2 
 .rodata.start_menu.str1.4
                0x0000000008005364        0x6 build/ssd1306.o
 .rodata._svfprintf_r.str1.1
                0x000000000800536a       0x11 /home/arashamf/soft/ARM_toolchains/gcc-arm-none-eabi-10.3-2021.10/bin/../lib/gcc/arm-none-eabi/10.3.1/../../../../arm-none-eabi/lib/thumb/v7-m/nofp/libc_nano.a(lib_a-nano-svfprintf.o)
 .rodata._printf_i.str1.1
                0x000000000800537b       0x22 /home/arashamf/soft/ARM_toolchains/gcc-arm-none-eabi-10.3-2021.10/bin/../lib/gcc/arm-none-eabi/10.3.1/../../../../arm-none-eabi/lib/thumb/v7-m/nofp/libc_nano.a(lib_a-nano-vfprintf_i.o)
                0x00000000080053a0                . = ALIGN (0x4)
 *fill*         0x000000000800539d        0x3 

.rel.dyn        0x00000000080053a0        0x0
 .rel.iplt      0x00000000080053a0        0x0 /home/arashamf/soft/ARM_toolchains/gcc-arm-none-eabi-10.3-2021.10/bin/../lib/gcc/arm-none-eabi/10.3.1/thumb/v7-m/nofp/crtbegin.o

.ARM.extab
 *(.ARM.extab* .gnu.linkonce.armextab.*)

.ARM            0x00000000080053a0        0x0
                0x00000000080053a0                __exidx_start = .
 *(.ARM.exidx*)
                0x00000000080053a0                __exidx_end = .

.preinit_array  0x00000000080053a0        0x0
                0x00000000080053a0                PROVIDE (__preinit_array_start = .)
 *(.preinit_array*)
                0x00000000080053a0                PROVIDE (__preinit_array_end = .)

.init_array     0x00000000080053a0        0x4
                0x00000000080053a0                PROVIDE (__init_array_start = .)
 *(SORT_BY_NAME(.init_array.*))
 *(.init_array*)
 .init_array    0x00000000080053a0        0x4 /home/arashamf/soft/ARM_toolchains/gcc-arm-none-eabi-10.3-2021.10/bin/../lib/gcc/arm-none-eabi/10.3.1/thumb/v7-m/nofp/crtbegin.o
                0x00000000080053a4                PROVIDE (__init_array_end = .)

.fini_array     0x00000000080053a4        0x4
                [!provide]                        PROVIDE (__fini_array_start = .)
 *(SORT_BY_NAME(.fini_array.*))
 *(.fini_array*)
 .fini_array    0x00000000080053a4        0x4 /home/arashamf/soft/ARM_toolchains/gcc-arm-none-eabi-10.3-2021.10/bin/../lib/gcc/arm-none-eabi/10.3.1/thumb/v7-m/nofp/crtbegin.o
                [!provide]                        PROVIDE (__fini_array_end = .)
                0x00000000080053a8                _sidata = LOADADDR (.data)

.data           0x0000000020000000       0x84 load address 0x00000000080053a8
                0x0000000020000000                . = ALIGN (0x4)
                0x0000000020000000                _sdata = .
 *(.data)
 *(.data*)
 .data.SystemCoreClock
                0x0000000020000000        0x4 build/system_stm32f1xx.o
                0x0000000020000000                SystemCoreClock
 .data.Font_11x17
                0x0000000020000004        0x8 build/fonts.o
                0x0000000020000004                Font_11x17
 .data.Font_16x26
                0x000000002000000c        0x8 build/fonts.o
                0x000000002000000c                Font_16x26
 .data.Font_7x10
                0x0000000020000014        0x8 build/fonts.o
                0x0000000020000014                Font_7x10
 .data.drive_mode
                0x000000002000001c        0x1 build/menu.o
                0x000000002000001c                drive_mode
 *fill*         0x000000002000001d        0x3 
 .data._impure_ptr
                0x0000000020000020        0x4 /home/arashamf/soft/ARM_toolchains/gcc-arm-none-eabi-10.3-2021.10/bin/../lib/gcc/arm-none-eabi/10.3.1/../../../../arm-none-eabi/lib/thumb/v7-m/nofp/libc_nano.a(lib_a-impure.o)
                0x0000000020000020                _impure_ptr
 .data.impure_data
                0x0000000020000024       0x60 /home/arashamf/soft/ARM_toolchains/gcc-arm-none-eabi-10.3-2021.10/bin/../lib/gcc/arm-none-eabi/10.3.1/../../../../arm-none-eabi/lib/thumb/v7-m/nofp/libc_nano.a(lib_a-impure.o)
                0x0000000020000084                . = ALIGN (0x4)
                0x0000000020000084                _edata = .

.igot.plt       0x0000000020000084        0x0 load address 0x000000000800542c
 .igot.plt      0x0000000020000084        0x0 /home/arashamf/soft/ARM_toolchains/gcc-arm-none-eabi-10.3-2021.10/bin/../lib/gcc/arm-none-eabi/10.3.1/thumb/v7-m/nofp/crtbegin.o
                0x0000000020000084                . = ALIGN (0x4)

.bss            0x0000000020000084      0x350 load address 0x000000000800542c
                0x0000000020000084                _sbss = .
                0x0000000020000084                __bss_start__ = _sbss
 *(.bss)
 .bss           0x0000000020000084       0x1c /home/arashamf/soft/ARM_toolchains/gcc-arm-none-eabi-10.3-2021.10/bin/../lib/gcc/arm-none-eabi/10.3.1/thumb/v7-m/nofp/crtbegin.o
 *(.bss*)
 .bss.Pos_Enc1  0x00000000200000a0        0x5 build/main.o
                0x00000000200000a0                Pos_Enc1
 *fill*         0x00000000200000a5        0x3 
 .bss.preset1   0x00000000200000a8       0x18 build/main.o
                0x00000000200000a8                preset1
 .bss.preset2   0x00000000200000c0       0x18 build/main.o
                0x00000000200000c0                preset2
 .bss.preset3   0x00000000200000d8       0x18 build/main.o
                0x00000000200000d8                preset3
 .bss.preset4   0x00000000200000f0       0x18 build/main.o
                0x00000000200000f0                preset4
 .bss.preset_ptr
                0x0000000020000108       0x10 build/main.o
                0x0000000020000108                preset_ptr
 .bss.count_autorepeat
                0x0000000020000118        0x1 build/button.o
                0x0000000020000118                count_autorepeat
 .bss.end_bounce
                0x0000000020000119        0x1 build/button.o
                0x0000000020000119                end_bounce
 .bss.key_code.1
                0x000000002000011a        0x2 build/button.o
 .bss.key_code.4
                0x000000002000011c        0x2 build/button.o
 .bss.key_state.2
                0x000000002000011e        0x1 build/button.o
 .bss.key_state.5
                0x000000002000011f        0x1 build/button.o
 .bss.Drives_PWM
                0x0000000020000120        0xc build/drive.o
                0x0000000020000120                Drives_PWM
 .bss.preset_null_pos
                0x000000002000012c       0x18 build/drive.o
                0x000000002000012c                preset_null_pos
 .bss.status_drives
                0x0000000020000144        0x1 build/drive.o
                0x0000000020000144                status_drives
 .bss.cnt_timeout
                0x0000000020000145        0x1 build/encoder.o
 .bss.flag_end_delay
                0x0000000020000146        0x1 build/encoder.o
                0x0000000020000146                flag_end_delay
 .bss.state_machine
                0x0000000020000147        0x1 build/encoder.o
 .bss.count     0x0000000020000148        0x1 build/spi.o
                0x0000000020000148                count
 *fill*         0x0000000020000149        0x3 
 .bss.SysTick_CallbackFunction
                0x000000002000014c        0x4 build/tim.o
 .bss.TicksCounter
                0x0000000020000150        0x4 build/tim.o
 .bss.xTimeNow  0x0000000020000154        0x4 build/tim.o
 .bss.xTimerBtnBounce
                0x0000000020000158        0x4 build/tim.o
 .bss.xTimerEncDelay
                0x000000002000015c        0x4 build/tim.o
 .bss.xTimerList
                0x0000000020000160       0x30 build/tim.o
 .bss.__sbrk_heap_end
                0x0000000020000190        0x4 build/sysmem.o
 .bss.count_delay
                0x0000000020000194        0x1 build/menu.o
                0x0000000020000194                count_delay
 *fill*         0x0000000020000195        0x3 
 .bss.LCD_buff  0x0000000020000198       0x14 build/ssd1306.o
                0x0000000020000198                LCD_buff
 .bss.SSD1306   0x00000000200001ac        0x6 build/ssd1306.o
 *fill*         0x00000000200001b2        0x2 
 .bss.SSD1306_Buffer
                0x00000000200001b4      0x210 build/ssd1306.o
                0x00000000200001b4                SSD1306_Buffer
 .bss.__malloc_free_list
                0x00000000200003c4        0x4 /home/arashamf/soft/ARM_toolchains/gcc-arm-none-eabi-10.3-2021.10/bin/../lib/gcc/arm-none-eabi/10.3.1/../../../../arm-none-eabi/lib/thumb/v7-m/nofp/libc_nano.a(lib_a-nano-mallocr.o)
                0x00000000200003c4                __malloc_free_list
 .bss.__malloc_sbrk_start
                0x00000000200003c8        0x4 /home/arashamf/soft/ARM_toolchains/gcc-arm-none-eabi-10.3-2021.10/bin/../lib/gcc/arm-none-eabi/10.3.1/../../../../arm-none-eabi/lib/thumb/v7-m/nofp/libc_nano.a(lib_a-nano-mallocr.o)
                0x00000000200003c8                __malloc_sbrk_start
 .bss.errno     0x00000000200003cc        0x4 /home/arashamf/soft/ARM_toolchains/gcc-arm-none-eabi-10.3-2021.10/bin/../lib/gcc/arm-none-eabi/10.3.1/../../../../arm-none-eabi/lib/thumb/v7-m/nofp/libc_nano.a(lib_a-reent.o)
                0x00000000200003cc                errno
 .bss.__lock___malloc_recursive_mutex
                0x00000000200003d0        0x1 /home/arashamf/soft/ARM_toolchains/gcc-arm-none-eabi-10.3-2021.10/bin/../lib/gcc/arm-none-eabi/10.3.1/../../../../arm-none-eabi/lib/thumb/v7-m/nofp/libc_nano.a(lib_a-lock.o)
                0x00000000200003d0                __lock___malloc_recursive_mutex
 *(COMMON)
                0x00000000200003d4                . = ALIGN (0x4)
 *fill*         0x00000000200003d1        0x3 
                0x00000000200003d4                _ebss = .
                0x00000000200003d4                __bss_end__ = _ebss

._user_heap_stack
                0x00000000200003d4     0x1404 load address 0x000000000800542c
                0x00000000200003d8                . = ALIGN (0x8)
 *fill*         0x00000000200003d4        0x4 
                [!provide]                        PROVIDE (end = .)
                0x00000000200003d8                PROVIDE (_end = .)
                0x00000000200007d8                . = (. + _Min_Heap_Size)
 *fill*         0x00000000200003d8      0x400 
                0x00000000200017d8                . = (. + _Min_Stack_Size)
 *fill*         0x00000000200007d8     0x1000 
                0x00000000200017d8                . = ALIGN (0x8)

/DISCARD/
 libc.a(*)
 libm.a(*)
 libgcc.a(*)

.ARM.attributes
                0x0000000000000000       0x29
 *(.ARM.attributes)
 .ARM.attributes
                0x0000000000000000       0x1d /home/arashamf/soft/ARM_toolchains/gcc-arm-none-eabi-10.3-2021.10/bin/../lib/gcc/arm-none-eabi/10.3.1/thumb/v7-m/nofp/crti.o
 .ARM.attributes
                0x000000000000001d       0x2d /home/arashamf/soft/ARM_toolchains/gcc-arm-none-eabi-10.3-2021.10/bin/../lib/gcc/arm-none-eabi/10.3.1/thumb/v7-m/nofp/crtbegin.o
 .ARM.attributes
                0x000000000000004a       0x2d build/main.o
 .ARM.attributes
                0x0000000000000077       0x2d build/button.o
 .ARM.attributes
                0x00000000000000a4       0x2d build/calc_value.o
 .ARM.attributes
                0x00000000000000d1       0x2d build/drive.o
 .ARM.attributes
                0x00000000000000fe       0x2d build/gpio.o
 .ARM.attributes
                0x000000000000012b       0x2d build/dma.o
 .ARM.attributes
                0x0000000000000158       0x2d build/encoder.o
 .ARM.attributes
                0x0000000000000185       0x2d build/i2c.o
 .ARM.attributes
                0x00000000000001b2       0x2d build/spi.o
 .ARM.attributes
                0x00000000000001df       0x2d build/tim.o
 .ARM.attributes
                0x000000000000020c       0x2d build/usart.o
 .ARM.attributes
                0x0000000000000239       0x2d build/stm32f1xx_it.o
 .ARM.attributes
                0x0000000000000266       0x2d build/stm32f1xx_ll_gpio.o
 .ARM.attributes
                0x0000000000000293       0x2d build/stm32f1xx_ll_i2c.o
 .ARM.attributes
                0x00000000000002c0       0x2d build/stm32f1xx_ll_rcc.o
 .ARM.attributes
                0x00000000000002ed       0x2d build/stm32f1xx_ll_utils.o
 .ARM.attributes
                0x000000000000031a       0x2d build/stm32f1xx_ll_exti.o
 .ARM.attributes
                0x0000000000000347       0x2d build/stm32f1xx_ll_spi.o
 .ARM.attributes
                0x0000000000000374       0x2d build/stm32f1xx_ll_tim.o
 .ARM.attributes
                0x00000000000003a1       0x2d build/stm32f1xx_ll_usart.o
 .ARM.attributes
                0x00000000000003ce       0x2d build/system_stm32f1xx.o
 .ARM.attributes
                0x00000000000003fb       0x2d build/sysmem.o
 .ARM.attributes
                0x0000000000000428       0x2d build/fonts.o
 .ARM.attributes
                0x0000000000000455       0x2d build/menu.o
 .ARM.attributes
                0x0000000000000482       0x2d build/ssd1306.o
 .ARM.attributes
                0x00000000000004af       0x2d build/ssd1306_interface.o
 .ARM.attributes
                0x00000000000004dc       0x21 build/startup_stm32f105xc.o
 .ARM.attributes
                0x00000000000004fd       0x2d /home/arashamf/soft/ARM_toolchains/gcc-arm-none-eabi-10.3-2021.10/bin/../lib/gcc/arm-none-eabi/10.3.1/../../../../arm-none-eabi/lib/thumb/v7-m/nofp/libc_nano.a(lib_a-errno.o)
 .ARM.attributes
                0x000000000000052a       0x2d /home/arashamf/soft/ARM_toolchains/gcc-arm-none-eabi-10.3-2021.10/bin/../lib/gcc/arm-none-eabi/10.3.1/../../../../arm-none-eabi/lib/thumb/v7-m/nofp/libc_nano.a(lib_a-impure.o)
 .ARM.attributes
                0x0000000000000557       0x2d /home/arashamf/soft/ARM_toolchains/gcc-arm-none-eabi-10.3-2021.10/bin/../lib/gcc/arm-none-eabi/10.3.1/../../../../arm-none-eabi/lib/thumb/v7-m/nofp/libc_nano.a(lib_a-init.o)
 .ARM.attributes
                0x0000000000000584       0x2d /home/arashamf/soft/ARM_toolchains/gcc-arm-none-eabi-10.3-2021.10/bin/../lib/gcc/arm-none-eabi/10.3.1/../../../../arm-none-eabi/lib/thumb/v7-m/nofp/libc_nano.a(lib_a-memset.o)
 .ARM.attributes
                0x00000000000005b1       0x2d /home/arashamf/soft/ARM_toolchains/gcc-arm-none-eabi-10.3-2021.10/bin/../lib/gcc/arm-none-eabi/10.3.1/../../../../arm-none-eabi/lib/thumb/v7-m/nofp/libc_nano.a(lib_a-snprintf.o)
 .ARM.attributes
                0x00000000000005de       0x2d /home/arashamf/soft/ARM_toolchains/gcc-arm-none-eabi-10.3-2021.10/bin/../lib/gcc/arm-none-eabi/10.3.1/../../../../arm-none-eabi/lib/thumb/v7-m/nofp/libc_nano.a(lib_a-nano-svfprintf.o)
 .ARM.attributes
                0x000000000000060b       0x2d /home/arashamf/soft/ARM_toolchains/gcc-arm-none-eabi-10.3-2021.10/bin/../lib/gcc/arm-none-eabi/10.3.1/../../../../arm-none-eabi/lib/thumb/v7-m/nofp/libc_nano.a(lib_a-nano-vfprintf_i.o)
 .ARM.attributes
                0x0000000000000638       0x2d /home/arashamf/soft/ARM_toolchains/gcc-arm-none-eabi-10.3-2021.10/bin/../lib/gcc/arm-none-eabi/10.3.1/../../../../arm-none-eabi/lib/thumb/v7-m/nofp/libc_nano.a(lib_a-memchr-stub.o)
 .ARM.attributes
                0x0000000000000665       0x2d /home/arashamf/soft/ARM_toolchains/gcc-arm-none-eabi-10.3-2021.10/bin/../lib/gcc/arm-none-eabi/10.3.1/../../../../arm-none-eabi/lib/thumb/v7-m/nofp/libc_nano.a(lib_a-memcpy-stub.o)
 .ARM.attributes
                0x0000000000000692       0x2d /home/arashamf/soft/ARM_toolchains/gcc-arm-none-eabi-10.3-2021.10/bin/../lib/gcc/arm-none-eabi/10.3.1/../../../../arm-none-eabi/lib/thumb/v7-m/nofp/libc_nano.a(lib_a-memmove.o)
 .ARM.attributes
                0x00000000000006bf       0x2d /home/arashamf/soft/ARM_toolchains/gcc-arm-none-eabi-10.3-2021.10/bin/../lib/gcc/arm-none-eabi/10.3.1/../../../../arm-none-eabi/lib/thumb/v7-m/nofp/libc_nano.a(lib_a-nano-freer.o)
 .ARM.attributes
                0x00000000000006ec       0x2d /home/arashamf/soft/ARM_toolchains/gcc-arm-none-eabi-10.3-2021.10/bin/../lib/gcc/arm-none-eabi/10.3.1/../../../../arm-none-eabi/lib/thumb/v7-m/nofp/libc_nano.a(lib_a-nano-mallocr.o)
 .ARM.attributes
                0x0000000000000719       0x2d /home/arashamf/soft/ARM_toolchains/gcc-arm-none-eabi-10.3-2021.10/bin/../lib/gcc/arm-none-eabi/10.3.1/../../../../arm-none-eabi/lib/thumb/v7-m/nofp/libc_nano.a(lib_a-nano-reallocr.o)
 .ARM.attributes
                0x0000000000000746       0x2d /home/arashamf/soft/ARM_toolchains/gcc-arm-none-eabi-10.3-2021.10/bin/../lib/gcc/arm-none-eabi/10.3.1/../../../../arm-none-eabi/lib/thumb/v7-m/nofp/libc_nano.a(lib_a-sbrkr.o)
 .ARM.attributes
                0x0000000000000773       0x2d /home/arashamf/soft/ARM_toolchains/gcc-arm-none-eabi-10.3-2021.10/bin/../lib/gcc/arm-none-eabi/10.3.1/../../../../arm-none-eabi/lib/thumb/v7-m/nofp/libc_nano.a(lib_a-mlock.o)
 .ARM.attributes
                0x00000000000007a0       0x2d /home/arashamf/soft/ARM_toolchains/gcc-arm-none-eabi-10.3-2021.10/bin/../lib/gcc/arm-none-eabi/10.3.1/../../../../arm-none-eabi/lib/thumb/v7-m/nofp/libc_nano.a(lib_a-nano-msizer.o)
 .ARM.attributes
                0x00000000000007cd       0x2d /home/arashamf/soft/ARM_toolchains/gcc-arm-none-eabi-10.3-2021.10/bin/../lib/gcc/arm-none-eabi/10.3.1/../../../../arm-none-eabi/lib/thumb/v7-m/nofp/libc_nano.a(lib_a-reent.o)
 .ARM.attributes
                0x00000000000007fa       0x2d /home/arashamf/soft/ARM_toolchains/gcc-arm-none-eabi-10.3-2021.10/bin/../lib/gcc/arm-none-eabi/10.3.1/../../../../arm-none-eabi/lib/thumb/v7-m/nofp/libc_nano.a(lib_a-lock.o)
 .ARM.attributes
                0x0000000000000827       0x1d /home/arashamf/soft/ARM_toolchains/gcc-arm-none-eabi-10.3-2021.10/bin/../lib/gcc/arm-none-eabi/10.3.1/thumb/v7-m/nofp/crtn.o
OUTPUT(build/namot_stanok.elf elf32-littlearm)
LOAD linker stubs
LOAD /home/arashamf/soft/ARM_toolchains/gcc-arm-none-eabi-10.3-2021.10/bin/../lib/gcc/arm-none-eabi/10.3.1/../../../../arm-none-eabi/lib/thumb/v7-m/nofp/libc.a
LOAD /home/arashamf/soft/ARM_toolchains/gcc-arm-none-eabi-10.3-2021.10/bin/../lib/gcc/arm-none-eabi/10.3.1/../../../../arm-none-eabi/lib/thumb/v7-m/nofp/libm.a
LOAD /home/arashamf/soft/ARM_toolchains/gcc-arm-none-eabi-10.3-2021.10/bin/../lib/gcc/arm-none-eabi/10.3.1/thumb/v7-m/nofp/libgcc.a

.debug_info     0x0000000000000000    0x13406
 .debug_info    0x0000000000000000     0x123e build/main.o
 .debug_info    0x000000000000123e      0x88e build/button.o
 .debug_info    0x0000000000001acc      0x1ed build/calc_value.o
 .debug_info    0x0000000000001cb9      0xfe0 build/drive.o
 .debug_info    0x0000000000002c99     0x11cb build/gpio.o
 .debug_info    0x0000000000003e64      0x910 build/dma.o
 .debug_info    0x0000000000004774      0x51b build/encoder.o
 .debug_info    0x0000000000004c8f     0x11a6 build/i2c.o
 .debug_info    0x0000000000005e35     0x11f5 build/spi.o
 .debug_info    0x000000000000702a     0x2d2b build/tim.o
 .debug_info    0x0000000000009d55      0x798 build/usart.o
 .debug_info    0x000000000000a4ed      0x58d build/stm32f1xx_it.o
 .debug_info    0x000000000000aa7a      0x910 build/stm32f1xx_ll_gpio.o
 .debug_info    0x000000000000b38a      0x730 build/stm32f1xx_ll_i2c.o
 .debug_info    0x000000000000baba      0x9d5 build/stm32f1xx_ll_rcc.o
 .debug_info    0x000000000000c48f      0xec9 build/stm32f1xx_ll_utils.o
 .debug_info    0x000000000000d358      0x547 build/stm32f1xx_ll_exti.o
 .debug_info    0x000000000000d89f      0x891 build/stm32f1xx_ll_spi.o
 .debug_info    0x000000000000e130     0x1426 build/stm32f1xx_ll_tim.o
 .debug_info    0x000000000000f556      0x8d6 build/stm32f1xx_ll_usart.o
 .debug_info    0x000000000000fe2c      0x2bc build/system_stm32f1xx.o
 .debug_info    0x00000000000100e8      0x185 build/sysmem.o
 .debug_info    0x000000000001026d      0x324 build/fonts.o
 .debug_info    0x0000000000010591      0x9e1 build/menu.o
 .debug_info    0x0000000000010f72     0x2080 build/ssd1306.o
 .debug_info    0x0000000000012ff2      0x3f2 build/ssd1306_interface.o
 .debug_info    0x00000000000133e4       0x22 build/startup_stm32f105xc.o

.debug_abbrev   0x0000000000000000     0x3d09
 .debug_abbrev  0x0000000000000000      0x305 build/main.o
 .debug_abbrev  0x0000000000000305      0x2a7 build/button.o
 .debug_abbrev  0x00000000000005ac       0xd4 build/calc_value.o
 .debug_abbrev  0x0000000000000680      0x383 build/drive.o
 .debug_abbrev  0x0000000000000a03      0x27b build/gpio.o
 .debug_abbrev  0x0000000000000c7e      0x1e0 build/dma.o
 .debug_abbrev  0x0000000000000e5e      0x236 build/encoder.o
 .debug_abbrev  0x0000000000001094      0x2de build/i2c.o
 .debug_abbrev  0x0000000000001372      0x2e4 build/spi.o
 .debug_abbrev  0x0000000000001656      0x3e8 build/tim.o
 .debug_abbrev  0x0000000000001a3e      0x264 build/usart.o
 .debug_abbrev  0x0000000000001ca2      0x1b1 build/stm32f1xx_it.o
 .debug_abbrev  0x0000000000001e53      0x26a build/stm32f1xx_ll_gpio.o
 .debug_abbrev  0x00000000000020bd      0x22f build/stm32f1xx_ll_i2c.o
 .debug_abbrev  0x00000000000022ec      0x2d3 build/stm32f1xx_ll_rcc.o
 .debug_abbrev  0x00000000000025bf      0x341 build/stm32f1xx_ll_utils.o
 .debug_abbrev  0x0000000000002900      0x1d9 build/stm32f1xx_ll_exti.o
 .debug_abbrev  0x0000000000002ad9      0x2c9 build/stm32f1xx_ll_spi.o
 .debug_abbrev  0x0000000000002da2      0x2c0 build/stm32f1xx_ll_tim.o
 .debug_abbrev  0x0000000000003062      0x2b1 build/stm32f1xx_ll_usart.o
 .debug_abbrev  0x0000000000003313      0x11b build/system_stm32f1xx.o
 .debug_abbrev  0x000000000000342e       0xea build/sysmem.o
 .debug_abbrev  0x0000000000003518      0x13d build/fonts.o
 .debug_abbrev  0x0000000000003655      0x1f3 build/menu.o
 .debug_abbrev  0x0000000000003848      0x33a build/ssd1306.o
 .debug_abbrev  0x0000000000003b82      0x175 build/ssd1306_interface.o
 .debug_abbrev  0x0000000000003cf7       0x12 build/startup_stm32f105xc.o

.debug_loc      0x0000000000000000     0x9556
 .debug_loc     0x0000000000000000      0x2a2 build/main.o
 .debug_loc     0x00000000000002a2      0x367 build/button.o
 .debug_loc     0x0000000000000609       0x81 build/calc_value.o
 .debug_loc     0x000000000000068a      0x7f2 build/drive.o
 .debug_loc     0x0000000000000e7c      0x4d0 build/gpio.o
 .debug_loc     0x000000000000134c      0x1a6 build/dma.o
 .debug_loc     0x00000000000014f2      0x127 build/encoder.o
 .debug_loc     0x0000000000001619      0x89f build/i2c.o
 .debug_loc     0x0000000000001eb8      0x6da build/spi.o
 .debug_loc     0x0000000000002592     0x1520 build/tim.o
 .debug_loc     0x0000000000003ab2      0x137 build/usart.o
 .debug_loc     0x0000000000003be9      0x10a build/stm32f1xx_it.o
 .debug_loc     0x0000000000003cf3      0x509 build/stm32f1xx_ll_gpio.o
 .debug_loc     0x00000000000041fc      0x36c build/stm32f1xx_ll_i2c.o
 .debug_loc     0x0000000000004568      0x45d build/stm32f1xx_ll_rcc.o
 .debug_loc     0x00000000000049c5      0x9b0 build/stm32f1xx_ll_utils.o
 .debug_loc     0x0000000000005375      0x2eb build/stm32f1xx_ll_exti.o
 .debug_loc     0x0000000000005660      0x5d9 build/stm32f1xx_ll_spi.o
 .debug_loc     0x0000000000005c39     0x13d2 build/stm32f1xx_ll_tim.o
 .debug_loc     0x000000000000700b      0x5af build/stm32f1xx_ll_usart.o
 .debug_loc     0x00000000000075ba      0x1ea build/system_stm32f1xx.o
 .debug_loc     0x00000000000077a4       0x84 build/sysmem.o
 .debug_loc     0x0000000000007828       0x89 build/fonts.o
 .debug_loc     0x00000000000078b1      0x2d6 build/menu.o
 .debug_loc     0x0000000000007b87     0x1877 build/ssd1306.o
 .debug_loc     0x00000000000093fe      0x158 build/ssd1306_interface.o

.debug_aranges  0x0000000000000000      0x8f8
 .debug_aranges
                0x0000000000000000       0x38 build/main.o
 .debug_aranges
                0x0000000000000038       0x40 build/button.o
 .debug_aranges
                0x0000000000000078       0x20 build/calc_value.o
 .debug_aranges
                0x0000000000000098       0xb0 build/drive.o
 .debug_aranges
                0x0000000000000148       0x20 build/gpio.o
 .debug_aranges
                0x0000000000000168       0x20 build/dma.o
 .debug_aranges
                0x0000000000000188       0x38 build/encoder.o
 .debug_aranges
                0x00000000000001c0       0x48 build/i2c.o
 .debug_aranges
                0x0000000000000208       0x40 build/spi.o
 .debug_aranges
                0x0000000000000248      0x110 build/tim.o
 .debug_aranges
                0x0000000000000358       0x28 build/usart.o
 .debug_aranges
                0x0000000000000380       0x78 build/stm32f1xx_it.o
 .debug_aranges
                0x00000000000003f8       0x30 build/stm32f1xx_ll_gpio.o
 .debug_aranges
                0x0000000000000428       0x30 build/stm32f1xx_ll_i2c.o
 .debug_aranges
                0x0000000000000458       0x78 build/stm32f1xx_ll_rcc.o
 .debug_aranges
                0x00000000000004d0       0x78 build/stm32f1xx_ll_utils.o
 .debug_aranges
                0x0000000000000548       0x30 build/stm32f1xx_ll_exti.o
 .debug_aranges
                0x0000000000000578       0x50 build/stm32f1xx_ll_spi.o
 .debug_aranges
                0x00000000000005c8       0xc0 build/stm32f1xx_ll_tim.o
 .debug_aranges
                0x0000000000000688       0x40 build/stm32f1xx_ll_usart.o
 .debug_aranges
                0x00000000000006c8       0x28 build/system_stm32f1xx.o
 .debug_aranges
                0x00000000000006f0       0x20 build/sysmem.o
 .debug_aranges
                0x0000000000000710       0x20 build/fonts.o
 .debug_aranges
                0x0000000000000730       0x40 build/menu.o
 .debug_aranges
                0x0000000000000770      0x130 build/ssd1306.o
 .debug_aranges
                0x00000000000008a0       0x30 build/ssd1306_interface.o
 .debug_aranges
                0x00000000000008d0       0x28 build/startup_stm32f105xc.o

.debug_ranges   0x0000000000000000      0xa08
 .debug_ranges  0x0000000000000000       0x40 build/main.o
 .debug_ranges  0x0000000000000040       0x30 build/button.o
 .debug_ranges  0x0000000000000070       0x10 build/calc_value.o
 .debug_ranges  0x0000000000000080       0xa0 build/drive.o
 .debug_ranges  0x0000000000000120       0x10 build/gpio.o
 .debug_ranges  0x0000000000000130       0x28 build/dma.o
 .debug_ranges  0x0000000000000158       0x28 build/encoder.o
 .debug_ranges  0x0000000000000180       0x38 build/i2c.o
 .debug_ranges  0x00000000000001b8       0x48 build/spi.o
 .debug_ranges  0x0000000000000200      0x100 build/tim.o
 .debug_ranges  0x0000000000000300       0x18 build/usart.o
 .debug_ranges  0x0000000000000318       0x68 build/stm32f1xx_it.o
 .debug_ranges  0x0000000000000380       0x98 build/stm32f1xx_ll_gpio.o
 .debug_ranges  0x0000000000000418       0x68 build/stm32f1xx_ll_i2c.o
 .debug_ranges  0x0000000000000480       0x68 build/stm32f1xx_ll_rcc.o
 .debug_ranges  0x00000000000004e8       0x68 build/stm32f1xx_ll_utils.o
 .debug_ranges  0x0000000000000550       0x50 build/stm32f1xx_ll_exti.o
 .debug_ranges  0x00000000000005a0       0x58 build/stm32f1xx_ll_spi.o
 .debug_ranges  0x00000000000005f8      0x158 build/stm32f1xx_ll_tim.o
 .debug_ranges  0x0000000000000750       0xd8 build/stm32f1xx_ll_usart.o
 .debug_ranges  0x0000000000000828       0x18 build/system_stm32f1xx.o
 .debug_ranges  0x0000000000000840       0x10 build/sysmem.o
 .debug_ranges  0x0000000000000850       0x10 build/fonts.o
 .debug_ranges  0x0000000000000860       0x48 build/menu.o
 .debug_ranges  0x00000000000008a8      0x120 build/ssd1306.o
 .debug_ranges  0x00000000000009c8       0x20 build/ssd1306_interface.o
 .debug_ranges  0x00000000000009e8       0x20 build/startup_stm32f105xc.o

.debug_line     0x0000000000000000     0xa093
 .debug_line    0x0000000000000000      0x5db build/main.o
 .debug_line    0x00000000000005db      0x6e4 build/button.o
 .debug_line    0x0000000000000cbf      0x19a build/calc_value.o
 .debug_line    0x0000000000000e59      0x8d7 build/drive.o
 .debug_line    0x0000000000001730      0x5d6 build/gpio.o
 .debug_line    0x0000000000001d06      0x285 build/dma.o
 .debug_line    0x0000000000001f8b      0x54f build/encoder.o
 .debug_line    0x00000000000024da      0xa99 build/i2c.o
 .debug_line    0x0000000000002f73      0x639 build/spi.o
 .debug_line    0x00000000000035ac     0x1289 build/tim.o
 .debug_line    0x0000000000004835      0x36b build/usart.o
 .debug_line    0x0000000000004ba0      0x3fe build/stm32f1xx_it.o
 .debug_line    0x0000000000004f9e      0x59f build/stm32f1xx_ll_gpio.o
 .debug_line    0x000000000000553d      0x3b7 build/stm32f1xx_ll_i2c.o
 .debug_line    0x00000000000058f4      0x6df build/stm32f1xx_ll_rcc.o
 .debug_line    0x0000000000005fd3      0x8f8 build/stm32f1xx_ll_utils.o
 .debug_line    0x00000000000068cb      0x3cd build/stm32f1xx_ll_exti.o
 .debug_line    0x0000000000006c98      0x539 build/stm32f1xx_ll_spi.o
 .debug_line    0x00000000000071d1      0xb8f build/stm32f1xx_ll_tim.o
 .debug_line    0x0000000000007d60      0x5a0 build/stm32f1xx_ll_usart.o
 .debug_line    0x0000000000008300      0x28a build/system_stm32f1xx.o
 .debug_line    0x000000000000858a      0x1ef build/sysmem.o
 .debug_line    0x0000000000008779      0x1fd build/fonts.o
 .debug_line    0x0000000000008976      0x5e1 build/menu.o
 .debug_line    0x0000000000008f57      0xe74 build/ssd1306.o
 .debug_line    0x0000000000009dcb      0x254 build/ssd1306_interface.o
 .debug_line    0x000000000000a01f       0x74 build/startup_stm32f105xc.o

.debug_str      0x0000000000000000     0x3938
 .debug_str     0x0000000000000000      0xbdf build/main.o
                                        0xc6b (size before relaxing)
 .debug_str     0x0000000000000bdf      0x223 build/button.o
                                        0x4cb (size before relaxing)
 .debug_str     0x0000000000000e02       0x3f build/calc_value.o
                                        0x2dd (size before relaxing)
 .debug_str     0x0000000000000e41      0x35e build/drive.o
                                        0x794 (size before relaxing)
 .debug_str     0x000000000000119f      0x117 build/gpio.o
                                        0x90a (size before relaxing)
 .debug_str     0x00000000000012b6       0x28 build/dma.o
                                        0x78c (size before relaxing)
 .debug_str     0x00000000000012de       0xb1 build/encoder.o
                                        0x3d2 (size before relaxing)
 .debug_str     0x000000000000138f      0x2a4 build/i2c.o
                                        0x69a (size before relaxing)
 .debug_str     0x0000000000001633      0x3dc build/spi.o
                                        0x7f6 (size before relaxing)
 .debug_str     0x0000000000001a0f      0x639 build/tim.o
                                       0x10d3 (size before relaxing)
 .debug_str     0x0000000000002048      0x10f build/usart.o
                                        0x43f (size before relaxing)
 .debug_str     0x0000000000002157      0x16e build/stm32f1xx_it.o
                                        0x46f (size before relaxing)
 .debug_str     0x00000000000022c5       0xea build/stm32f1xx_ll_gpio.o
                                        0x34e (size before relaxing)
 .debug_str     0x00000000000023af      0x178 build/stm32f1xx_ll_i2c.o
                                        0x3f2 (size before relaxing)
 .debug_str     0x0000000000002527      0x36d build/stm32f1xx_ll_rcc.o
                                        0x610 (size before relaxing)
 .debug_str     0x0000000000002894      0x30f build/stm32f1xx_ll_utils.o
                                        0x726 (size before relaxing)
 .debug_str     0x0000000000002ba3      0x133 build/stm32f1xx_ll_exti.o
                                        0x34d (size before relaxing)
 .debug_str     0x0000000000002cd6      0x163 build/stm32f1xx_ll_spi.o
                                        0x4de (size before relaxing)
 .debug_str     0x0000000000002e39      0x375 build/stm32f1xx_ll_tim.o
                                        0x845 (size before relaxing)
 .debug_str     0x00000000000031ae      0x15d build/stm32f1xx_ll_usart.o
                                        0x4d1 (size before relaxing)
 .debug_str     0x000000000000330b       0x78 build/system_stm32f1xx.o
                                        0x25b (size before relaxing)
 .debug_str     0x0000000000003383       0x7a build/sysmem.o
                                        0x1f0 (size before relaxing)
 .debug_str     0x00000000000033fd       0xa4 build/fonts.o
                                        0x288 (size before relaxing)
 .debug_str     0x00000000000034a1      0x131 build/menu.o
                                        0x71d (size before relaxing)
 .debug_str     0x00000000000035d2      0x304 build/ssd1306.o
                                        0x7eb (size before relaxing)
 .debug_str     0x00000000000038d6       0x3e build/ssd1306_interface.o
                                        0x38f (size before relaxing)
 .debug_str     0x0000000000003914       0x24 build/startup_stm32f105xc.o
                                         0x4b (size before relaxing)

.comment        0x0000000000000000       0x49
 .comment       0x0000000000000000       0x49 build/main.o
                                         0x4a (size before relaxing)
 .comment       0x0000000000000049       0x4a build/button.o
 .comment       0x0000000000000049       0x4a build/calc_value.o
 .comment       0x0000000000000049       0x4a build/drive.o
 .comment       0x0000000000000049       0x4a build/gpio.o
 .comment       0x0000000000000049       0x4a build/dma.o
 .comment       0x0000000000000049       0x4a build/encoder.o
 .comment       0x0000000000000049       0x4a build/i2c.o
 .comment       0x0000000000000049       0x4a build/spi.o
 .comment       0x0000000000000049       0x4a build/tim.o
 .comment       0x0000000000000049       0x4a build/usart.o
 .comment       0x0000000000000049       0x4a build/stm32f1xx_it.o
 .comment       0x0000000000000049       0x4a build/stm32f1xx_ll_gpio.o
 .comment       0x0000000000000049       0x4a build/stm32f1xx_ll_i2c.o
 .comment       0x0000000000000049       0x4a build/stm32f1xx_ll_rcc.o
 .comment       0x0000000000000049       0x4a build/stm32f1xx_ll_utils.o
 .comment       0x0000000000000049       0x4a build/stm32f1xx_ll_exti.o
 .comment       0x0000000000000049       0x4a build/stm32f1xx_ll_spi.o
 .comment       0x0000000000000049       0x4a build/stm32f1xx_ll_tim.o
 .comment       0x0000000000000049       0x4a build/stm32f1xx_ll_usart.o
 .comment       0x0000000000000049       0x4a build/system_stm32f1xx.o
 .comment       0x0000000000000049       0x4a build/sysmem.o
 .comment       0x0000000000000049       0x4a build/fonts.o
 .comment       0x0000000000000049       0x4a build/menu.o
 .comment       0x0000000000000049       0x4a build/ssd1306.o
 .comment       0x0000000000000049       0x4a build/ssd1306_interface.o

.debug_frame    0x0000000000000000     0x1968
 .debug_frame   0x0000000000000000       0x60 build/main.o
 .debug_frame   0x0000000000000060       0x70 build/button.o
 .debug_frame   0x00000000000000d0       0x20 build/calc_value.o
 .debug_frame   0x00000000000000f0      0x1bc build/drive.o
 .debug_frame   0x00000000000002ac       0x3c build/gpio.o
 .debug_frame   0x00000000000002e8       0x2c build/dma.o
 .debug_frame   0x0000000000000314       0x68 build/encoder.o
 .debug_frame   0x000000000000037c       0xb8 build/i2c.o
 .debug_frame   0x0000000000000434       0x80 build/spi.o
 .debug_frame   0x00000000000004b4      0x2e0 build/tim.o
 .debug_frame   0x0000000000000794       0x40 build/usart.o
 .debug_frame   0x00000000000007d4       0xe8 build/stm32f1xx_it.o
 .debug_frame   0x00000000000008bc       0x6c build/stm32f1xx_ll_gpio.o
 .debug_frame   0x0000000000000928       0x58 build/stm32f1xx_ll_i2c.o
 .debug_frame   0x0000000000000980      0x104 build/stm32f1xx_ll_rcc.o
 .debug_frame   0x0000000000000a84      0x120 build/stm32f1xx_ll_utils.o
 .debug_frame   0x0000000000000ba4       0x50 build/stm32f1xx_ll_exti.o
 .debug_frame   0x0000000000000bf4       0xb0 build/stm32f1xx_ll_spi.o
 .debug_frame   0x0000000000000ca4      0x1f8 build/stm32f1xx_ll_tim.o
 .debug_frame   0x0000000000000e9c       0x7c build/stm32f1xx_ll_usart.o
 .debug_frame   0x0000000000000f18       0x30 build/system_stm32f1xx.o
 .debug_frame   0x0000000000000f48       0x28 build/sysmem.o
 .debug_frame   0x0000000000000f70       0x2c build/fonts.o
 .debug_frame   0x0000000000000f9c       0xa8 build/menu.o
 .debug_frame   0x0000000000001044      0x434 build/ssd1306.o
 .debug_frame   0x0000000000001478       0x58 build/ssd1306_interface.o
 .debug_frame   0x00000000000014d0       0x20 /home/arashamf/soft/ARM_toolchains/gcc-arm-none-eabi-10.3-2021.10/bin/../lib/gcc/arm-none-eabi/10.3.1/../../../../arm-none-eabi/lib/thumb/v7-m/nofp/libc_nano.a(lib_a-errno.o)
 .debug_frame   0x00000000000014f0       0x2c /home/arashamf/soft/ARM_toolchains/gcc-arm-none-eabi-10.3-2021.10/bin/../lib/gcc/arm-none-eabi/10.3.1/../../../../arm-none-eabi/lib/thumb/v7-m/nofp/libc_nano.a(lib_a-init.o)
 .debug_frame   0x000000000000151c       0x20 /home/arashamf/soft/ARM_toolchains/gcc-arm-none-eabi-10.3-2021.10/bin/../lib/gcc/arm-none-eabi/10.3.1/../../../../arm-none-eabi/lib/thumb/v7-m/nofp/libc_nano.a(lib_a-memset.o)
 .debug_frame   0x000000000000153c       0x7c /home/arashamf/soft/ARM_toolchains/gcc-arm-none-eabi-10.3-2021.10/bin/../lib/gcc/arm-none-eabi/10.3.1/../../../../arm-none-eabi/lib/thumb/v7-m/nofp/libc_nano.a(lib_a-snprintf.o)
 .debug_frame   0x00000000000015b8       0x90 /home/arashamf/soft/ARM_toolchains/gcc-arm-none-eabi-10.3-2021.10/bin/../lib/gcc/arm-none-eabi/10.3.1/../../../../arm-none-eabi/lib/thumb/v7-m/nofp/libc_nano.a(lib_a-nano-svfprintf.o)
 .debug_frame   0x0000000000001648       0x60 /home/arashamf/soft/ARM_toolchains/gcc-arm-none-eabi-10.3-2021.10/bin/../lib/gcc/arm-none-eabi/10.3.1/../../../../arm-none-eabi/lib/thumb/v7-m/nofp/libc_nano.a(lib_a-nano-vfprintf_i.o)
 .debug_frame   0x00000000000016a8       0x28 /home/arashamf/soft/ARM_toolchains/gcc-arm-none-eabi-10.3-2021.10/bin/../lib/gcc/arm-none-eabi/10.3.1/../../../../arm-none-eabi/lib/thumb/v7-m/nofp/libc_nano.a(lib_a-memchr-stub.o)
 .debug_frame   0x00000000000016d0       0x28 /home/arashamf/soft/ARM_toolchains/gcc-arm-none-eabi-10.3-2021.10/bin/../lib/gcc/arm-none-eabi/10.3.1/../../../../arm-none-eabi/lib/thumb/v7-m/nofp/libc_nano.a(lib_a-memcpy-stub.o)
 .debug_frame   0x00000000000016f8       0x28 /home/arashamf/soft/ARM_toolchains/gcc-arm-none-eabi-10.3-2021.10/bin/../lib/gcc/arm-none-eabi/10.3.1/../../../../arm-none-eabi/lib/thumb/v7-m/nofp/libc_nano.a(lib_a-memmove.o)
 .debug_frame   0x0000000000001720       0x38 /home/arashamf/soft/ARM_toolchains/gcc-arm-none-eabi-10.3-2021.10/bin/../lib/gcc/arm-none-eabi/10.3.1/../../../../arm-none-eabi/lib/thumb/v7-m/nofp/libc_nano.a(lib_a-nano-freer.o)
 .debug_frame   0x0000000000001758       0x4c /home/arashamf/soft/ARM_toolchains/gcc-arm-none-eabi-10.3-2021.10/bin/../lib/gcc/arm-none-eabi/10.3.1/../../../../arm-none-eabi/lib/thumb/v7-m/nofp/libc_nano.a(lib_a-nano-mallocr.o)
 .debug_frame   0x00000000000017a4       0x3c /home/arashamf/soft/ARM_toolchains/gcc-arm-none-eabi-10.3-2021.10/bin/../lib/gcc/arm-none-eabi/10.3.1/../../../../arm-none-eabi/lib/thumb/v7-m/nofp/libc_nano.a(lib_a-nano-reallocr.o)
 .debug_frame   0x00000000000017e0       0x2c /home/arashamf/soft/ARM_toolchains/gcc-arm-none-eabi-10.3-2021.10/bin/../lib/gcc/arm-none-eabi/10.3.1/../../../../arm-none-eabi/lib/thumb/v7-m/nofp/libc_nano.a(lib_a-sbrkr.o)
 .debug_frame   0x000000000000180c       0x30 /home/arashamf/soft/ARM_toolchains/gcc-arm-none-eabi-10.3-2021.10/bin/../lib/gcc/arm-none-eabi/10.3.1/../../../../arm-none-eabi/lib/thumb/v7-m/nofp/libc_nano.a(lib_a-mlock.o)
 .debug_frame   0x000000000000183c       0x20 /home/arashamf/soft/ARM_toolchains/gcc-arm-none-eabi-10.3-2021.10/bin/../lib/gcc/arm-none-eabi/10.3.1/../../../../arm-none-eabi/lib/thumb/v7-m/nofp/libc_nano.a(lib_a-nano-msizer.o)
 .debug_frame   0x000000000000185c       0x5c /home/arashamf/soft/ARM_toolchains/gcc-arm-none-eabi-10.3-2021.10/bin/../lib/gcc/arm-none-eabi/10.3.1/../../../../arm-none-eabi/lib/thumb/v7-m/nofp/libc_nano.a(lib_a-reent.o)
 .debug_frame   0x00000000000018b8       0xb0 /home/arashamf/soft/ARM_toolchains/gcc-arm-none-eabi-10.3-2021.10/bin/../lib/gcc/arm-none-eabi/10.3.1/../../../../arm-none-eabi/lib/thumb/v7-m/nofp/libc_nano.a(lib_a-lock.o)

Cross Reference Table

Symbol                                            File
ADC1_2_IRQHandler                                 build/startup_stm32f105xc.o
AHBPrescTable                                     build/system_stm32f1xx.o
                                                  build/stm32f1xx_ll_utils.o
                                                  build/stm32f1xx_ll_rcc.o
APBPrescTable                                     build/system_stm32f1xx.o
                                                  build/stm32f1xx_ll_rcc.o
BusFault_Handler                                  build/stm32f1xx_it.o
ButtonBounceCallback                              build/button.o
                                                  build/tim.o
CAN1_RX0_IRQHandler                               build/startup_stm32f105xc.o
CAN1_RX1_IRQHandler                               build/startup_stm32f105xc.o
CAN1_SCE_IRQHandler                               build/startup_stm32f105xc.o
CAN1_TX_IRQHandler                                build/startup_stm32f105xc.o
CAN2_RX0_IRQHandler                               build/startup_stm32f105xc.o
CAN2_RX1_IRQHandler                               build/startup_stm32f105xc.o
CAN2_SCE_IRQHandler                               build/startup_stm32f105xc.o
CAN2_TX_IRQHandler                                build/startup_stm32f105xc.o
Counter_PWM_Drive1_Callback                       build/drive.o
                                                  build/tim.o
Counter_PWM_Drive2_Callback                       build/drive.o
                                                  build/tim.o
DBG_PutString                                     build/usart.o
DMA1_Channel1_IRQHandler                          build/startup_stm32f105xc.o
DMA1_Channel2_IRQHandler                          build/startup_stm32f105xc.o
DMA1_Channel3_IRQHandler                          build/startup_stm32f105xc.o
DMA1_Channel4_IRQHandler                          build/startup_stm32f105xc.o
DMA1_Channel5_Callback                            build/spi.o
                                                  build/stm32f1xx_it.o
DMA1_Channel5_IRQHandler                          build/stm32f1xx_it.o
DMA1_Channel6_IRQHandler                          build/startup_stm32f105xc.o
DMA1_Channel7_IRQHandler                          build/startup_stm32f105xc.o
DMA2_Channel1_IRQHandler                          build/startup_stm32f105xc.o
DMA2_Channel2_IRQHandler                          build/startup_stm32f105xc.o
DMA2_Channel3_IRQHandler                          build/startup_stm32f105xc.o
DMA2_Channel4_IRQHandler                          build/startup_stm32f105xc.o
DMA2_Channel5_IRQHandler                          build/startup_stm32f105xc.o
DebugMon_Handler                                  build/stm32f1xx_it.o
Default_Handler                                   build/startup_stm32f105xc.o
Drive1_PWM_repeat                                 build/tim.o
Drive1_PWM_start                                  build/tim.o
                                                  build/drive.o
Drive1_PWM_stop                                   build/tim.o
                                                  build/drive.o
Drive2_PWM_repeat                                 build/tim.o
Drive2_PWM_start                                  build/tim.o
                                                  build/drive.o
Drive2_PWM_stop                                   build/tim.o
                                                  build/drive.o
Drives_PWM                                        build/drive.o
Drives_PWM_start                                  build/tim.o
                                                  build/drive.o
EEPROM_RX_Buf                                     build/eeprom.o
EEPROM_TX_Buf                                     build/eeprom.o
EXTI0_IRQHandler                                  build/startup_stm32f105xc.o
EXTI15_10_IRQHandler                              build/stm32f1xx_it.o
EXTI1_IRQHandler                                  build/startup_stm32f105xc.o
EXTI2_IRQHandler                                  build/stm32f1xx_it.o
EXTI3_IRQHandler                                  build/startup_stm32f105xc.o
EXTI4_IRQHandler                                  build/startup_stm32f105xc.o
EXTI9_5_IRQHandler                                build/startup_stm32f105xc.o
EncoderDelayCallback                              build/encoder.o
                                                  build/tim.o
Error_Handler                                     build/main.o
FLASH_IRQHandler                                  build/startup_stm32f105xc.o
FONTS_GetStringSize                               build/fonts.o
Font11x17                                         build/fonts.o
Font16x26                                         build/fonts.o
Font7x10                                          build/fonts.o
Font_11x17                                        build/fonts.o
                                                  build/ssd1306.o
Font_16x26                                        build/fonts.o
                                                  build/ssd1306.o
Font_7x10                                         build/fonts.o
                                                  build/ssd1306.o
GetCoilData                                       build/eeprom.o
HardFault_Handler                                 build/stm32f1xx_it.o
HardStop_Drives                                   build/drive.o
                                                  build/menu.o
I2C1_ER_IRQHandler                                build/startup_stm32f105xc.o
I2C1_EV_IRQHandler                                build/startup_stm32f105xc.o
I2C2_ER_IRQHandler                                build/startup_stm32f105xc.o
I2C2_EV_IRQHandler                                build/startup_stm32f105xc.o
I2C_ReadBuffer                                    build/i2c.o
                                                  build/eeprom.o
I2C_ReadByte                                      build/i2c.o
I2C_WriteBuffer                                   build/i2c.o
                                                  build/eeprom.o
I2C_WriteByte                                     build/i2c.o
                                                  build/eeprom.o
IWDG_Init                                         build/iwdg.o
IWDG_Reset                                        build/iwdg.o
LCD_buff                                          build/ssd1306.o
LL_DMA_DeInit                                     build/stm32f1xx_ll_dma.o
LL_DMA_Init                                       build/stm32f1xx_ll_dma.o
LL_DMA_StructInit                                 build/stm32f1xx_ll_dma.o
LL_EXTI_DeInit                                    build/stm32f1xx_ll_exti.o
LL_EXTI_Init                                      build/stm32f1xx_ll_exti.o
                                                  build/gpio.o
LL_EXTI_StructInit                                build/stm32f1xx_ll_exti.o
LL_GPIO_DeInit                                    build/stm32f1xx_ll_gpio.o
LL_GPIO_Init                                      build/stm32f1xx_ll_gpio.o
                                                  build/usart.o
                                                  build/tim.o
                                                  build/spi.o
                                                  build/i2c.o
                                                  build/gpio.o
LL_GPIO_StructInit                                build/stm32f1xx_ll_gpio.o
LL_I2C_DeInit                                     build/stm32f1xx_ll_i2c.o
LL_I2C_Init                                       build/stm32f1xx_ll_i2c.o
                                                  build/i2c.o
LL_I2C_StructInit                                 build/stm32f1xx_ll_i2c.o
LL_I2S_ConfigPrescaler                            build/stm32f1xx_ll_spi.o
LL_I2S_DeInit                                     build/stm32f1xx_ll_spi.o
LL_I2S_Init                                       build/stm32f1xx_ll_spi.o
LL_I2S_StructInit                                 build/stm32f1xx_ll_spi.o
LL_Init1msTick                                    build/stm32f1xx_ll_utils.o
                                                  build/main.o
LL_PLL_ConfigSystemClock_HSE                      build/stm32f1xx_ll_utils.o
LL_PLL_ConfigSystemClock_HSI                      build/stm32f1xx_ll_utils.o
LL_PLL_ConfigSystemClock_PLL2                     build/stm32f1xx_ll_utils.o
LL_PWR_DeInit                                     build/stm32f1xx_ll_pwr.o
LL_RCC_DeInit                                     build/stm32f1xx_ll_rcc.o
LL_RCC_GetADCClockFreq                            build/stm32f1xx_ll_rcc.o
LL_RCC_GetI2SClockFreq                            build/stm32f1xx_ll_rcc.o
LL_RCC_GetSystemClocksFreq                        build/stm32f1xx_ll_rcc.o
                                                  build/stm32f1xx_ll_usart.o
                                                  build/stm32f1xx_ll_spi.o
                                                  build/stm32f1xx_ll_i2c.o
LL_RCC_GetUSBClockFreq                            build/stm32f1xx_ll_rcc.o
LL_SPI_DeInit                                     build/stm32f1xx_ll_spi.o
LL_SPI_Init                                       build/stm32f1xx_ll_spi.o
                                                  build/spi.o
LL_SPI_StructInit                                 build/stm32f1xx_ll_spi.o
LL_SetFlashLatency                                build/stm32f1xx_ll_utils.o
LL_SetSystemCoreClock                             build/stm32f1xx_ll_utils.o
                                                  build/main.o
LL_TIM_BDTR_Init                                  build/stm32f1xx_ll_tim.o
                                                  build/tim.o
LL_TIM_BDTR_StructInit                            build/stm32f1xx_ll_tim.o
LL_TIM_DeInit                                     build/stm32f1xx_ll_tim.o
LL_TIM_ENCODER_Init                               build/stm32f1xx_ll_tim.o
LL_TIM_ENCODER_StructInit                         build/stm32f1xx_ll_tim.o
LL_TIM_HALLSENSOR_Init                            build/stm32f1xx_ll_tim.o
LL_TIM_HALLSENSOR_StructInit                      build/stm32f1xx_ll_tim.o
LL_TIM_IC_Init                                    build/stm32f1xx_ll_tim.o
LL_TIM_IC_StructInit                              build/stm32f1xx_ll_tim.o
LL_TIM_Init                                       build/stm32f1xx_ll_tim.o
                                                  build/tim.o
LL_TIM_OC_Init                                    build/stm32f1xx_ll_tim.o
                                                  build/tim.o
LL_TIM_OC_StructInit                              build/stm32f1xx_ll_tim.o
LL_TIM_StructInit                                 build/stm32f1xx_ll_tim.o
LL_USART_ClockInit                                build/stm32f1xx_ll_usart.o
LL_USART_ClockStructInit                          build/stm32f1xx_ll_usart.o
LL_USART_DeInit                                   build/stm32f1xx_ll_usart.o
LL_USART_Init                                     build/stm32f1xx_ll_usart.o
                                                  build/usart.o
LL_USART_StructInit                               build/stm32f1xx_ll_usart.o
LL_mDelay                                         build/stm32f1xx_ll_utils.o
Left_Sensor_Callback                              build/drive.o
                                                  build/stm32f1xx_it.o
MX_DMA_Init                                       build/dma.o
                                                  build/main.o
MX_GPIO_Init                                      build/gpio.o
                                                  build/main.o
MX_I2C1_Init                                      build/i2c.o
                                                  build/main.o
MX_SPI2_Init                                      build/spi.o
                                                  build/main.o
MX_TIM1_Init                                      build/tim.o
                                                  build/main.o
MX_TIM3_Init                                      build/tim.o
                                                  build/main.o
MX_TIM4_Init                                      build/tim.o
                                                  build/main.o
MX_TIM5_Init                                      build/tim.o
                                                  build/main.o
MX_USART3_UART_Init                               build/usart.o
                                                  build/main.o
MemManage_Handler                                 build/stm32f1xx_it.o
NMI_Handler                                       build/stm32f1xx_it.o
OTG_FS_IRQHandler                                 build/startup_stm32f105xc.o
OTG_FS_WKUP_IRQHandler                            build/startup_stm32f105xc.o
PVD_IRQHandler                                    build/startup_stm32f105xc.o
PendSV_Handler                                    build/stm32f1xx_it.o
Pos_Enc1                                          build/main.o
RCC_GetHCLKClockFreq                              build/stm32f1xx_ll_rcc.o
RCC_GetPCLK1ClockFreq                             build/stm32f1xx_ll_rcc.o
RCC_GetPCLK2ClockFreq                             build/stm32f1xx_ll_rcc.o
RCC_GetSystemClockFreq                            build/stm32f1xx_ll_rcc.o
RCC_IRQHandler                                    build/startup_stm32f105xc.o
RCC_PLL2_GetFreqClockFreq                         build/stm32f1xx_ll_rcc.o
RCC_PLLI2S_GetFreqDomain_I2S                      build/stm32f1xx_ll_rcc.o
RCC_PLL_GetFreqDomain_SYS                         build/stm32f1xx_ll_rcc.o
RTC_Alarm_IRQHandler                              build/startup_stm32f105xc.o
RTC_IRQHandler                                    build/startup_stm32f105xc.o
Reset_Handler                                     build/startup_stm32f105xc.o
Right_Sensor_Callback                             build/drive.o
                                                  build/stm32f1xx_it.o
SPI1_IRQHandler                                   build/startup_stm32f105xc.o
SPI2_IRQHandler                                   build/startup_stm32f105xc.o
SPI3_IRQHandler                                   build/startup_stm32f105xc.o
SSD1306_Buffer                                    build/ssd1306.o
                                                  build/spi.o
SSD1306_Clear_Screen                              build/ssd1306.o
SSD1306_DrawCircle                                build/ssd1306.o
SSD1306_DrawFilledCircle                          build/ssd1306.o
SSD1306_DrawFilledRectangle                       build/ssd1306.o
SSD1306_DrawFilledTriangle                        build/ssd1306.o
SSD1306_DrawLine                                  build/ssd1306.o
SSD1306_DrawPixel                                 build/ssd1306.o
SSD1306_DrawRectangle                             build/ssd1306.o
SSD1306_DrawTriangle                              build/ssd1306.o
SSD1306_Fill                                      build/ssd1306.o
SSD1306_GotoXY                                    build/ssd1306.o
SSD1306_PageAdress                                build/ssd1306.o
                                                  build/spi.o
SSD1306_PutChar                                   build/ssd1306.o
SSD1306_PutString                                 build/ssd1306.o
SSD1306_Putc                                      build/ssd1306.o
SSD1306_Puts                                      build/ssd1306.o
SSD1306_ToggleInvert                              build/ssd1306.o
SSD1306_UpdateScreen                              build/ssd1306.o
SVC_Handler                                       build/stm32f1xx_it.o
SaveByte_In_EEPROM                                build/eeprom.o
SaveCoilData                                      build/eeprom.o
SoftStop_Drives                                   build/drive.o
                                                  build/menu.o
Stop_Count_Timers                                 build/tim.o
                                                  build/menu.o
                                                  build/drive.o
SysTick_Callback                                  build/tim.o
SysTick_Handler                                   build/stm32f1xx_it.o
SystemClock_Config                                build/main.o
SystemCoreClock                                   build/system_stm32f1xx.o
                                                  build/stm32f1xx_ll_utils.o