Archive member included to satisfy reference by file (symbol)

/home/arashamf/soft/ARM_toolchains/gcc-arm-none-eabi-10.3-2021.10/bin/../lib/gcc/arm-none-eabi/10.3.1/../../../../arm-none-eabi/lib/thumb/v7-m/nofp/libc_nano.a(lib_a-errno.o)
                              build/sysmem.o (__errno)
/home/arashamf/soft/ARM_toolchains/gcc-arm-none-eabi-10.3-2021.10/bin/../lib/gcc/arm-none-eabi/10.3.1/../../../../arm-none-eabi/lib/thumb/v7-m/nofp/libc_nano.a(lib_a-exit.o)
                              /home/arashamf/soft/ARM_toolchains/gcc-arm-none-eabi-10.3-2021.10/bin/../lib/gcc/arm-none-eabi/10.3.1/../../../../arm-none-eabi/lib/thumb/v7-m/nofp/crt0.o (exit)
/home/arashamf/soft/ARM_toolchains/gcc-arm-none-eabi-10.3-2021.10/bin/../lib/gcc/arm-none-eabi/10.3.1/../../../../arm-none-eabi/lib/thumb/v7-m/nofp/libc_nano.a(lib_a-impure.o)
                              /home/arashamf/soft/ARM_toolchains/gcc-arm-none-eabi-10.3-2021.10/bin/../lib/gcc/arm-none-eabi/10.3.1/../../../../arm-none-eabi/lib/thumb/v7-m/nofp/libc_nano.a(lib_a-exit.o) (_global_impure_ptr)
/home/arashamf/soft/ARM_toolchains/gcc-arm-none-eabi-10.3-2021.10/bin/../lib/gcc/arm-none-eabi/10.3.1/../../../../arm-none-eabi/lib/thumb/v7-m/nofp/libc_nano.a(lib_a-init.o)
                              /home/arashamf/soft/ARM_toolchains/gcc-arm-none-eabi-10.3-2021.10/bin/../lib/gcc/arm-none-eabi/10.3.1/../../../../arm-none-eabi/lib/thumb/v7-m/nofp/crt0.o (__libc_init_array)
/home/arashamf/soft/ARM_toolchains/gcc-arm-none-eabi-10.3-2021.10/bin/../lib/gcc/arm-none-eabi/10.3.1/../../../../arm-none-eabi/lib/thumb/v7-m/nofp/libc_nano.a(lib_a-memset.o)
                              /home/arashamf/soft/ARM_toolchains/gcc-arm-none-eabi-10.3-2021.10/bin/../lib/gcc/arm-none-eabi/10.3.1/../../../../arm-none-eabi/lib/thumb/v7-m/nofp/crt0.o (memset)
/home/arashamf/soft/ARM_toolchains/gcc-arm-none-eabi-10.3-2021.10/bin/../lib/gcc/arm-none-eabi/10.3.1/../../../../arm-none-eabi/lib/thumb/v7-m/nofp/libc_nano.a(lib_a-snprintf.o)
                              build/ssd1306.o (snprintf)
/home/arashamf/soft/ARM_toolchains/gcc-arm-none-eabi-10.3-2021.10/bin/../lib/gcc/arm-none-eabi/10.3.1/../../../../arm-none-eabi/lib/thumb/v7-m/nofp/libc_nano.a(lib_a-strlen.o)
                              build/fonts.o (strlen)
/home/arashamf/soft/ARM_toolchains/gcc-arm-none-eabi-10.3-2021.10/bin/../lib/gcc/arm-none-eabi/10.3.1/../../../../arm-none-eabi/lib/thumb/v7-m/nofp/libc_nano.a(lib_a-nano-svfprintf.o)
                              /home/arashamf/soft/ARM_toolchains/gcc-arm-none-eabi-10.3-2021.10/bin/../lib/gcc/arm-none-eabi/10.3.1/../../../../arm-none-eabi/lib/thumb/v7-m/nofp/libc_nano.a(lib_a-snprintf.o) (_svfprintf_r)
/home/arashamf/soft/ARM_toolchains/gcc-arm-none-eabi-10.3-2021.10/bin/../lib/gcc/arm-none-eabi/10.3.1/../../../../arm-none-eabi/lib/thumb/v7-m/nofp/libc_nano.a(lib_a-nano-vfprintf_i.o)
                              /home/arashamf/soft/ARM_toolchains/gcc-arm-none-eabi-10.3-2021.10/bin/../lib/gcc/arm-none-eabi/10.3.1/../../../../arm-none-eabi/lib/thumb/v7-m/nofp/libc_nano.a(lib_a-nano-svfprintf.o) (_printf_i)
/home/arashamf/soft/ARM_toolchains/gcc-arm-none-eabi-10.3-2021.10/bin/../lib/gcc/arm-none-eabi/10.3.1/../../../../arm-none-eabi/lib/thumb/v7-m/nofp/libc_nano.a(lib_a-memchr-stub.o)
                              /home/arashamf/soft/ARM_toolchains/gcc-arm-none-eabi-10.3-2021.10/bin/../lib/gcc/arm-none-eabi/10.3.1/../../../../arm-none-eabi/lib/thumb/v7-m/nofp/libc_nano.a(lib_a-nano-svfprintf.o) (memchr)
/home/arashamf/soft/ARM_toolchains/gcc-arm-none-eabi-10.3-2021.10/bin/../lib/gcc/arm-none-eabi/10.3.1/../../../../arm-none-eabi/lib/thumb/v7-m/nofp/libc_nano.a(lib_a-memcpy-stub.o)
                              /home/arashamf/soft/ARM_toolchains/gcc-arm-none-eabi-10.3-2021.10/bin/../lib/gcc/arm-none-eabi/10.3.1/../../../../arm-none-eabi/lib/thumb/v7-m/nofp/libc_nano.a(lib_a-nano-svfprintf.o) (memcpy)
/home/arashamf/soft/ARM_toolchains/gcc-arm-none-eabi-10.3-2021.10/bin/../lib/gcc/arm-none-eabi/10.3.1/../../../../arm-none-eabi/lib/thumb/v7-m/nofp/libc_nano.a(lib_a-memmove.o)
                              /home/arashamf/soft/ARM_toolchains/gcc-arm-none-eabi-10.3-2021.10/bin/../lib/gcc/arm-none-eabi/10.3.1/../../../../arm-none-eabi/lib/thumb/v7-m/nofp/libc_nano.a(lib_a-nano-svfprintf.o) (memmove)
/home/arashamf/soft/ARM_toolchains/gcc-arm-none-eabi-10.3-2021.10/bin/../lib/gcc/arm-none-eabi/10.3.1/../../../../arm-none-eabi/lib/thumb/v7-m/nofp/libc_nano.a(lib_a-nano-freer.o)
                              /home/arashamf/soft/ARM_toolchains/gcc-arm-none-eabi-10.3-2021.10/bin/../lib/gcc/arm-none-eabi/10.3.1/../../../../arm-none-eabi/lib/thumb/v7-m/nofp/libc_nano.a(lib_a-nano-svfprintf.o) (_free_r)
/home/arashamf/soft/ARM_toolchains/gcc-arm-none-eabi-10.3-2021.10/bin/../lib/gcc/arm-none-eabi/10.3.1/../../../../arm-none-eabi/lib/thumb/v7-m/nofp/libc_nano.a(lib_a-nano-mallocr.o)
[...]
Memory Configuration

Name             Origin             Length             Attributes
RAM              0x0000000020000000 0x0000000000010000 xrw
FLASH            0x0000000008000000 0x0000000000020000 xr
*default*        0x0000000000000000 0xffffffffffffffff

Linker script and memory map

LOAD /home/arashamf/soft/ARM_toolchains/gcc-arm-none-eabi-10.3-2021.10/bin/../lib/gcc/arm-none-eabi/10.3.1/thumb/v7-m/nofp/crti.o
LOAD /home/arashamf/soft/ARM_toolchains/gcc-arm-none-eabi-10.3-2021.10/bin/../lib/gcc/arm-none-eabi/10.3.1/thumb/v7-m/nofp/crtbegin.o
LOAD /home/arashamf/soft/ARM_toolchains/gcc-arm-none-eabi-10.3-2021.10/bin/../lib/gcc/arm-none-eabi/10.3.1/../../../../arm-none-eabi/lib/thumb/v7-m/nofp/crt0.o
LOAD build/main.o
LOAD build/button.o
LOAD build/calc_value.o
LOAD build/drive.o
LOAD build/gpio.o
LOAD build/dma.o
LOAD build/eeprom.o
LOAD build/encoder.o
LOAD build/i2c.o
LOAD build/iwdg.o
LOAD build/spi.o
LOAD build/tim.o
LOAD build/usart.o
LOAD build/stm32f1xx_it.o
LOAD build/stm32f1xx_ll_gpio.o
LOAD build/stm32f1xx_ll_dma.o
LOAD build/stm32f1xx_ll_i2c.o
LOAD build/stm32f1xx_ll_rcc.o
LOAD build/stm32f1xx_ll_utils.o
LOAD build/stm32f1xx_ll_exti.o
LOAD build/stm32f1xx_ll_spi.o
LOAD build/stm32f1xx_ll_tim.o
LOAD build/stm32f1xx_ll_usart.o
LOAD build/system_stm32f1xx.o
LOAD build/sysmem.o
LOAD build/syscalls.o
LOAD build/fonts.o
LOAD build/menu.o
LOAD build/ssd1306.o
LOAD build/ssd1306_interface.o
LOAD build/stm32f1xx_ll_pwr.o
LOAD build/startup_stm32f105xc.o
LOAD /home/arashamf/soft/ARM_toolchains/gcc-arm-none-eabi-10.3-2021.10/bin/../lib/gcc/arm-none-eabi/10.3.1/../../../../arm-none-eabi/lib/thumb/v7-m/nofp/libc_nano.a
LOAD /home/arashamf/soft/ARM_toolchains/gcc-arm-none-eabi-10.3-2021.10/bin/../lib/gcc/arm-none-eabi/10.3.1/../../../../arm-none-eabi/lib/thumb/v7-m/nofp/libm.a
LOAD /home/arashamf/soft/ARM_toolchains/gcc-arm-none-eabi-10.3-2021.10/bin/../lib/gcc/arm-none-eabi/10.3.1/../../../../arm-none-eabi/lib/thumb/v7-m/nofp/libnosys.a
START GROUP
LOAD /home/arashamf/soft/ARM_toolchains/gcc-arm-none-eabi-10.3-2021.10/bin/../lib/gcc/arm-none-eabi/10.3.1/thumb/v7-m/nofp/libgcc.a
LOAD /home/arashamf/soft/ARM_toolchains/gcc-arm-none-eabi-10.3-2021.10/bin/../lib/gcc/arm-none-eabi/10.3.1/../../../../arm-none-eabi/lib/thumb/v7-m/nofp/libc_nano.a
END GROUP
START GROUP
LOAD /home/arashamf/soft/ARM_toolchains/gcc-arm-none-eabi-10.3-2021.10/bin/../lib/gcc/arm-none-eabi/10.3.1/thumb/v7-m/nofp/libgcc.a
LOAD /home/arashamf/soft/ARM_toolchains/gcc-arm-none-eabi-10.3-2021.10/bin/../lib/gcc/arm-none-eabi/10.3.1/../../../../arm-none-eabi/lib/thumb/v7-m/nofp/libc_nano.a
END GROUP
LOAD /home/arashamf/soft/ARM_toolchains/gcc-arm-none-eabi-10.3-2021.10/bin/../lib/gcc/arm-none-eabi/10.3.1/thumb/v7-m/nofp/crtend.o
LOAD /home/arashamf/soft/ARM_toolchains/gcc-arm-none-eabi-10.3-2021.10/bin/../lib/gcc/arm-none-eabi/10.3.1/thumb/v7-m/nofp/crtn.o
                0x0000000020010000                _estack = (ORIGIN (RAM) + LENGTH (RAM))
                0x0000000000000400                _Min_Heap_Size = 0x400
                0x0000000000001000                _Min_Stack_Size = 0x1000

.isr_vector     0x0000000008000000      0x1e4
                0x0000000008000000                . = ALIGN (0x4)
 *(.isr_vector)
 .isr_vector    0x0000000008000000      0x1e4 build/startup_stm32f105xc.o
                0x0000000008000000                g_pfnVectors
                0x00000000080001e4                . = ALIGN (0x4)

.text           0x00000000080001e4     0x378c
                0x00000000080001e4                . = ALIGN (0x4)
 *(.text)
 .text          0x00000000080001e4       0x40 /home/arashamf/soft/ARM_toolchains/gcc-arm-none-eabi-10.3-2021.10/bin/../lib/gcc/arm-none-eabi/10.3.1/thumb/v7-m/nofp/crtbegin.o
 *(.text*)
 .text.SystemClock_Config
                0x0000000008000224       0xb0 build/main.o
                0x0000000008000224                SystemClock_Config
 .text.init_preset_struct
                0x00000000080002d4       0x24 build/main.o
                0x00000000080002d4                init_preset_struct
 .text.main     0x00000000080002f8       0xe4 build/main.o
                0x00000000080002f8                main
 .text.scan_buttons_GPIO
                0x00000000080003dc       0xb0 build/button.o
 .text.start_scan_key_PEDAL
                0x000000000800048c      0x100 build/button.o
                0x000000000800048c                start_scan_key_PEDAL
 .text.scan_keys
                0x000000000800058c      0x1bc build/button.o
                0x000000000800058c                scan_keys
 .text.scan_button_PEDAL
                0x0000000008000748       0x18 build/button.o
                0x0000000008000748                scan_button_PEDAL
 .text.ButtonBounceCallback
                0x0000000008000760        0xc build/button.o
                0x0000000008000760                ButtonBounceCallback
 .text.calc_rotation_speed
                0x000000000800076c       0x1c build/calc_value.o
                0x000000000800076c                calc_rotation_speed
 .text.init_drive2_setting
                0x0000000008000788       0x20 build/drive.o
 .text.init_drive1_setting
                0x00000000080007a8       0x20 build/drive.o
 .text.init_drives_setting
                0x00000000080007c8       0x28 build/drive.o
 .text.init_drives_for_full_turn
                0x00000000080007f0       0x4c build/drive.o
 .text.drives_one_full_turn
                0x000000000800083c       0x10 build/drive.o
 .text.init_status_flags_drives
                0x000000000800084c       0x20 build/drive.o
                0x000000000800084c                init_status_flags_drives
 .text.drive1_turn
                0x000000000800086c       0x4c build/drive.o
                0x000000000800086c                drive1_turn
 .text.drive2_turn
                0x00000000080008b8       0x38 build/drive.o
                0x00000000080008b8                drive2_turn
 .text.SoftStop_Drives
                0x00000000080008f0        0xc build/drive.o
                0x00000000080008f0                SoftStop_Drives
 .text.HardStop_Drives
                0x00000000080008fc       0x18 build/drive.o
                0x00000000080008fc                HardStop_Drives
 .text.settings_preset_reset
                0x0000000008000914       0x28 build/drive.o
                0x0000000008000914                settings_preset_reset
 .text.start_drives_turn
                0x000000000800093c       0xb4 build/drive.o
                0x000000000800093c                start_drives_turn
 .text.select_direction
                0x00000000080009f0       0x60 build/drive.o
                0x00000000080009f0                select_direction
 .text.setup_null_position
                0x0000000008000a50       0x7c build/drive.o
                0x0000000008000a50                setup_null_position
 .text.manual_control_drive1
                0x0000000008000acc       0x84 build/drive.o
                0x0000000008000acc                manual_control_drive1
 .text.Counter_PWM_Drive1_Callback
                0x0000000008000b50       0x18 build/drive.o
                0x0000000008000b50                Counter_PWM_Drive1_Callback
 .text.Counter_PWM_Drive2_Callback
                0x0000000008000b68       0x28 build/drive.o
                0x0000000008000b68                Counter_PWM_Drive2_Callback
 .text.Left_Sensor_Callback
                0x0000000008000b90       0x40 build/drive.o
                0x0000000008000b90                Left_Sensor_Callback
 .text.Right_Sensor_Callback
                0x0000000008000bd0       0x40 build/drive.o
                0x0000000008000bd0                Right_Sensor_Callback
 .text.MX_GPIO_Init
                0x0000000008000c10      0x218 build/gpio.o
                0x0000000008000c10                MX_GPIO_Init
 .text.MX_DMA_Init
                0x0000000008000e28       0x64 build/dma.o
                0x0000000008000e28                MX_DMA_Init
 .text.read_gray_code_from_encoder
                0x0000000008000e8c       0x60 build/encoder.o
 .text.read_encoder
                0x0000000008000eec      0x1d0 build/encoder.o
                0x0000000008000eec                read_encoder
 .text.EncoderDelayCallback
                0x00000000080010bc        0xc build/encoder.o
                0x00000000080010bc                EncoderDelayCallback
 .text.MX_I2C1_Init
                0x00000000080010c8       0xc4 build/i2c.o
                0x00000000080010c8                MX_I2C1_Init
 .text.MX_SPI2_Init
                0x000000000800118c      0x10c build/spi.o
                0x000000000800118c                MX_SPI2_Init
 .text.spi_write_byte
                0x0000000008001298       0x14 build/spi.o
                0x0000000008001298                spi_write_byte
 .text.spi_write_buffer_DMA
                0x00000000080012ac       0x98 build/spi.o
                0x00000000080012ac                spi_write_buffer_DMA
 .text.DMA1_Channel5_Callback
                0x0000000008001344       0x14 build/spi.o
                0x0000000008001344                DMA1_Channel5_Callback
 .text.xTimer_Task
                0x0000000008001358       0x5c build/tim.o
                0x0000000008001358                xTimer_Task
 .text.Get_SysTick
                0x00000000080013b4        0xc build/tim.o
 .text.tim_delay_init
                0x00000000080013c0       0x50 build/tim.o
 .text.timer_bounce_init
                0x0000000008001410       0x78 build/tim.o
 .text.vTimerEncDelayCallback
                0x0000000008001488        0x8 build/tim.o
 .text.vTimerBtnBounceCallback
                0x0000000008001490        0x8 build/tim.o
 .text.MX_TIM1_Init
                0x0000000008001498      0x120 build/tim.o
                0x0000000008001498                MX_TIM1_Init
 .text.MX_TIM3_Init
                0x00000000080015b8       0xdc build/tim.o
                0x00000000080015b8                MX_TIM3_Init
 .text.MX_TIM4_Init
                0x0000000008001694       0xa4 build/tim.o
                0x0000000008001694                MX_TIM4_Init
 .text.MX_TIM5_Init
                0x0000000008001738       0xa4 build/tim.o
                0x0000000008001738                MX_TIM5_Init
 .text.Drives_PWM_start
                0x00000000080017dc       0x94 build/tim.o
                0x00000000080017dc                Drives_PWM_start
 .text.Drive1_PWM_start
                0x0000000008001870       0x2c build/tim.o
                0x0000000008001870                Drive1_PWM_start
 .text.Drive1_PWM_stop
                0x000000000800189c       0x18 build/tim.o
                0x000000000800189c                Drive1_PWM_stop
 .text.TIM5_IRQHandler
                0x00000000080018b4       0x20 build/tim.o
                0x00000000080018b4                TIM5_IRQHandler
 .text.Drive2_PWM_start
                0x00000000080018d4       0x34 build/tim.o
                0x00000000080018d4                Drive2_PWM_start
 .text.Drive2_PWM_stop
                0x0000000008001908       0x20 build/tim.o
                0x0000000008001908                Drive2_PWM_stop
 .text.Stop_Count_Timers
                0x0000000008001928       0x1c build/tim.o
                0x0000000008001928                Stop_Count_Timers
 .text.TIM4_IRQHandler
                0x0000000008001944       0x20 build/tim.o
                0x0000000008001944                TIM4_IRQHandler
 .text.delay_us
                0x0000000008001964       0x30 build/tim.o
                0x0000000008001964                delay_us
 .text.TIM6_IRQHandler
                0x0000000008001994       0x34 build/tim.o
                0x0000000008001994                TIM6_IRQHandler
 .text.xTimer_Create
                0x00000000080019c8       0x6c build/tim.o
                0x00000000080019c8                xTimer_Create
 .text.timers_ini
                0x0000000008001a34       0x58 build/tim.o
                0x0000000008001a34                timers_ini
 .text.xTimer_SetPeriod
                0x0000000008001a8c       0x14 build/tim.o
                0x0000000008001a8c                xTimer_SetPeriod
 .text.xTimer_Reload
                0x0000000008001aa0       0x2c build/tim.o
                0x0000000008001aa0                xTimer_Reload
 .text.xTimersButtonBounce_Reload
                0x0000000008001acc       0x18 build/tim.o
                0x0000000008001acc                xTimersButtonBounce_Reload
 .text.xTimerEncDelay_Reload
                0x0000000008001ae4       0x18 build/tim.o
                0x0000000008001ae4                xTimerEncDelay_Reload
 .text.MX_USART3_UART_Init
                0x0000000008001afc       0xd4 build/usart.o
                0x0000000008001afc                MX_USART3_UART_Init
 .text.NMI_Handler
                0x0000000008001bd0        0x2 build/stm32f1xx_it.o
                0x0000000008001bd0                NMI_Handler
 .text.HardFault_Handler
                0x0000000008001bd2        0x2 build/stm32f1xx_it.o
                0x0000000008001bd2                HardFault_Handler
 .text.MemManage_Handler
                0x0000000008001bd4        0x2 build/stm32f1xx_it.o
                0x0000000008001bd4                MemManage_Handler
 .text.BusFault_Handler
                0x0000000008001bd6        0x2 build/stm32f1xx_it.o
                0x0000000008001bd6                BusFault_Handler
 .text.UsageFault_Handler
                0x0000000008001bd8        0x2 build/stm32f1xx_it.o
                0x0000000008001bd8                UsageFault_Handler
 .text.SVC_Handler
                0x0000000008001bda        0x2 build/stm32f1xx_it.o
                0x0000000008001bda                SVC_Handler
 .text.DebugMon_Handler
                0x0000000008001bdc        0x2 build/stm32f1xx_it.o
                0x0000000008001bdc                DebugMon_Handler
 .text.PendSV_Handler
                0x0000000008001bde        0x2 build/stm32f1xx_it.o
                0x0000000008001bde                PendSV_Handler
 .text.SysTick_Handler
                0x0000000008001be0        0x2 build/stm32f1xx_it.o
                0x0000000008001be0                SysTick_Handler
 *fill*         0x0000000008001be2        0x2 
 .text.EXTI2_IRQHandler
                0x0000000008001be4       0x20 build/stm32f1xx_it.o
                0x0000000008001be4                EXTI2_IRQHandler
 .text.DMA1_Channel5_IRQHandler
                0x0000000008001c04       0x2c build/stm32f1xx_it.o
                0x0000000008001c04                DMA1_Channel5_IRQHandler
 .text.EXTI15_10_IRQHandler
                0x0000000008001c30       0x20 build/stm32f1xx_it.o
                0x0000000008001c30                EXTI15_10_IRQHandler
 .text.LL_GPIO_Init
                0x0000000008001c50      0x116 build/stm32f1xx_ll_gpio.o
                0x0000000008001c50                LL_GPIO_Init
 *fill*         0x0000000008001d66        0x2 
 .text.LL_I2C_Init
                0x0000000008001d68      0x104 build/stm32f1xx_ll_i2c.o
                0x0000000008001d68                LL_I2C_Init
 .text.RCC_GetHCLKClockFreq
                0x0000000008001e6c       0x18 build/stm32f1xx_ll_rcc.o
                0x0000000008001e6c                RCC_GetHCLKClockFreq
 .text.RCC_GetPCLK1ClockFreq
                0x0000000008001e84       0x18 build/stm32f1xx_ll_rcc.o
                0x0000000008001e84                RCC_GetPCLK1ClockFreq
 .text.RCC_GetPCLK2ClockFreq
                0x0000000008001e9c       0x18 build/stm32f1xx_ll_rcc.o
                0x0000000008001e9c                RCC_GetPCLK2ClockFreq
 .text.RCC_PLL2_GetFreqClockFreq
                0x0000000008001eb4       0x2c build/stm32f1xx_ll_rcc.o
                0x0000000008001eb4                RCC_PLL2_GetFreqClockFreq
 .text.RCC_PLL_GetFreqDomain_SYS
                0x0000000008001ee0       0x80 build/stm32f1xx_ll_rcc.o
                0x0000000008001ee0                RCC_PLL_GetFreqDomain_SYS
 .text.RCC_GetSystemClockFreq
                0x0000000008001f60       0x20 build/stm32f1xx_ll_rcc.o
                0x0000000008001f60                RCC_GetSystemClockFreq
 .text.LL_RCC_GetSystemClocksFreq
                0x0000000008001f80       0x20 build/stm32f1xx_ll_rcc.o
                0x0000000008001f80                LL_RCC_GetSystemClocksFreq
 .text.LL_Init1msTick
                0x0000000008001fa0       0x20 build/stm32f1xx_ll_utils.o
                0x0000000008001fa0                LL_Init1msTick
 .text.LL_SetSystemCoreClock
                0x0000000008001fc0        0xc build/stm32f1xx_ll_utils.o
                0x0000000008001fc0                LL_SetSystemCoreClock
 .text.LL_EXTI_Init
                0x0000000008001fcc       0xd4 build/stm32f1xx_ll_exti.o
                0x0000000008001fcc                LL_EXTI_Init
 .text.LL_SPI_Init
                0x00000000080020a0       0x72 build/stm32f1xx_ll_spi.o
                0x00000000080020a0                LL_SPI_Init
 *fill*         0x0000000008002112        0x2 
 .text.OC1Config
                0x0000000008002114       0x6c build/stm32f1xx_ll_tim.o
 .text.OC2Config
                0x0000000008002180       0x74 build/stm32f1xx_ll_tim.o
 .text.OC3Config
                0x00000000080021f4       0x70 build/stm32f1xx_ll_tim.o
 .text.OC4Config
                0x0000000008002264       0x54 build/stm32f1xx_ll_tim.o
 .text.LL_TIM_Init
                0x00000000080022b8       0x80 build/stm32f1xx_ll_tim.o
                0x00000000080022b8                LL_TIM_Init
 .text.LL_TIM_OC_Init
                0x0000000008002338       0x3c build/stm32f1xx_ll_tim.o
                0x0000000008002338                LL_TIM_OC_Init
 .text.LL_TIM_BDTR_Init
                0x0000000008002374       0x34 build/stm32f1xx_ll_tim.o
                0x0000000008002374                LL_TIM_BDTR_Init
 .text.LL_USART_Init
                0x00000000080023a8       0xe8 build/stm32f1xx_ll_usart.o
                0x00000000080023a8                LL_USART_Init
 .text.SystemInit
                0x0000000008002490        0x2 build/system_stm32f1xx.o
                0x0000000008002490                SystemInit
 *fill*         0x0000000008002492        0x2 
 .text._sbrk    0x0000000008002494       0x48 build/sysmem.o
                0x0000000008002494                _sbrk
 .text.init_loop
                0x00000000080024dc       0x50 build/menu.o
                0x00000000080024dc                init_loop
 .text.setup_menu
                0x000000000800252c      0x1bc build/menu.o
                0x000000000800252c                setup_menu
 .text.turn_drive_menu
                0x00000000080026e8       0x1c build/menu.o
                0x00000000080026e8                turn_drive_menu
 .text.menu_select_preset
                0x0000000008002704       0xb0 build/menu.o
                0x0000000008002704                menu_select_preset
 .text.main_loop
                0x00000000080027b4       0xac build/menu.o
                0x00000000080027b4                main_loop
 .text.SSD1306_GotoXY
                0x0000000008002860        0xc build/ssd1306.o
                0x0000000008002860                SSD1306_GotoXY
 .text.SSD1306_DrawPixel
                0x000000000800286c       0x5c build/ssd1306.o
                0x000000000800286c                SSD1306_DrawPixel
 .text.SSD1306_Putc
                0x00000000080028c8       0x94 build/ssd1306.o
                0x00000000080028c8                SSD1306_Putc
 .text.SSD1306_Puts
                0x000000000800295c       0x22 build/ssd1306.o
                0x000000000800295c                SSD1306_Puts
 *fill*         0x000000000800297e        0x2 
 .text.SSD1306_UpdateScreen
                0x0000000008002980       0x14 build/ssd1306.o
                0x0000000008002980                SSD1306_UpdateScreen
 .text.preset2_screen
                0x0000000008002994       0x58 build/ssd1306.o
 .text.preset3_screen
                0x00000000080029ec       0x58 build/ssd1306.o
 .text.preset4_screen
                0x0000000008002a44       0x58 build/ssd1306.o
 .text.preset1_screen
                0x0000000008002a9c       0x58 build/ssd1306.o
 .text.SSD1306_PageAdress
                0x0000000008002af4       0x24 build/ssd1306.o
                0x0000000008002af4                SSD1306_PageAdress
 .text.SSD1306_Fill
                0x0000000008002b18       0x3c build/ssd1306.o
                0x0000000008002b18                SSD1306_Fill
 .text.SSD1306_Clear_Screen
                0x0000000008002b54        0xa build/ssd1306.o
                0x0000000008002b54                SSD1306_Clear_Screen
 *fill*         0x0000000008002b5e        0x2 
 .text.ssd1306_Init
                0x0000000008002b60       0xd4 build/ssd1306.o
                0x0000000008002b60                ssd1306_Init
 .text.clear_buffer_screen
                0x0000000008002c34       0x10 build/ssd1306.o
 .text.default_screen
                0x0000000008002c44       0x74 build/ssd1306.o
                0x0000000008002c44                default_screen
 .text.setup_ratio_screen
                0x0000000008002cb8       0x58 build/ssd1306.o
                0x0000000008002cb8                setup_ratio_screen
 .text.setup_speed_screen
                0x0000000008002d10       0x3c build/ssd1306.o
                0x0000000008002d10                setup_speed_screen
 .text.setup_coil_screen
                0x0000000008002d4c       0x44 build/ssd1306.o
                0x0000000008002d4c                setup_coil_screen
 .text.main_menu_select_preset_screen
                0x0000000008002d90       0x5c build/ssd1306.o
                0x0000000008002d90                main_menu_select_preset_screen
 .text.mode_setup_null_screen
                0x0000000008002dec       0x38 build/ssd1306.o
                0x0000000008002dec                mode_setup_null_screen
 .text.mode_setup_manual_screen
                0x0000000008002e24       0x34 build/ssd1306.o
                0x0000000008002e24                mode_setup_manual_screen
 .text.mode_setup_manual_dir_screen
                0x0000000008002e58       0x58 build/ssd1306.o
                0x0000000008002e58                mode_setup_manual_dir_screen
 .text.menu_select_preset_screen
                0x0000000008002eb0       0x34 build/ssd1306.o
                0x0000000008002eb0                menu_select_preset_screen
 .text.release_pedal_menu
                0x0000000008002ee4       0x58 build/ssd1306.o
                0x0000000008002ee4                release_pedal_menu
 .text.start_menu
                0x0000000008002f3c       0x34 build/ssd1306.o
                0x0000000008002f3c                start_menu
 .text.ssd1306_SendCommand
                0x0000000008002f70       0x14 build/ssd1306_interface.o
                0x0000000008002f70                ssd1306_SendCommand
 .text.ssd1306_SendDataBuffer
                0x0000000008002f84        0x8 build/ssd1306_interface.o
                0x0000000008002f84                ssd1306_SendDataBuffer
 .text.Reset_Handler
                0x0000000008002f8c       0x48 build/startup_stm32f105xc.o
                0x0000000008002f8c                Reset_Handler
 .text.Default_Handler
                0x0000000008002fd4        0x2 build/startup_stm32f105xc.o
                0x0000000008002fd4                RTC_Alarm_IRQHandler
                0x0000000008002fd4                TIM1_CC_IRQHandler
                0x0000000008002fd4                PVD_IRQHandler
                0x0000000008002fd4                CAN2_RX1_IRQHandler
                0x0000000008002fd4                EXTI3_IRQHandler
                0x0000000008002fd4                EXTI0_IRQHandler
                0x0000000008002fd4                I2C2_EV_IRQHandler
                0x0000000008002fd4                CAN1_RX0_IRQHandler
                0x0000000008002fd4                CAN2_SCE_IRQHandler
                0x0000000008002fd4                ADC1_2_IRQHandler
                0x0000000008002fd4                SPI1_IRQHandler
                0x0000000008002fd4                TAMPER_IRQHandler
                0x0000000008002fd4                CAN2_RX0_IRQHandler
                0x0000000008002fd4                DMA2_Channel2_IRQHandler
                0x0000000008002fd4                DMA1_Channel4_IRQHandler
                0x0000000008002fd4                USART3_IRQHandler
                0x0000000008002fd4                RTC_IRQHandler
                0x0000000008002fd4                DMA1_Channel7_IRQHandler
                0x0000000008002fd4                CAN1_RX1_IRQHandler
                0x0000000008002fd4                UART5_IRQHandler
                0x0000000008002fd4                DMA2_Channel1_IRQHandler
                0x0000000008002fd4                I2C1_EV_IRQHandler
                0x0000000008002fd4                DMA1_Channel6_IRQHandler
                0x0000000008002fd4                UART4_IRQHandler
                0x0000000008002fd4                DMA2_Channel4_IRQHandler
                0x0000000008002fd4                TIM3_IRQHandler
                0x0000000008002fd4                RCC_IRQHandler
                0x0000000008002fd4                TIM1_TRG_COM_IRQHandler
                0x0000000008002fd4                DMA1_Channel1_IRQHandler
                0x0000000008002fd4                Default_Handler
                0x0000000008002fd4                TIM7_IRQHandler
                0x0000000008002fd4                CAN2_TX_IRQHandler
                0x0000000008002fd4                EXTI9_5_IRQHandler
                0x0000000008002fd4                SPI2_IRQHandler
                0x0000000008002fd4                CAN1_TX_IRQHandler
                0x0000000008002fd4                DMA2_Channel5_IRQHandler
                0x0000000008002fd4                EXTI4_IRQHandler
                0x0000000008002fd4                DMA1_Channel3_IRQHandler
                0x0000000008002fd4                TIM1_UP_IRQHandler
                0x0000000008002fd4                WWDG_IRQHandler
                0x0000000008002fd4                TIM2_IRQHandler
                0x0000000008002fd4                OTG_FS_WKUP_IRQHandler
                0x0000000008002fd4                TIM1_BRK_IRQHandler
                0x0000000008002fd4                EXTI1_IRQHandler
                0x0000000008002fd4                USART2_IRQHandler
                0x0000000008002fd4                I2C2_ER_IRQHandler
                0x0000000008002fd4                DMA1_Channel2_IRQHandler
                0x0000000008002fd4                CAN1_SCE_IRQHandler
                0x0000000008002fd4                FLASH_IRQHandler
                0x0000000008002fd4                USART1_IRQHandler
                0x0000000008002fd4                OTG_FS_IRQHandler
                0x0000000008002fd4                SPI3_IRQHandler
                0x0000000008002fd4                I2C1_ER_IRQHandler
                0x0000000008002fd4                DMA2_Channel3_IRQHandler
 *fill*         0x0000000008002fd6        0x2 
 .text.__errno  0x0000000008002fd8        0xc /home/arashamf/soft/ARM_toolchains/gcc-arm-none-eabi-10.3-2021.10/bin/../lib/gcc/arm-none-eabi/10.3.1/../../../../arm-none-eabi/lib/thumb/v7-m/nofp/libc_nano.a(lib_a-errno.o)
                0x0000000008002fd8                __errno
 .text.__libc_init_array
                0x0000000008002fe4       0x48 /home/arashamf/soft/ARM_toolchains/gcc-arm-none-eabi-10.3-2021.10/bin/../lib/gcc/arm-none-eabi/10.3.1/../../../../arm-none-eabi/lib/thumb/v7-m/nofp/libc_nano.a(lib_a-init.o)
                0x0000000008002fe4                __libc_init_array
 .text.memset   0x000000000800302c       0x10 /home/arashamf/soft/ARM_toolchains/gcc-arm-none-eabi-10.3-2021.10/bin/../lib/gcc/arm-none-eabi/10.3.1/../../../../arm-none-eabi/lib/thumb/v7-m/nofp/libc_nano.a(lib_a-memset.o)
                0x000000000800302c                memset
 .text.snprintf
                0x000000000800303c       0x68 /home/arashamf/soft/ARM_toolchains/gcc-arm-none-eabi-10.3-2021.10/bin/../lib/gcc/arm-none-eabi/10.3.1/../../../../arm-none-eabi/lib/thumb/v7-m/nofp/libc_nano.a(lib_a-snprintf.o)
                0x000000000800303c                snprintf
                0x000000000800303c                sniprintf
 .text.__ssputs_r
                0x00000000080030a4       0xb6 /home/arashamf/soft/ARM_toolchains/gcc-arm-none-eabi-10.3-2021.10/bin/../lib/gcc/arm-none-eabi/10.3.1/../../../../arm-none-eabi/lib/thumb/v7-m/nofp/libc_nano.a(lib_a-nano-svfprintf.o)
                0x00000000080030a4                __ssputs_r
 *fill*         0x000000000800315a        0x2 
 .text._svfprintf_r
                0x000000000800315c      0x200 /home/arashamf/soft/ARM_toolchains/gcc-arm-none-eabi-10.3-2021.10/bin/../lib/gcc/arm-none-eabi/10.3.1/../../../../arm-none-eabi/lib/thumb/v7-m/nofp/libc_nano.a(lib_a-nano-svfprintf.o)
                0x000000000800315c                _svfprintf_r
                0x000000000800315c                _svfiprintf_r
 .text._printf_common
                0x000000000800335c       0xde /home/arashamf/soft/ARM_toolchains/gcc-arm-none-eabi-10.3-2021.10/bin/../lib/gcc/arm-none-eabi/10.3.1/../../../../arm-none-eabi/lib/thumb/v7-m/nofp/libc_nano.a(lib_a-nano-vfprintf_i.o)
                0x000000000800335c                _printf_common
 *fill*         0x000000000800343a        0x2 
 .text._printf_i
                0x000000000800343c      0x24c /home/arashamf/soft/ARM_toolchains/gcc-arm-none-eabi-10.3-2021.10/bin/../lib/gcc/arm-none-eabi/10.3.1/../../../../arm-none-eabi/lib/thumb/v7-m/nofp/libc_nano.a(lib_a-nano-vfprintf_i.o)
                0x000000000800343c                _printf_i
 .text.memchr   0x0000000008003688       0x1c /home/arashamf/soft/ARM_toolchains/gcc-arm-none-eabi-10.3-2021.10/bin/../lib/gcc/arm-none-eabi/10.3.1/../../../../arm-none-eabi/lib/thumb/v7-m/nofp/libc_nano.a(lib_a-memchr-stub.o)
                0x0000000008003688                memchr
 .text.memcpy   0x00000000080036a4       0x1c /home/arashamf/soft/ARM_toolchains/gcc-arm-none-eabi-10.3-2021.10/bin/../lib/gcc/arm-none-eabi/10.3.1/../../../../arm-none-eabi/lib/thumb/v7-m/nofp/libc_nano.a(lib_a-memcpy-stub.o)
                0x00000000080036a4                memcpy
 .text.memmove  0x00000000080036c0       0x34 /home/arashamf/soft/ARM_toolchains/gcc-arm-none-eabi-10.3-2021.10/bin/../lib/gcc/arm-none-eabi/10.3.1/../../../../arm-none-eabi/lib/thumb/v7-m/nofp/libc_nano.a(lib_a-memmove.o)
                0x00000000080036c0                memmove
 .text._free_r  0x00000000080036f4       0x90 /home/arashamf/soft/ARM_toolchains/gcc-arm-none-eabi-10.3-2021.10/bin/../lib/gcc/arm-none-eabi/10.3.1/../../../../arm-none-eabi/lib/thumb/v7-m/nofp/libc_nano.a(lib_a-nano-freer.o)
                0x00000000080036f4                _free_r
 .text.sbrk_aligned
                0x0000000008003784       0x40 /home/arashamf/soft/ARM_toolchains/gcc-arm-none-eabi-10.3-2021.10/bin/../lib/gcc/arm-none-eabi/10.3.1/../../../../arm-none-eabi/lib/thumb/v7-m/nofp/libc_nano.a(lib_a-nano-mallocr.o)
 .text._malloc_r
                0x00000000080037c4       0xe8 /home/arashamf/soft/ARM_toolchains/gcc-arm-none-eabi-10.3-2021.10/bin/../lib/gcc/arm-none-eabi/10.3.1/../../../../arm-none-eabi/lib/thumb/v7-m/nofp/libc_nano.a(lib_a-nano-mallocr.o)
                0x00000000080037c4                _malloc_r
 .text._realloc_r
                0x00000000080038ac       0x5e /home/arashamf/soft/ARM_toolchains/gcc-arm-none-eabi-10.3-2021.10/bin/../lib/gcc/arm-none-eabi/10.3.1/../../../../arm-none-eabi/lib/thumb/v7-m/nofp/libc_nano.a(lib_a-nano-reallocr.o)
                0x00000000080038ac                _realloc_r
 *fill*         0x000000000800390a        0x2 
 .text._sbrk_r  0x000000000800390c       0x20 /home/arashamf/soft/ARM_toolchains/gcc-arm-none-eabi-10.3-2021.10/bin/../lib/gcc/arm-none-eabi/10.3.1/../../../../arm-none-eabi/lib/thumb/v7-m/nofp/libc_nano.a(lib_a-sbrkr.o)
                0x000000000800390c                _sbrk_r
 .text.__malloc_lock
                0x000000000800392c        0xc /home/arashamf/soft/ARM_toolchains/gcc-arm-none-eabi-10.3-2021.10/bin/../lib/gcc/arm-none-eabi/10.3.1/../../../../arm-none-eabi/lib/thumb/v7-m/nofp/libc_nano.a(lib_a-mlock.o)
                0x000000000800392c                __malloc_lock
 .text.__malloc_unlock
                0x0000000008003938        0xc /home/arashamf/soft/ARM_toolchains/gcc-arm-none-eabi-10.3-2021.10/bin/../lib/gcc/arm-none-eabi/10.3.1/../../../../arm-none-eabi/lib/thumb/v7-m/nofp/libc_nano.a(lib_a-mlock.o)
                0x0000000008003938                __malloc_unlock
 .text._malloc_usable_size_r
                0x0000000008003944       0x10 /home/arashamf/soft/ARM_toolchains/gcc-arm-none-eabi-10.3-2021.10/bin/../lib/gcc/arm-none-eabi/10.3.1/../../../../arm-none-eabi/lib/thumb/v7-m/nofp/libc_nano.a(lib_a-nano-msizer.o)
                0x0000000008003944                _malloc_usable_size_r
 .text.__retarget_lock_acquire_recursive
                0x0000000008003954        0x2 /home/arashamf/soft/ARM_toolchains/gcc-arm-none-eabi-10.3-2021.10/bin/../lib/gcc/arm-none-eabi/10.3.1/../../../../arm-none-eabi/lib/thumb/v7-m/nofp/libc_nano.a(lib_a-lock.o)
                0x0000000008003954                __retarget_lock_acquire_recursive
 .text.__retarget_lock_release_recursive
                0x0000000008003956        0x2 /home/arashamf/soft/ARM_toolchains/gcc-arm-none-eabi-10.3-2021.10/bin/../lib/gcc/arm-none-eabi/10.3.1/../../../../arm-none-eabi/lib/thumb/v7-m/nofp/libc_nano.a(lib_a-lock.o)
                0x0000000008003956                __retarget_lock_release_recursive
 *(.glue_7)
 .glue_7        0x0000000008003958        0x0 linker stubs
 *(.glue_7t)
 .glue_7t       0x0000000008003958        0x0 linker stubs
 *(.eh_frame)
 .eh_frame      0x0000000008003958        0x0 /home/arashamf/soft/ARM_toolchains/gcc-arm-none-eabi-10.3-2021.10/bin/../lib/gcc/arm-none-eabi/10.3.1/thumb/v7-m/nofp/crtbegin.o
 *(.init)
 .init          0x0000000008003958        0x4 /home/arashamf/soft/ARM_toolchains/gcc-arm-none-eabi-10.3-2021.10/bin/../lib/gcc/arm-none-eabi/10.3.1/thumb/v7-m/nofp/crti.o
                0x0000000008003958                _init
 .init          0x000000000800395c        0x8 /home/arashamf/soft/ARM_toolchains/gcc-arm-none-eabi-10.3-2021.10/bin/../lib/gcc/arm-none-eabi/10.3.1/thumb/v7-m/nofp/crtn.o
 *(.fini)
 .fini          0x0000000008003964        0x4 /home/arashamf/soft/ARM_toolchains/gcc-arm-none-eabi-10.3-2021.10/bin/../lib/gcc/arm-none-eabi/10.3.1/thumb/v7-m/nofp/crti.o
                0x0000000008003964                _fini
 .fini          0x0000000008003968        0x8 /home/arashamf/soft/ARM_toolchains/gcc-arm-none-eabi-10.3-2021.10/bin/../lib/gcc/arm-none-eabi/10.3.1/thumb/v7-m/nofp/crtn.o
                0x0000000008003970                . = ALIGN (0x4)
                0x0000000008003970                _etext = .

.vfp11_veneer   0x0000000008003970        0x0
 .vfp11_veneer  0x0000000008003970        0x0 linker stubs

.v4_bx          0x0000000008003970        0x0
 .v4_bx         0x0000000008003970        0x0 linker stubs

.iplt           0x0000000008003970        0x0
 .iplt          0x0000000008003970        0x0 /home/arashamf/soft/ARM_toolchains/gcc-arm-none-eabi-10.3-2021.10/bin/../lib/gcc/arm-none-eabi/10.3.1/thumb/v7-m/nofp/crtbegin.o

.rodata         0x0000000008003970     0x19b8
                0x0000000008003970                . = ALIGN (0x4)
 *(.rodata)
 *(.rodata*)
 .rodata.AHBPrescTable
                0x0000000008003970       0x10 build/system_stm32f1xx.o
                0x0000000008003970                AHBPrescTable
 .rodata.APBPrescTable
                0x0000000008003980        0x8 build/system_stm32f1xx.o
                0x0000000008003980                APBPrescTable
 .rodata.Font11x17
                0x0000000008003988      0x7d6 build/fonts.o
                0x0000000008003988                Font11x17
 *fill*         0x000000000800415e        0x2 
 .rodata.Font16x26
                0x0000000008004160      0xbfc build/fonts.o
                0x0000000008004160                Font16x26
 .rodata.Font7x10
                0x0000000008004d5c      0x4b0 build/fonts.o
                0x0000000008004d5c                Font7x10
 .rodata.preset2_screen.str1.4
                0x000000000800520c       0x15 build/ssd1306.o
 *fill*         0x0000000008005221        0x3 
 .rodata.preset3_screen.str1.4
                0x0000000008005224       0x15 build/ssd1306.o
 *fill*         0x0000000008005239        0x3 
 .rodata.preset4_screen.str1.4
                0x000000000800523c       0x15 build/ssd1306.o
 *fill*         0x0000000008005251        0x3 
 .rodata.preset1_screen.str1.4
                0x0000000008005254       0x15 build/ssd1306.o
 *fill*         0x0000000008005269        0x3 
 .rodata.default_screen.str1.4
                0x000000000800526c       0x1a build/ssd1306.o
 *fill*         0x0000000008005286        0x2 
 .rodata.setup_ratio_screen.str1.4
                0x0000000008005288        0xb build/ssd1306.o
 *fill*         0x0000000008005293        0x1 
 .rodata.setup_speed_screen.str1.4
                0x0000000008005294        0x8 build/ssd1306.o
 .rodata.setup_coil_screen.str1.4
                0x000000000800529c        0xa build/ssd1306.o
 *fill*         0x00000000080052a6        0x2 
 .rodata.main_menu_select_preset_screen.str1.4
                0x00000000080052a8        0xd build/ssd1306.o
 *fill*         0x00000000080052b5        0x3 
 .rodata.mode_setup_null_screen.str1.4
                0x00000000080052b8        0x9 build/ssd1306.o
 *fill*         0x00000000080052c1        0x3 
 .rodata.mode_setup_manual_screen.str1.4
                0x00000000080052c4        0xc build/ssd1306.o
 .rodata.mode_setup_manual_dir_screen.str1.4
                0x00000000080052d0        0xc build/ssd1306.o
 .rodata.release_pedal_menu.str1.4
                0x00000000080052dc        0xe build/ssd1306.o
 *fill*         0x00000000080052ea        0x2 
 .rodata.start_menu.str1.4
                0x00000000080052ec        0x6 build/ssd1306.o
 .rodata._svfprintf_r.str1.1
                0x00000000080052f2       0x11 /home/arashamf/soft/ARM_toolchains/gcc-arm-none-eabi-10.3-2021.10/bin/../lib/gcc/arm-none-eabi/10.3.1/../../../../arm-none-eabi/lib/thumb/v7-m/nofp/libc_nano.a(lib_a-nano-svfprintf.o)
 .rodata._printf_i.str1.1
                0x0000000008005303       0x22 /home/arashamf/soft/ARM_toolchains/gcc-arm-none-eabi-10.3-2021.10/bin/../lib/gcc/arm-none-eabi/10.3.1/../../../../arm-none-eabi/lib/thumb/v7-m/nofp/libc_nano.a(lib_a-nano-vfprintf_i.o)
                0x0000000008005328                . = ALIGN (0x4)
 *fill*         0x0000000008005325        0x3 

.rel.dyn        0x0000000008005328        0x0
 .rel.iplt      0x0000000008005328        0x0 /home/arashamf/soft/ARM_toolchains/gcc-arm-none-eabi-10.3-2021.10/bin/../lib/gcc/arm-none-eabi/10.3.1/thumb/v7-m/nofp/crtbegin.o

.ARM.extab
 *(.ARM.extab* .gnu.linkonce.armextab.*)

.ARM            0x0000000008005328        0x0
                0x0000000008005328                __exidx_start = .
 *(.ARM.exidx*)
                0x0000000008005328                __exidx_end = .

.preinit_array  0x0000000008005328        0x0
                0x0000000008005328                PROVIDE (__preinit_array_start = .)
 *(.preinit_array*)
                0x0000000008005328                PROVIDE (__preinit_array_end = .)

.init_array     0x0000000008005328        0x4
                0x0000000008005328                PROVIDE (__init_array_start = .)
 *(SORT_BY_NAME(.init_array.*))
 *(.init_array*)
 .init_array    0x0000000008005328        0x4 /home/arashamf/soft/ARM_toolchains/gcc-arm-none-eabi-10.3-2021.10/bin/../lib/gcc/arm-none-eabi/10.3.1/thumb/v7-m/nofp/crtbegin.o
                0x000000000800532c                PROVIDE (__init_array_end = .)

.fini_array     0x000000000800532c        0x4
                [!provide]                        PROVIDE (__fini_array_start = .)
 *(SORT_BY_NAME(.fini_array.*))
 *(.fini_array*)
 .fini_array    0x000000000800532c        0x4 /home/arashamf/soft/ARM_toolchains/gcc-arm-none-eabi-10.3-2021.10/bin/../lib/gcc/arm-none-eabi/10.3.1/thumb/v7-m/nofp/crtbegin.o
                [!provide]                        PROVIDE (__fini_array_end = .)
                0x0000000008005330                _sidata = LOADADDR (.data)

.data           0x0000000020000000       0x84 load address 0x0000000008005330
                0x0000000020000000                . = ALIGN (0x4)
                0x0000000020000000                _sdata = .
 *(.data)
 *(.data*)
 .data.SystemCoreClock
                0x0000000020000000        0x4 build/system_stm32f1xx.o
                0x0000000020000000                SystemCoreClock
 .data.Font_11x17
                0x0000000020000004        0x8 build/fonts.o
                0x0000000020000004                Font_11x17
 .data.Font_16x26
                0x000000002000000c        0x8 build/fonts.o
                0x000000002000000c                Font_16x26
 .data.Font_7x10
                0x0000000020000014        0x8 build/fonts.o
                0x0000000020000014                Font_7x10
 .data.drive_mode
                0x000000002000001c        0x1 build/menu.o
                0x000000002000001c                drive_mode
 *fill*         0x000000002000001d        0x3 
 .data._impure_ptr
                0x0000000020000020        0x4 /home/arashamf/soft/ARM_toolchains/gcc-arm-none-eabi-10.3-2021.10/bin/../lib/gcc/arm-none-eabi/10.3.1/../../../../arm-none-eabi/lib/thumb/v7-m/nofp/libc_nano.a(lib_a-impure.o)
                0x0000000020000020                _impure_ptr
 .data.impure_data
                0x0000000020000024       0x60 /home/arashamf/soft/ARM_toolchains/gcc-arm-none-eabi-10.3-2021.10/bin/../lib/gcc/arm-none-eabi/10.3.1/../../../../arm-none-eabi/lib/thumb/v7-m/nofp/libc_nano.a(lib_a-impure.o)
                0x0000000020000084                . = ALIGN (0x4)
                0x0000000020000084                _edata = .

.igot.plt       0x0000000020000084        0x0 load address 0x00000000080053b4
 .igot.plt      0x0000000020000084        0x0 /home/arashamf/soft/ARM_toolchains/gcc-arm-none-eabi-10.3-2021.10/bin/../lib/gcc/arm-none-eabi/10.3.1/thumb/v7-m/nofp/crtbegin.o
                0x0000000020000084                . = ALIGN (0x4)

.bss            0x0000000020000084      0x358 load address 0x00000000080053b4
                0x0000000020000084                _sbss = .
                0x0000000020000084                __bss_start__ = _sbss
 *(.bss)
 .bss           0x0000000020000084       0x1c /home/arashamf/soft/ARM_toolchains/gcc-arm-none-eabi-10.3-2021.10/bin/../lib/gcc/arm-none-eabi/10.3.1/thumb/v7-m/nofp/crtbegin.o
 *(.bss*)
 .bss.Pos_Enc1  0x00000000200000a0        0x8 build/main.o
                0x00000000200000a0                Pos_Enc1
 .bss.preset1   0x00000000200000a8       0x18 build/main.o
                0x00000000200000a8                preset1
 .bss.preset2   0x00000000200000c0       0x18 build/main.o
                0x00000000200000c0                preset2
 .bss.preset3   0x00000000200000d8       0x18 build/main.o
                0x00000000200000d8                preset3
 .bss.preset4   0x00000000200000f0       0x18 build/main.o
                0x00000000200000f0                preset4
 .bss.preset_ptr
                0x0000000020000108       0x10 build/main.o
                0x0000000020000108                preset_ptr
 .bss.count_autorepeat
                0x0000000020000118        0x1 build/button.o
                0x0000000020000118                count_autorepeat
 .bss.end_bounce
                0x0000000020000119        0x1 build/button.o
                0x0000000020000119                end_bounce
 .bss.key_code.1
                0x000000002000011a        0x2 build/button.o
 .bss.key_code.4
                0x000000002000011c        0x2 build/button.o
 .bss.key_state.2
                0x000000002000011e        0x1 build/button.o
 .bss.key_state.5
                0x000000002000011f        0x1 build/button.o
 .bss.Drives_PWM
                0x0000000020000120        0xc build/drive.o
                0x0000000020000120                Drives_PWM
 .bss.preset_null_pos
                0x000000002000012c       0x18 build/drive.o
                0x000000002000012c                preset_null_pos
 .bss.status_drives
                0x0000000020000144        0x1 build/drive.o
                0x0000000020000144                status_drives
 .bss.cnt_timeout
                0x0000000020000145        0x1 build/encoder.o
 *fill*         0x0000000020000146        0x2 
 .bss.enc_count
                0x0000000020000148        0x4 build/encoder.o
 .bss.flag_dir  0x000000002000014c        0x1 build/encoder.o
 .bss.flag_end_delay
                0x000000002000014d        0x1 build/encoder.o
                0x000000002000014d                flag_end_delay
 .bss.flag_rev  0x000000002000014e        0x1 build/encoder.o
 .bss.state_machine
                0x000000002000014f        0x1 build/encoder.o
 .bss.val_old   0x0000000020000150        0x1 build/encoder.o
 .bss.count     0x0000000020000151        0x1 build/spi.o
                0x0000000020000151                count
 *fill*         0x0000000020000152        0x2 
 .bss.SysTick_CallbackFunction
                0x0000000020000154        0x4 build/tim.o
 .bss.TicksCounter
                0x0000000020000158        0x4 build/tim.o
 .bss.xTimeNow  0x000000002000015c        0x4 build/tim.o
 .bss.xTimerBtnBounce
                0x0000000020000160        0x4 build/tim.o
 .bss.xTimerEncDelay
                0x0000000020000164        0x4 build/tim.o
 .bss.xTimerList
                0x0000000020000168       0x30 build/tim.o
 .bss.__sbrk_heap_end
                0x0000000020000198        0x4 build/sysmem.o
 .bss.count_delay
                0x000000002000019c        0x1 build/menu.o
                0x000000002000019c                count_delay
 *fill*         0x000000002000019d        0x3 
 .bss.LCD_buff  0x00000000200001a0       0x14 build/ssd1306.o
                0x00000000200001a0                LCD_buff
 .bss.SSD1306   0x00000000200001b4        0x6 build/ssd1306.o
 *fill*         0x00000000200001ba        0x2 
 .bss.SSD1306_Buffer
                0x00000000200001bc      0x210 build/ssd1306.o
                0x00000000200001bc                SSD1306_Buffer
 .bss.__malloc_free_list
                0x00000000200003cc        0x4 /home/arashamf/soft/ARM_toolchains/gcc-arm-none-eabi-10.3-2021.10/bin/../lib/gcc/arm-none-eabi/10.3.1/../../../../arm-none-eabi/lib/thumb/v7-m/nofp/libc_nano.a(lib_a-nano-mallocr.o)
                0x00000000200003cc                __malloc_free_list
 .bss.__malloc_sbrk_start
                0x00000000200003d0        0x4 /home/arashamf/soft/ARM_toolchains/gcc-arm-none-eabi-10.3-2021.10/bin/../lib/gcc/arm-none-eabi/10.3.1/../../../../arm-none-eabi/lib/thumb/v7-m/nofp/libc_nano.a(lib_a-nano-mallocr.o)
                0x00000000200003d0                __malloc_sbrk_start
 .bss.errno     0x00000000200003d4        0x4 /home/arashamf/soft/ARM_toolchains/gcc-arm-none-eabi-10.3-2021.10/bin/../lib/gcc/arm-none-eabi/10.3.1/../../../../arm-none-eabi/lib/thumb/v7-m/nofp/libc_nano.a(lib_a-reent.o)
                0x00000000200003d4                errno
 .bss.__lock___malloc_recursive_mutex
                0x00000000200003d8        0x1 /home/arashamf/soft/ARM_toolchains/gcc-arm-none-eabi-10.3-2021.10/bin/../lib/gcc/arm-none-eabi/10.3.1/../../../../arm-none-eabi/lib/thumb/v7-m/nofp/libc_nano.a(lib_a-lock.o)
                0x00000000200003d8                __lock___malloc_recursive_mutex
 *(COMMON)
                0x00000000200003dc                . = ALIGN (0x4)
 *fill*         0x00000000200003d9        0x3 
                0x00000000200003dc                _ebss = .
                0x00000000200003dc                __bss_end__ = _ebss

._user_heap_stack
                0x00000000200003dc     0x1404 load address 0x00000000080053b4
                0x00000000200003e0                . = ALIGN (0x8)
 *fill*         0x00000000200003dc        0x4 
                [!provide]                        PROVIDE (end = .)
                0x00000000200003e0                PROVIDE (_end = .)
                0x00000000200007e0                . = (. + _Min_Heap_Size)
 *fill*         0x00000000200003e0      0x400 
                0x00000000200017e0                . = (. + _Min_Stack_Size)
 *fill*         0x00000000200007e0     0x1000 
                0x00000000200017e0                . = ALIGN (0x8)

/DISCARD/
 libc.a(*)
 libm.a(*)
 libgcc.a(*)

.ARM.attributes
                0x0000000000000000       0x29
 *(.ARM.attributes)
 .ARM.attributes
                0x0000000000000000       0x1d /home/arashamf/soft/ARM_toolchains/gcc-arm-none-eabi-10.3-2021.10/bin/../lib/gcc/arm-none-eabi/10.3.1/thumb/v7-m/nofp/crti.o
 .ARM.attributes
                0x000000000000001d       0x2d /home/arashamf/soft/ARM_toolchains/gcc-arm-none-eabi-10.3-2021.10/bin/../lib/gcc/arm-none-eabi/10.3.1/thumb/v7-m/nofp/crtbegin.o
 .ARM.attributes
                0x000000000000004a       0x2d build/main.o
 .ARM.attributes
                0x0000000000000077       0x2d build/button.o
 .ARM.attributes
                0x00000000000000a4       0x2d build/calc_value.o
 .ARM.attributes
                0x00000000000000d1       0x2d build/drive.o
 .ARM.attributes
                0x00000000000000fe       0x2d build/gpio.o
 .ARM.attributes
                0x000000000000012b       0x2d build/dma.o
 .ARM.attributes
                0x0000000000000158       0x2d build/encoder.o
 .ARM.attributes
                0x0000000000000185       0x2d build/i2c.o
 .ARM.attributes
                0x00000000000001b2       0x2d build/spi.o
 .ARM.attributes
                0x00000000000001df       0x2d build/tim.o
 .ARM.attributes
                0x000000000000020c       0x2d build/usart.o
 .ARM.attributes
                0x0000000000000239       0x2d build/stm32f1xx_it.o
 .ARM.attributes
                0x0000000000000266       0x2d build/stm32f1xx_ll_gpio.o
 .ARM.attributes
                0x0000000000000293       0x2d build/stm32f1xx_ll_i2c.o
 .ARM.attributes
                0x00000000000002c0       0x2d build/stm32f1xx_ll_rcc.o
 .ARM.attributes
                0x00000000000002ed       0x2d build/stm32f1xx_ll_utils.o
 .ARM.attributes
                0x000000000000031a       0x2d build/stm32f1xx_ll_exti.o
 .ARM.attributes
                0x0000000000000347       0x2d build/stm32f1xx_ll_spi.o
 .ARM.attributes
                0x0000000000000374       0x2d build/stm32f1xx_ll_tim.o
 .ARM.attributes
                0x00000000000003a1       0x2d build/stm32f1xx_ll_usart.o
 .ARM.attributes
                0x00000000000003ce       0x2d build/system_stm32f1xx.o
 .ARM.attributes
                0x00000000000003fb       0x2d build/sysmem.o
 .ARM.attributes
                0x0000000000000428       0x2d build/fonts.o
 .ARM.attributes
                0x0000000000000455       0x2d build/menu.o
 .ARM.attributes
                0x0000000000000482       0x2d build/ssd1306.o
 .ARM.attributes
                0x00000000000004af       0x2d build/ssd1306_interface.o
 .ARM.attributes
                0x00000000000004dc       0x21 build/startup_stm32f105xc.o
 .ARM.attributes
                0x00000000000004fd       0x2d /home/arashamf/soft/ARM_toolchains/gcc-arm-none-eabi-10.3-2021.10/bin/../lib/gcc/arm-none-eabi/10.3.1/../../../../arm-none-eabi/lib/thumb/v7-m/nofp/libc_nano.a(lib_a-errno.o)
 .ARM.attributes
                0x000000000000052a       0x2d /home/arashamf/soft/ARM_toolchains/gcc-arm-none-eabi-10.3-2021.10/bin/../lib/gcc/arm-none-eabi/10.3.1/../../../../arm-none-eabi/lib/thumb/v7-m/nofp/libc_nano.a(lib_a-impure.o)
 .ARM.attributes
                0x0000000000000557       0x2d /home/arashamf/soft/ARM_toolchains/gcc-arm-none-eabi-10.3-2021.10/bin/../lib/gcc/arm-none-eabi/10.3.1/../../../../arm-none-eabi/lib/thumb/v7-m/nofp/libc_nano.a(lib_a-init.o)
 .ARM.attributes
                0x0000000000000584       0x2d /home/arashamf/soft/ARM_toolchains/gcc-arm-none-eabi-10.3-2021.10/bin/../lib/gcc/arm-none-eabi/10.3.1/../../../../arm-none-eabi/lib/thumb/v7-m/nofp/libc_nano.a(lib_a-memset.o)
 .ARM.attributes
                0x00000000000005b1       0x2d /home/arashamf/soft/ARM_toolchains/gcc-arm-none-eabi-10.3-2021.10/bin/../lib/gcc/arm-none-eabi/10.3.1/../../../../arm-none-eabi/lib/thumb/v7-m/nofp/libc_nano.a(lib_a-snprintf.o)
 .ARM.attributes
                0x00000000000005de       0x2d /home/arashamf/soft/ARM_toolchains/gcc-arm-none-eabi-10.3-2021.10/bin/../lib/gcc/arm-none-eabi/10.3.1/../../../../arm-none-eabi/lib/thumb/v7-m/nofp/libc_nano.a(lib_a-nano-svfprintf.o)
 .ARM.attributes
                0x000000000000060b       0x2d /home/arashamf/soft/ARM_toolchains/gcc-arm-none-eabi-10.3-2021.10/bin/../lib/gcc/arm-none-eabi/10.3.1/../../../../arm-none-eabi/lib/thumb/v7-m/nofp/libc_nano.a(lib_a-nano-vfprintf_i.o)
 .ARM.attributes
                0x0000000000000638       0x2d /home/arashamf/soft/ARM_toolchains/gcc-arm-none-eabi-10.3-2021.10/bin/../lib/gcc/arm-none-eabi/10.3.1/../../../../arm-none-eabi/lib/thumb/v7-m/nofp/libc_nano.a(lib_a-memchr-stub.o)
 .ARM.attributes
                0x0000000000000665       0x2d /home/arashamf/soft/ARM_toolchains/gcc-arm-none-eabi-10.3-2021.10/bin/../lib/gcc/arm-none-eabi/10.3.1/../../../../arm-none-eabi/lib/thumb/v7-m/nofp/libc_nano.a(lib_a-memcpy-stub.o)
 .ARM.attributes
                0x0000000000000692       0x2d /home/arashamf/soft/ARM_toolchains/gcc-arm-none-eabi-10.3-2021.10/bin/../lib/gcc/arm-none-eabi/10.3.1/../../../../arm-none-eabi/lib/thumb/v7-m/nofp/libc_nano.a(lib_a-memmove.o)
 .ARM.attributes
                0x00000000000006bf       0x2d /home/arashamf/soft/ARM_toolchains/gcc-arm-none-eabi-10.3-2021.10/bin/../lib/gcc/arm-none-eabi/10.3.1/../../../../arm-none-eabi/lib/thumb/v7-m/nofp/libc_nano.a(lib_a-nano-freer.o)
 .ARM.attributes
                0x00000000000006ec       0x2d /home/arashamf/soft/ARM_toolchains/gcc-arm-none-eabi-10.3-2021.10/bin/../lib/gcc/arm-none-eabi/10.3.1/../../../../arm-none-eabi/lib/thumb/v7-m/nofp/libc_nano.a(lib_a-nano-mallocr.o)
 .ARM.attributes
                0x0000000000000719       0x2d /home/arashamf/soft/ARM_toolchains/gcc-arm-none-eabi-10.3-2021.10/bin/../lib/gcc/arm-none-eabi/10.3.1/../../../../arm-none-eabi/lib/thumb/v7-m/nofp/libc_nano.a(lib_a-nano-reallocr.o)
 .ARM.attributes
                0x0000000000000746       0x2d /home/arashamf/soft/ARM_toolchains/gcc-arm-none-eabi-10.3-2021.10/bin/../lib/gcc/arm-none-eabi/10.3.1/../../../../arm-none-eabi/lib/thumb/v7-m/nofp/libc_nano.a(lib_a-sbrkr.o)
 .ARM.attributes
                0x0000000000000773       0x2d /home/arashamf/soft/ARM_toolchains/gcc-arm-none-eabi-10.3-2021.10/bin/../lib/gcc/arm-none-eabi/10.3.1/../../../../arm-none-eabi/lib/thumb/v7-m/nofp/libc_nano.a(lib_a-mlock.o)
 .ARM.attributes
                0x00000000000007a0       0x2d /home/arashamf/soft/ARM_toolchains/gcc-arm-none-eabi-10.3-2021.10/bin/../lib/gcc/arm-none-eabi/10.3.1/../../../../arm-none-eabi/lib/thumb/v7-m/nofp/libc_nano.a(lib_a-nano-msizer.o)
 .ARM.attributes
                0x00000000000007cd       0x2d /home/arashamf/soft/ARM_toolchains/gcc-arm-none-eabi-10.3-2021.10/bin/../lib/gcc/arm-none-eabi/10.3.1/../../../../arm-none-eabi/lib/thumb/v7-m/nofp/libc_nano.a(lib_a-reent.o)
 .ARM.attributes
                0x00000000000007fa       0x2d /home/arashamf/soft/ARM_toolchains/gcc-arm-none-eabi-10.3-2021.10/bin/../lib/gcc/arm-none-eabi/10.3.1/../../../../arm-none-eabi/lib/thumb/v7-m/nofp/libc_nano.a(lib_a-lock.o)
 .ARM.attributes
                0x0000000000000827       0x1d /home/arashamf/soft/ARM_toolchains/gcc-arm-none-eabi-10.3-2021.10/bin/../lib/gcc/arm-none-eabi/10.3.1/thumb/v7-m/nofp/crtn.o
OUTPUT(build/namot_stanok.elf elf32-littlearm)
LOAD linker stubs
LOAD /home/arashamf/soft/ARM_toolchains/gcc-arm-none-eabi-10.3-2021.10/bin/../lib/gcc/arm-none-eabi/10.3.1/../../../../arm-none-eabi/lib/thumb/v7-m/nofp/libc.a
LOAD /home/arashamf/soft/ARM_toolchains/gcc-arm-none-eabi-10.3-2021.10/bin/../lib/gcc/arm-none-eabi/10.3.1/../../../../arm-none-eabi/lib/thumb/v7-m/nofp/libm.a
LOAD /home/arashamf/soft/ARM_toolchains/gcc-arm-none-eabi-10.3-2021.10/bin/../lib/gcc/arm-none-eabi/10.3.1/thumb/v7-m/nofp/libgcc.a

.debug_info     0x0000000000000000    0x13361
 .debug_info    0x0000000000000000     0x1208 build/main.o
 .debug_info    0x0000000000001208      0x88e build/button.o
 .debug_info    0x0000000000001a96      0x1ed build/calc_value.o
 .debug_info    0x0000000000001c83      0xfe0 build/drive.o
 .debug_info    0x0000000000002c63     0x11cb build/gpio.o
 .debug_info    0x0000000000003e2e      0x910 build/dma.o
 .debug_info    0x000000000000473e      0x510 build/encoder.o
 .debug_info    0x0000000000004c4e     0x11a6 build/i2c.o
 .debug_info    0x0000000000005df4     0x11f5 build/spi.o
 .debug_info    0x0000000000006fe9     0x2d2b build/tim.o
 .debug_info    0x0000000000009d14      0x798 build/usart.o
 .debug_info    0x000000000000a4ac      0x58d build/stm32f1xx_it.o
 .debug_info    0x000000000000aa39      0x910 build/stm32f1xx_ll_gpio.o
 .debug_info    0x000000000000b349      0x730 build/stm32f1xx_ll_i2c.o
 .debug_info    0x000000000000ba79      0x9d5 build/stm32f1xx_ll_rcc.o
 .debug_info    0x000000000000c44e      0xec9 build/stm32f1xx_ll_utils.o
 .debug_info    0x000000000000d317      0x547 build/stm32f1xx_ll_exti.o
 .debug_info    0x000000000000d85e      0x891 build/stm32f1xx_ll_spi.o
 .debug_info    0x000000000000e0ef     0x1426 build/stm32f1xx_ll_tim.o
 .debug_info    0x000000000000f515      0x8d6 build/stm32f1xx_ll_usart.o
 .debug_info    0x000000000000fdeb      0x2bc build/system_stm32f1xx.o
 .debug_info    0x00000000000100a7      0x185 build/sysmem.o
 .debug_info    0x000000000001022c      0x324 build/fonts.o
 .debug_info    0x0000000000010550      0x97d build/menu.o
 .debug_info    0x0000000000010ecd     0x2080 build/ssd1306.o
 .debug_info    0x0000000000012f4d      0x3f2 build/ssd1306_interface.o
 .debug_info    0x000000000001333f       0x22 build/startup_stm32f105xc.o

.debug_abbrev   0x0000000000000000     0x3d36
 .debug_abbrev  0x0000000000000000      0x305 build/main.o
 .debug_abbrev  0x0000000000000305      0x2a7 build/button.o
 .debug_abbrev  0x00000000000005ac       0xd4 build/calc_value.o
 .debug_abbrev  0x0000000000000680      0x383 build/drive.o
 .debug_abbrev  0x0000000000000a03      0x27b build/gpio.o
 .debug_abbrev  0x0000000000000c7e      0x1e0 build/dma.o
 .debug_abbrev  0x0000000000000e5e      0x263 build/encoder.o
 .debug_abbrev  0x00000000000010c1      0x2de build/i2c.o
 .debug_abbrev  0x000000000000139f      0x2e4 build/spi.o
 .debug_abbrev  0x0000000000001683      0x3e8 build/tim.o
 .debug_abbrev  0x0000000000001a6b      0x264 build/usart.o
 .debug_abbrev  0x0000000000001ccf      0x1b1 build/stm32f1xx_it.o
 .debug_abbrev  0x0000000000001e80      0x26a build/stm32f1xx_ll_gpio.o
 .debug_abbrev  0x00000000000020ea      0x22f build/stm32f1xx_ll_i2c.o
 .debug_abbrev  0x0000000000002319      0x2d3 build/stm32f1xx_ll_rcc.o
 .debug_abbrev  0x00000000000025ec      0x341 build/stm32f1xx_ll_utils.o
 .debug_abbrev  0x000000000000292d      0x1d9 build/stm32f1xx_ll_exti.o
 .debug_abbrev  0x0000000000002b06      0x2c9 build/stm32f1xx_ll_spi.o
 .debug_abbrev  0x0000000000002dcf      0x2c0 build/stm32f1xx_ll_tim.o
 .debug_abbrev  0x000000000000308f      0x2b1 build/stm32f1xx_ll_usart.o
 .debug_abbrev  0x0000000000003340      0x11b build/system_stm32f1xx.o
 .debug_abbrev  0x000000000000345b       0xea build/sysmem.o
 .debug_abbrev  0x0000000000003545      0x13d build/fonts.o
 .debug_abbrev  0x0000000000003682      0x1f3 build/menu.o
 .debug_abbrev  0x0000000000003875      0x33a build/ssd1306.o
 .debug_abbrev  0x0000000000003baf      0x175 build/ssd1306_interface.o
 .debug_abbrev  0x0000000000003d24       0x12 build/startup_stm32f105xc.o

.debug_loc      0x0000000000000000     0x9511
 .debug_loc     0x0000000000000000      0x2a2 build/main.o
 .debug_loc     0x00000000000002a2      0x367 build/button.o
 .debug_loc     0x0000000000000609       0x81 build/calc_value.o
 .debug_loc     0x000000000000068a      0x7f2 build/drive.o
 .debug_loc     0x0000000000000e7c      0x4d0 build/gpio.o
 .debug_loc     0x000000000000134c      0x1a6 build/dma.o
 .debug_loc     0x00000000000014f2       0xe2 build/encoder.o
 .debug_loc     0x00000000000015d4      0x89f build/i2c.o
 .debug_loc     0x0000000000001e73      0x6da build/spi.o
 .debug_loc     0x000000000000254d     0x1520 build/tim.o
 .debug_loc     0x0000000000003a6d      0x137 build/usart.o
 .debug_loc     0x0000000000003ba4      0x10a build/stm32f1xx_it.o
 .debug_loc     0x0000000000003cae      0x509 build/stm32f1xx_ll_gpio.o
 .debug_loc     0x00000000000041b7      0x36c build/stm32f1xx_ll_i2c.o
 .debug_loc     0x0000000000004523      0x45d build/stm32f1xx_ll_rcc.o
 .debug_loc     0x0000000000004980      0x9b0 build/stm32f1xx_ll_utils.o
 .debug_loc     0x0000000000005330      0x2eb build/stm32f1xx_ll_exti.o
 .debug_loc     0x000000000000561b      0x5d9 build/stm32f1xx_ll_spi.o
 .debug_loc     0x0000000000005bf4     0x13d2 build/stm32f1xx_ll_tim.o
 .debug_loc     0x0000000000006fc6      0x5af build/stm32f1xx_ll_usart.o
 .debug_loc     0x0000000000007575      0x1ea build/system_stm32f1xx.o
 .debug_loc     0x000000000000775f       0x84 build/sysmem.o
 .debug_loc     0x00000000000077e3       0x89 build/fonts.o
 .debug_loc     0x000000000000786c      0x2d6 build/menu.o
 .debug_loc     0x0000000000007b42     0x1877 build/ssd1306.o
 .debug_loc     0x00000000000093b9      0x158 build/ssd1306_interface.o

.debug_aranges  0x0000000000000000      0x8f8
 .debug_aranges
                0x0000000000000000       0x38 build/main.o
 .debug_aranges
                0x0000000000000038       0x40 build/button.o
 .debug_aranges
                0x0000000000000078       0x20 build/calc_value.o
 .debug_aranges
                0x0000000000000098       0xb0 build/drive.o
 .debug_aranges
                0x0000000000000148       0x20 build/gpio.o
 .debug_aranges
                0x0000000000000168       0x20 build/dma.o
 .debug_aranges
                0x0000000000000188       0x38 build/encoder.o
 .debug_aranges
                0x00000000000001c0       0x48 build/i2c.o
 .debug_aranges
                0x0000000000000208       0x40 build/spi.o
 .debug_aranges
                0x0000000000000248      0x110 build/tim.o
 .debug_aranges
                0x0000000000000358       0x28 build/usart.o
 .debug_aranges
                0x0000000000000380       0x78 build/stm32f1xx_it.o
 .debug_aranges
                0x00000000000003f8       0x30 build/stm32f1xx_ll_gpio.o
 .debug_aranges
                0x0000000000000428       0x30 build/stm32f1xx_ll_i2c.o
 .debug_aranges
                0x0000000000000458       0x78 build/stm32f1xx_ll_rcc.o
 .debug_aranges
                0x00000000000004d0       0x78 build/stm32f1xx_ll_utils.o
 .debug_aranges
                0x0000000000000548       0x30 build/stm32f1xx_ll_exti.o
 .debug_aranges
                0x0000000000000578       0x50 build/stm32f1xx_ll_spi.o
 .debug_aranges
                0x00000000000005c8       0xc0 build/stm32f1xx_ll_tim.o
 .debug_aranges
                0x0000000000000688       0x40 build/stm32f1xx_ll_usart.o
 .debug_aranges
                0x00000000000006c8       0x28 build/system_stm32f1xx.o
 .debug_aranges
                0x00000000000006f0       0x20 build/sysmem.o
 .debug_aranges
                0x0000000000000710       0x20 build/fonts.o
 .debug_aranges
                0x0000000000000730       0x40 build/menu.o
 .debug_aranges
                0x0000000000000770      0x130 build/ssd1306.o
 .debug_aranges
                0x00000000000008a0       0x30 build/ssd1306_interface.o
 .debug_aranges
                0x00000000000008d0       0x28 build/startup_stm32f105xc.o

.debug_ranges   0x0000000000000000      0xa08
 .debug_ranges  0x0000000000000000       0x40 build/main.o
 .debug_ranges  0x0000000000000040       0x30 build/button.o
 .debug_ranges  0x0000000000000070       0x10 build/calc_value.o
 .debug_ranges  0x0000000000000080       0xa0 build/drive.o
 .debug_ranges  0x0000000000000120       0x10 build/gpio.o
 .debug_ranges  0x0000000000000130       0x28 build/dma.o
 .debug_ranges  0x0000000000000158       0x28 build/encoder.o
 .debug_ranges  0x0000000000000180       0x38 build/i2c.o
 .debug_ranges  0x00000000000001b8       0x48 build/spi.o
 .debug_ranges  0x0000000000000200      0x100 build/tim.o
 .debug_ranges  0x0000000000000300       0x18 build/usart.o
 .debug_ranges  0x0000000000000318       0x68 build/stm32f1xx_it.o
 .debug_ranges  0x0000000000000380       0x98 build/stm32f1xx_ll_gpio.o
 .debug_ranges  0x0000000000000418       0x68 build/stm32f1xx_ll_i2c.o
 .debug_ranges  0x0000000000000480       0x68 build/stm32f1xx_ll_rcc.o
 .debug_ranges  0x00000000000004e8       0x68 build/stm32f1xx_ll_utils.o
 .debug_ranges  0x0000000000000550       0x50 build/stm32f1xx_ll_exti.o
 .debug_ranges  0x00000000000005a0       0x58 build/stm32f1xx_ll_spi.o
 .debug_ranges  0x00000000000005f8      0x158 build/stm32f1xx_ll_tim.o
 .debug_ranges  0x0000000000000750       0xd8 build/stm32f1xx_ll_usart.o
 .debug_ranges  0x0000000000000828       0x18 build/system_stm32f1xx.o
 .debug_ranges  0x0000000000000840       0x10 build/sysmem.o
 .debug_ranges  0x0000000000000850       0x10 build/fonts.o
 .debug_ranges  0x0000000000000860       0x48 build/menu.o
 .debug_ranges  0x00000000000008a8      0x120 build/ssd1306.o
 .debug_ranges  0x00000000000009c8       0x20 build/ssd1306_interface.o
 .debug_ranges  0x00000000000009e8       0x20 build/startup_stm32f105xc.o

.debug_line     0x0000000000000000     0x9fe2
 .debug_line    0x0000000000000000      0x5db build/main.o
 .debug_line    0x00000000000005db      0x6e4 build/button.o
 .debug_line    0x0000000000000cbf      0x19a build/calc_value.o
 .debug_line    0x0000000000000e59      0x8d7 build/drive.o
 .debug_line    0x0000000000001730      0x5d6 build/gpio.o
 .debug_line    0x0000000000001d06      0x285 build/dma.o
 .debug_line    0x0000000000001f8b      0x4d6 build/encoder.o
 .debug_line    0x0000000000002461      0xa99 build/i2c.o
 .debug_line    0x0000000000002efa      0x639 build/spi.o
 .debug_line    0x0000000000003533     0x1291 build/tim.o
 .debug_line    0x00000000000047c4      0x36b build/usart.o
 .debug_line    0x0000000000004b2f      0x3fe build/stm32f1xx_it.o
 .debug_line    0x0000000000004f2d      0x59f build/stm32f1xx_ll_gpio.o
 .debug_line    0x00000000000054cc      0x3b7 build/stm32f1xx_ll_i2c.o
 .debug_line    0x0000000000005883      0x6df build/stm32f1xx_ll_rcc.o
 .debug_line    0x0000000000005f62      0x8f8 build/stm32f1xx_ll_utils.o
 .debug_line    0x000000000000685a      0x3cd build/stm32f1xx_ll_exti.o
 .debug_line    0x0000000000006c27      0x539 build/stm32f1xx_ll_spi.o
 .debug_line    0x0000000000007160      0xb8f build/stm32f1xx_ll_tim.o
 .debug_line    0x0000000000007cef      0x5a0 build/stm32f1xx_ll_usart.o
 .debug_line    0x000000000000828f      0x28a build/system_stm32f1xx.o
 .debug_line    0x0000000000008519      0x1ef build/sysmem.o
 .debug_line    0x0000000000008708      0x1fd build/fonts.o
 .debug_line    0x0000000000008905      0x59f build/menu.o
 .debug_line    0x0000000000008ea4      0xe76 build/ssd1306.o
 .debug_line    0x0000000000009d1a      0x254 build/ssd1306_interface.o
 .debug_line    0x0000000000009f6e       0x74 build/startup_stm32f105xc.o

.debug_str      0x0000000000000000     0x3967
 .debug_str     0x0000000000000000      0xbde build/main.o
                                        0xc63 (size before relaxing)
 .debug_str     0x0000000000000bde      0x223 build/button.o
                                        0x4cb (size before relaxing)
 .debug_str     0x0000000000000e01       0x3f build/calc_value.o
                                        0x2dd (size before relaxing)
 .debug_str     0x0000000000000e40      0x367 build/drive.o
                                        0x794 (size before relaxing)
 .debug_str     0x00000000000011a7      0x117 build/gpio.o
                                        0x90a (size before relaxing)
 .debug_str     0x00000000000012be       0x28 build/dma.o
                                        0x78c (size before relaxing)
 .debug_str     0x00000000000012e6       0xd8 build/encoder.o
                                        0x403 (size before relaxing)
 .debug_str     0x00000000000013be      0x2a4 build/i2c.o
                                        0x69a (size before relaxing)
 .debug_str     0x0000000000001662      0x3dc build/spi.o
                                        0x7f6 (size before relaxing)
 .debug_str     0x0000000000001a3e      0x639 build/tim.o
                                       0x10d3 (size before relaxing)
 .debug_str     0x0000000000002077      0x10f build/usart.o
                                        0x43f (size before relaxing)
 .debug_str     0x0000000000002186      0x16e build/stm32f1xx_it.o
                                        0x46f (size before relaxing)
 .debug_str     0x00000000000022f4       0xea build/stm32f1xx_ll_gpio.o
                                        0x34e (size before relaxing)
 .debug_str     0x00000000000023de      0x178 build/stm32f1xx_ll_i2c.o
                                        0x3f2 (size before relaxing)
 .debug_str     0x0000000000002556      0x36d build/stm32f1xx_ll_rcc.o
                                        0x610 (size before relaxing)
 .debug_str     0x00000000000028c3      0x30f build/stm32f1xx_ll_utils.o
                                        0x726 (size before relaxing)
 .debug_str     0x0000000000002bd2      0x133 build/stm32f1xx_ll_exti.o
                                        0x34d (size before relaxing)
 .debug_str     0x0000000000002d05      0x163 build/stm32f1xx_ll_spi.o
                                        0x4de (size before relaxing)
 .debug_str     0x0000000000002e68      0x375 build/stm32f1xx_ll_tim.o
                                        0x845 (size before relaxing)
 .debug_str     0x00000000000031dd      0x15d build/stm32f1xx_ll_usart.o
                                        0x4d1 (size before relaxing)
 .debug_str     0x000000000000333a       0x78 build/system_stm32f1xx.o
                                        0x25b (size before relaxing)
 .debug_str     0x00000000000033b2       0x7a build/sysmem.o
                                        0x1f0 (size before relaxing)
 .debug_str     0x000000000000342c       0xa4 build/fonts.o
                                        0x288 (size before relaxing)
 .debug_str     0x00000000000034d0      0x131 build/menu.o
                                        0x727 (size before relaxing)
 .debug_str     0x0000000000003601      0x304 build/ssd1306.o
                                        0x7eb (size before relaxing)
 .debug_str     0x0000000000003905       0x3e build/ssd1306_interface.o
                                        0x38f (size before relaxing)
 .debug_str     0x0000000000003943       0x24 build/startup_stm32f105xc.o
                                         0x4b (size before relaxing)

.comment        0x0000000000000000       0x49
 .comment       0x0000000000000000       0x49 build/main.o
                                         0x4a (size before relaxing)
 .comment       0x0000000000000049       0x4a build/button.o
 .comment       0x0000000000000049       0x4a build/calc_value.o
 .comment       0x0000000000000049       0x4a build/drive.o
 .comment       0x0000000000000049       0x4a build/gpio.o
 .comment       0x0000000000000049       0x4a build/dma.o
 .comment       0x0000000000000049       0x4a build/encoder.o
 .comment       0x0000000000000049       0x4a build/i2c.o
 .comment       0x0000000000000049       0x4a build/spi.o
 .comment       0x0000000000000049       0x4a build/tim.o
 .comment       0x0000000000000049       0x4a build/usart.o
 .comment       0x0000000000000049       0x4a build/stm32f1xx_it.o
 .comment       0x0000000000000049       0x4a build/stm32f1xx_ll_gpio.o
 .comment       0x0000000000000049       0x4a build/stm32f1xx_ll_i2c.o
 .comment       0x0000000000000049       0x4a build/stm32f1xx_ll_rcc.o
 .comment       0x0000000000000049       0x4a build/stm32f1xx_ll_utils.o
 .comment       0x0000000000000049       0x4a build/stm32f1xx_ll_exti.o
 .comment       0x0000000000000049       0x4a build/stm32f1xx_ll_spi.o
 .comment       0x0000000000000049       0x4a build/stm32f1xx_ll_tim.o
 .comment       0x0000000000000049       0x4a build/stm32f1xx_ll_usart.o
 .comment       0x0000000000000049       0x4a build/system_stm32f1xx.o
 .comment       0x0000000000000049       0x4a build/sysmem.o
 .comment       0x0000000000000049       0x4a build/fonts.o
 .comment       0x0000000000000049       0x4a build/menu.o
 .comment       0x0000000000000049       0x4a build/ssd1306.o
 .comment       0x0000000000000049       0x4a build/ssd1306_interface.o

.debug_frame    0x0000000000000000     0x1960
 .debug_frame   0x0000000000000000       0x60 build/main.o
 .debug_frame   0x0000000000000060       0x70 build/button.o
 .debug_frame   0x00000000000000d0       0x20 build/calc_value.o
 .debug_frame   0x00000000000000f0      0x1bc build/drive.o
 .debug_frame   0x00000000000002ac       0x3c build/gpio.o
 .debug_frame   0x00000000000002e8       0x2c build/dma.o
 .debug_frame   0x0000000000000314       0x60 build/encoder.o
 .debug_frame   0x0000000000000374       0xb8 build/i2c.o
 .debug_frame   0x000000000000042c       0x80 build/spi.o
 .debug_frame   0x00000000000004ac      0x2e0 build/tim.o
 .debug_frame   0x000000000000078c       0x40 build/usart.o
 .debug_frame   0x00000000000007cc       0xe8 build/stm32f1xx_it.o
 .debug_frame   0x00000000000008b4       0x6c build/stm32f1xx_ll_gpio.o
 .debug_frame   0x0000000000000920       0x58 build/stm32f1xx_ll_i2c.o
 .debug_frame   0x0000000000000978      0x104 build/stm32f1xx_ll_rcc.o
 .debug_frame   0x0000000000000a7c      0x120 build/stm32f1xx_ll_utils.o
 .debug_frame   0x0000000000000b9c       0x50 build/stm32f1xx_ll_exti.o
 .debug_frame   0x0000000000000bec       0xb0 build/stm32f1xx_ll_spi.o
 .debug_frame   0x0000000000000c9c      0x1f8 build/stm32f1xx_ll_tim.o
 .debug_frame   0x0000000000000e94       0x7c build/stm32f1xx_ll_usart.o
 .debug_frame   0x0000000000000f10       0x30 build/system_stm32f1xx.o
 .debug_frame   0x0000000000000f40       0x28 build/sysmem.o
 .debug_frame   0x0000000000000f68       0x2c build/fonts.o
 .debug_frame   0x0000000000000f94       0xa8 build/menu.o
 .debug_frame   0x000000000000103c      0x434 build/ssd1306.o
 .debug_frame   0x0000000000001470       0x58 build/ssd1306_interface.o
 .debug_frame   0x00000000000014c8       0x20 /home/arashamf/soft/ARM_toolchains/gcc-arm-none-eabi-10.3-2021.10/bin/../lib/gcc/arm-none-eabi/10.3.1/../../../../arm-none-eabi/lib/thumb/v7-m/nofp/libc_nano.a(lib_a-errno.o)
 .debug_frame   0x00000000000014e8       0x2c /home/arashamf/soft/ARM_toolchains/gcc-arm-none-eabi-10.3-2021.10/bin/../lib/gcc/arm-none-eabi/10.3.1/../../../../arm-none-eabi/lib/thumb/v7-m/nofp/libc_nano.a(lib_a-init.o)
 .debug_frame   0x0000000000001514       0x20 /home/arashamf/soft/ARM_toolchains/gcc-arm-none-eabi-10.3-2021.10/bin/../lib/gcc/arm-none-eabi/10.3.1/../../../../arm-none-eabi/lib/thumb/v7-m/nofp/libc_nano.a(lib_a-memset.o)
 .debug_frame   0x0000000000001534       0x7c /home/arashamf/soft/ARM_toolchains/gcc-arm-none-eabi-10.3-2021.10/bin/../lib/gcc/arm-none-eabi/10.3.1/../../../../arm-none-eabi/lib/thumb/v7-m/nofp/libc_nano.a(lib_a-snprintf.o)
 .debug_frame   0x00000000000015b0       0x90 /home/arashamf/soft/ARM_toolchains/gcc-arm-none-eabi-10.3-2021.10/bin/../lib/gcc/arm-none-eabi/10.3.1/../../../../arm-none-eabi/lib/thumb/v7-m/nofp/libc_nano.a(lib_a-nano-svfprintf.o)
 .debug_frame   0x0000000000001640       0x60 /home/arashamf/soft/ARM_toolchains/gcc-arm-none-eabi-10.3-2021.10/bin/../lib/gcc/arm-none-eabi/10.3.1/../../../../arm-none-eabi/lib/thumb/v7-m/nofp/libc_nano.a(lib_a-nano-vfprintf_i.o)
 .debug_frame   0x00000000000016a0       0x28 /home/arashamf/soft/ARM_toolchains/gcc-arm-none-eabi-10.3-2021.10/bin/../lib/gcc/arm-none-eabi/10.3.1/../../../../arm-none-eabi/lib/thumb/v7-m/nofp/libc_nano.a(lib_a-memchr-stub.o)
 .debug_frame   0x00000000000016c8       0x28 /home/arashamf/soft/ARM_toolchains/gcc-arm-none-eabi-10.3-2021.10/bin/../lib/gcc/arm-none-eabi/10.3.1/../../../../arm-none-eabi/lib/thumb/v7-m/nofp/libc_nano.a(lib_a-memcpy-stub.o)
 .debug_frame   0x00000000000016f0       0x28 /home/arashamf/soft/ARM_toolchains/gcc-arm-none-eabi-10.3-2021.10/bin/../lib/gcc/arm-none-eabi/10.3.1/../../../../arm-none-eabi/lib/thumb/v7-m/nofp/libc_nano.a(lib_a-memmove.o)
 .debug_frame   0x0000000000001718       0x38 /home/arashamf/soft/ARM_toolchains/gcc-arm-none-eabi-10.3-2021.10/bin/../lib/gcc/arm-none-eabi/10.3.1/../../../../arm-none-eabi/lib/thumb/v7-m/nofp/libc_nano.a(lib_a-nano-freer.o)
 .debug_frame   0x0000000000001750       0x4c /home/arashamf/soft/ARM_toolchains/gcc-arm-none-eabi-10.3-2021.10/bin/../lib/gcc/arm-none-eabi/10.3.1/../../../../arm-none-eabi/lib/thumb/v7-m/nofp/libc_nano.a(lib_a-nano-mallocr.o)
 .debug_frame   0x000000000000179c       0x3c /home/arashamf/soft/ARM_toolchains/gcc-arm-none-eabi-10.3-2021.10/bin/../lib/gcc/arm-none-eabi/10.3.1/../../../../arm-none-eabi/lib/thumb/v7-m/nofp/libc_nano.a(lib_a-nano-reallocr.o)
 .debug_frame   0x00000000000017d8       0x2c /home/arashamf/soft/ARM_toolchains/gcc-arm-none-eabi-10.3-2021.10/bin/../lib/gcc/arm-none-eabi/10.3.1/../../../../arm-none-eabi/lib/thumb/v7-m/nofp/libc_nano.a(lib_a-sbrkr.o)
 .debug_frame   0x0000000000001804       0x30 /home/arashamf/soft/ARM_toolchains/gcc-arm-none-eabi-10.3-2021.10/bin/../lib/gcc/arm-none-eabi/10.3.1/../../../../arm-none-eabi/lib/thumb/v7-m/nofp/libc_nano.a(lib_a-mlock.o)
 .debug_frame   0x0000000000001834       0x20 /home/arashamf/soft/ARM_toolchains/gcc-arm-none-eabi-10.3-2021.10/bin/../lib/gcc/arm-none-eabi/10.3.1/../../../../arm-none-eabi/lib/thumb/v7-m/nofp/libc_nano.a(lib_a-nano-msizer.o)
 .debug_frame   0x0000000000001854       0x5c /home/arashamf/soft/ARM_toolchains/gcc-arm-none-eabi-10.3-2021.10/bin/../lib/gcc/arm-none-eabi/10.3.1/../../../../arm-none-eabi/lib/thumb/v7-m/nofp/libc_nano.a(lib_a-reent.o)
 .debug_frame   0x00000000000018b0       0xb0 /home/arashamf/soft/ARM_toolchains/gcc-arm-none-eabi-10.3-2021.10/bin/../lib/gcc/arm-none-eabi/10.3.1/../../../../arm-none-eabi/lib/thumb/v7-m/nofp/libc_nano.a(lib_a-lock.o)

Cross Reference Table

Symbol                                            File
ADC1_2_IRQHandler                                 build/startup_stm32f105xc.o
AHBPrescTable                                     build/system_stm32f1xx.o
                                                  build/stm32f1xx_ll_utils.o
                                                  build/stm32f1xx_ll_rcc.o
APBPrescTable                                     build/system_stm32f1xx.o
                                                  build/stm32f1xx_ll_rcc.o
BusFault_Handler                                  build/stm32f1xx_it.o
ButtonBounceCallback                              build/button.o
                                                  build/tim.o
CAN1_RX0_IRQHandler                               build/startup_stm32f105xc.o
CAN1_RX1_IRQHandler                               build/startup_stm32f105xc.o
CAN1_SCE_IRQHandler                               build/startup_stm32f105xc.o
CAN1_TX_IRQHandler                                build/startup_stm32f105xc.o
CAN2_RX0_IRQHandler                               build/startup_stm32f105xc.o
CAN2_RX1_IRQHandler                               build/startup_stm32f105xc.o
CAN2_SCE_IRQHandler                               build/startup_stm32f105xc.o
CAN2_TX_IRQHandler                                build/startup_stm32f105xc.o
Counter_PWM_Drive1_Callback                       build/drive.o
                                                  build/tim.o
Counter_PWM_Drive2_Callback                       build/drive.o
                                                  build/tim.o
DBG_PutString                                     build/usart.o
DMA1_Channel1_IRQHandler                          build/startup_stm32f105xc.o
DMA1_Channel2_IRQHandler                          build/startup_stm32f105xc.o
DMA1_Channel3_IRQHandler                          build/startup_stm32f105xc.o
DMA1_Channel4_IRQHandler                          build/startup_stm32f105xc.o
DMA1_Channel5_Callback                            build/spi.o
                                                  build/stm32f1xx_it.o
DMA1_Channel5_IRQHandler                          build/stm32f1xx_it.o
DMA1_Channel6_IRQHandler                          build/startup_stm32f105xc.o
DMA1_Channel7_IRQHandler                          build/startup_stm32f105xc.o
DMA2_Channel1_IRQHandler                          build/startup_stm32f105xc.o
DMA2_Channel2_IRQHandler                          build/startup_stm32f105xc.o
DMA2_Channel3_IRQHandler                          build/startup_stm32f105xc.o
DMA2_Channel4_IRQHandler                          build/startup_stm32f105xc.o
DMA2_Channel5_IRQHandler                          build/startup_stm32f105xc.o
DebugMon_Handler                                  build/stm32f1xx_it.o
Default_Handler                                   build/startup_stm32f105xc.o
Drive1_PWM_repeat                                 build/tim.o
Drive1_PWM_start                                  build/tim.o
                                                  build/drive.o
Drive1_PWM_stop                                   build/tim.o
                                                  build/drive.o
Drive2_PWM_repeat                                 build/tim.o
Drive2_PWM_start                                  build/tim.o
                                                  build/drive.o
Drive2_PWM_stop                                   build/tim.o
                                                  build/drive.o
Drives_PWM                                        build/drive.o
Drives_PWM_start                                  build/tim.o
                                                  build/drive.o
EEPROM_RX_Buf                                     build/eeprom.o
EEPROM_TX_Buf                                     build/eeprom.o
EXTI0_IRQHandler                                  build/startup_stm32f105xc.o
EXTI15_10_IRQHandler                              build/stm32f1xx_it.o
EXTI1_IRQHandler                                  build/startup_stm32f105xc.o
EXTI2_IRQHandler                                  build/stm32f1xx_it.o
EXTI3_IRQHandler                                  build/startup_stm32f105xc.o
EXTI4_IRQHandler                                  build/startup_stm32f105xc.o
EXTI9_5_IRQHandler                                build/startup_stm32f105xc.o
EncoderDelayCallback                              build/encoder.o
                                                  build/tim.o
Error_Handler                                     build/main.o
FLASH_IRQHandler                                  build/startup_stm32f105xc.o
FONTS_GetStringSize                               build/fonts.o
Font11x17                                         build/fonts.o
Font16x26                                         build/fonts.o
Font7x10                                          build/fonts.o
Font_11x17                                        build/fonts.o
                                                  build/ssd1306.o
Font_16x26                                        build/fonts.o
                                                  build/ssd1306.o
Font_7x10                                         build/fonts.o
                                                  build/ssd1306.o
GetCoilData                                       build/eeprom.o
HardFault_Handler                                 build/stm32f1xx_it.o
HardStop_Drives                                   build/drive.o
                                                  build/menu.o
I2C1_ER_IRQHandler                                build/startup_stm32f105xc.o
I2C1_EV_IRQHandler                                build/startup_stm32f105xc.o
I2C2_ER_IRQHandler                                build/startup_stm32f105xc.o
I2C2_EV_IRQHandler                                build/startup_stm32f105xc.o
I2C_ReadBuffer                                    build/i2c.o
                                                  build/eeprom.o
I2C_ReadByte                                      build/i2c.o
I2C_WriteBuffer                                   build/i2c.o
                                                  build/eeprom.o
I2C_WriteByte                                     build/i2c.o
                                                  build/eeprom.o
IWDG_Init                                         build/iwdg.o
IWDG_Reset                                        build/iwdg.o
LCD_buff                                          build/ssd1306.o
LL_DMA_DeInit                                     build/stm32f1xx_ll_dma.o
LL_DMA_Init                                       build/stm32f1xx_ll_dma.o
LL_DMA_StructInit                                 build/stm32f1xx_ll_dma.o
LL_EXTI_DeInit                                    build/stm32f1xx_ll_exti.o
LL_EXTI_Init                                      build/stm32f1xx_ll_exti.o
                                                  build/gpio.o
LL_EXTI_StructInit                                build/stm32f1xx_ll_exti.o
LL_GPIO_DeInit                                    build/stm32f1xx_ll_gpio.o
LL_GPIO_Init                                      build/stm32f1xx_ll_gpio.o
                                                  build/usart.o
                                                  build/tim.o
                                                  build/spi.o
                                                  build/i2c.o
                                                  build/gpio.o
LL_GPIO_StructInit                                build/stm32f1xx_ll_gpio.o
LL_I2C_DeInit                                     build/stm32f1xx_ll_i2c.o
LL_I2C_Init                                       build/stm32f1xx_ll_i2c.o
                                                  build/i2c.o
LL_I2C_StructInit                                 build/stm32f1xx_ll_i2c.o
LL_I2S_ConfigPrescaler                            build/stm32f1xx_ll_spi.o
LL_I2S_DeInit                                     build/stm32f1xx_ll_spi.o
LL_I2S_Init                                       build/stm32f1xx_ll_spi.o
LL_I2S_StructInit                                 build/stm32f1xx_ll_spi.o
LL_Init1msTick                                    build/stm32f1xx_ll_utils.o
                                                  build/main.o
LL_PLL_ConfigSystemClock_HSE                      build/stm32f1xx_ll_utils.o
LL_PLL_ConfigSystemClock_HSI                      build/stm32f1xx_ll_utils.o
LL_PLL_ConfigSystemClock_PLL2                     build/stm32f1xx_ll_utils.o
LL_PWR_DeInit                                     build/stm32f1xx_ll_pwr.o
LL_RCC_DeInit                                     build/stm32f1xx_ll_rcc.o
LL_RCC_GetADCClockFreq                            build/stm32f1xx_ll_rcc.o
LL_RCC_GetI2SClockFreq                            build/stm32f1xx_ll_rcc.o
LL_RCC_GetSystemClocksFreq                        build/stm32f1xx_ll_rcc.o
                                                  build/stm32f1xx_ll_usart.o
                                                  build/stm32f1xx_ll_spi.o
                                                  build/stm32f1xx_ll_i2c.o
LL_RCC_GetUSBClockFreq                            build/stm32f1xx_ll_rcc.o
LL_SPI_DeInit                                     build/stm32f1xx_ll_spi.o
LL_SPI_Init                                       build/stm32f1xx_ll_spi.o
                                                  build/spi.o
LL_SPI_StructInit                                 build/stm32f1xx_ll_spi.o
LL_SetFlashLatency                                build/stm32f1xx_ll_utils.o
LL_SetSystemCoreClock                             build/stm32f1xx_ll_utils.o
                                                  build/main.o
LL_TIM_BDTR_Init                                  build/stm32f1xx_ll_tim.o
                                                  build/tim.o
LL_TIM_BDTR_StructInit                            build/stm32f1xx_ll_tim.o
LL_TIM_DeInit                                     build/stm32f1xx_ll_tim.o
LL_TIM_ENCODER_Init                               build/stm32f1xx_ll_tim.o
LL_TIM_ENCODER_StructInit                         build/stm32f1xx_ll_tim.o
LL_TIM_HALLSENSOR_Init                            build/stm32f1xx_ll_tim.o
LL_TIM_HALLSENSOR_StructInit                      build/stm32f1xx_ll_tim.o
LL_TIM_IC_Init                                    build/stm32f1xx_ll_tim.o
LL_TIM_IC_StructInit                              build/stm32f1xx_ll_tim.o
LL_TIM_Init                                       build/stm32f1xx_ll_tim.o
                                                  build/tim.o
LL_TIM_OC_Init                                    build/stm32f1xx_ll_tim.o
                                                  build/tim.o
LL_TIM_OC_StructInit                              build/stm32f1xx_ll_tim.o
LL_TIM_StructInit                                 build/stm32f1xx_ll_tim.o
LL_USART_ClockInit                                build/stm32f1xx_ll_usart.o
LL_USART_ClockStructInit                          build/stm32f1xx_ll_usart.o
LL_USART_DeInit                                   build/stm32f1xx_ll_usart.o
LL_USART_Init                                     build/stm32f1xx_ll_usart.o
                                                  build/usart.o
LL_USART_StructInit                               build/stm32f1xx_ll_usart.o
LL_mDelay                                         build/stm32f1xx_ll_utils.o
Left_Sensor_Callback                              build/drive.o
                                                  build/stm32f1xx_it.o
MX_DMA_Init                                       build/dma.o
                                                  build/main.o
MX_GPIO_Init                                      build/gpio.o
                                                  build/main.o
MX_I2C1_Init                                      build/i2c.o
                                                  build/main.o
MX_SPI2_Init                                      build/spi.o
                                                  build/main.o
MX_TIM1_Init                                      build/tim.o
                                                  build/main.o
MX_TIM3_Init                                      build/tim.o
                                                  build/main.o
MX_TIM4_Init                                      build/tim.o
                                                  build/main.o
MX_TIM5_Init                                      build/tim.o
                                                  build/main.o
MX_USART3_UART_Init                               build/usart.o
                                                  build/main.o
MemManage_Handler                                 build/stm32f1xx_it.o
NMI_Handler                                       build/stm32f1xx_it.o
OTG_FS_IRQHandler                                 build/startup_stm32f105xc.o
OTG_FS_WKUP_IRQHandler                            build/startup_stm32f105xc.o
PVD_IRQHandler                                    build/startup_stm32f105xc.o
PendSV_Handler                                    build/stm32f1xx_it.o
Pos_Enc1                                          build/main.o
RCC_GetHCLKClockFreq                              build/stm32f1xx_ll_rcc.o
RCC_GetPCLK1ClockFreq                             build/stm32f1xx_ll_rcc.o
RCC_GetPCLK2ClockFreq                             build/stm32f1xx_ll_rcc.o
RCC_GetSystemClockFreq                            build/stm32f1xx_ll_rcc.o
RCC_IRQHandler                                    build/startup_stm32f105xc.o
RCC_PLL2_GetFreqClockFreq                         build/stm32f1xx_ll_rcc.o
RCC_PLLI2S_GetFreqDomain_I2S                      build/stm32f1xx_ll_rcc.o
RCC_PLL_GetFreqDomain_SYS                         build/stm32f1xx_ll_rcc.o
RTC_Alarm_IRQHandler                              build/startup_stm32f105xc.o
RTC_IRQHandler                                    build/startup_stm32f105xc.o
Reset_Handler                                     build/startup_stm32f105xc.o
Right_Sensor_Callback                             build/drive.o
                                                  build/stm32f1xx_it.o
SPI1_IRQHandler                                   build/startup_stm32f105xc.o
SPI2_IRQHandler                                   build/startup_stm32f105xc.o
SPI3_IRQHandler                                   build/startup_stm32f105xc.o
SSD1306_Buffer                                    build/ssd1306.o
                                                  build/spi.o
SSD1306_Clear_Screen                              build/ssd1306.o
SSD1306_DrawCircle                                build/ssd1306.o
SSD1306_DrawFilledCircle                          build/ssd1306.o
SSD1306_DrawFilledRectangle                       build/ssd1306.o
SSD1306_DrawFilledTriangle                        build/ssd1306.o
SSD1306_DrawLine                                  build/ssd1306.o
SSD1306_DrawPixel                                 build/ssd1306.o
SSD1306_DrawRectangle                             build/ssd1306.o
SSD1306_DrawTriangle                              build/ssd1306.o
SSD1306_Fill                                      build/ssd1306.o
SSD1306_GotoXY                                    build/ssd1306.o
SSD1306_PageAdress                                build/ssd1306.o
                                                  build/spi.o
SSD1306_PutChar                                   build/ssd1306.o
SSD1306_PutString                                 build/ssd1306.o
SSD1306_Putc                                      build/ssd1306.o
SSD1306_Puts                                      build/ssd1306.o
SSD1306_ToggleInvert                              build/ssd1306.o
SSD1306_UpdateScreen                              build/ssd1306.o
SVC_Handler                                       build/stm32f1xx_it.o
SaveByte_In_EEPROM                                build/eeprom.o
SaveCoilData                                      build/eeprom.o
SoftStop_Drives                                   build/drive.o
                                                  build/menu.o
Stop_Count_Timers                                 build/tim.o
                                                  build/menu.o
                                                  build/drive.o
SysTick_Callback                                  build/tim.o
SysTick_Handler                                   build/stm32f1xx_it.o
SystemClock_Config                                build/main.o